<?xml version="1.0" encoding="ISO-8859-1" ?>
<link_info>
   <banner>TI ARM Linker PC v20.2.6.LTS</banner>
   <copyright>Copyright (c) 1996-2018 Texas Instruments Incorporated</copyright>
   <link_time>0x6383eab0</link_time>
   <link_errors>0x0</link_errors>
   <output_file>13-ice-Semaphores.out</output_file>
   <entry_point>
      <name>_c_int00_noargs</name>
      <address>0x7fd9</address>
   </entry_point>
   <input_file_list>
      <input_file id="fl-2">
         <path>.\</path>
         <kind>object</kind>
         <file>main.obj</file>
         <name>main.obj</name>
      </input_file>
      <input_file id="fl-3">
         <path>.\</path>
         <kind>object</kind>
         <file>startup_msp432p401r_ccs.obj</file>
         <name>startup_msp432p401r_ccs.obj</name>
      </input_file>
      <input_file id="fl-4">
         <path>.\</path>
         <kind>object</kind>
         <file>system_msp432p401r.obj</file>
         <name>system_msp432p401r.obj</name>
      </input_file>
      <input_file id="fl-5">
         <path>.\</path>
         <kind>object</kind>
         <file>task_launchpad_rgb.obj</file>
         <name>task_launchpad_rgb.obj</name>
      </input_file>
      <input_file id="fl-6">
         <path>.\</path>
         <kind>object</kind>
         <file>task_mkII_rgb.obj</file>
         <name>task_mkII_rgb.obj</name>
      </input_file>
      <input_file id="fl-7">
         <path>.\</path>
         <kind>object</kind>
         <file>task_mkII_s1.obj</file>
         <name>task_mkII_s1.obj</name>
      </input_file>
      <input_file id="fl-8">
         <path>.\</path>
         <kind>object</kind>
         <file>task_mkII_s2.obj</file>
         <name>task_mkII_s2.obj</name>
      </input_file>
      <input_file id="fl-9">
         <path>.\FreeRTOS\</path>
         <kind>object</kind>
         <file>croutine.obj</file>
         <name>croutine.obj</name>
      </input_file>
      <input_file id="fl-a">
         <path>.\FreeRTOS\</path>
         <kind>object</kind>
         <file>event_groups.obj</file>
         <name>event_groups.obj</name>
      </input_file>
      <input_file id="fl-b">
         <path>.\FreeRTOS\</path>
         <kind>object</kind>
         <file>heap_4.obj</file>
         <name>heap_4.obj</name>
      </input_file>
      <input_file id="fl-c">
         <path>.\FreeRTOS\</path>
         <kind>object</kind>
         <file>list.obj</file>
         <name>list.obj</name>
      </input_file>
      <input_file id="fl-d">
         <path>.\FreeRTOS\</path>
         <kind>object</kind>
         <file>queue.obj</file>
         <name>queue.obj</name>
      </input_file>
      <input_file id="fl-e">
         <path>.\FreeRTOS\</path>
         <kind>object</kind>
         <file>stream_buffer.obj</file>
         <name>stream_buffer.obj</name>
      </input_file>
      <input_file id="fl-f">
         <path>.\FreeRTOS\</path>
         <kind>object</kind>
         <file>tasks.obj</file>
         <name>tasks.obj</name>
      </input_file>
      <input_file id="fl-10">
         <path>.\FreeRTOS\</path>
         <kind>object</kind>
         <file>timers.obj</file>
         <name>timers.obj</name>
      </input_file>
      <input_file id="fl-11">
         <path>.\FreeRTOS\portable\</path>
         <kind>object</kind>
         <file>port.obj</file>
         <name>port.obj</name>
      </input_file>
      <input_file id="fl-12">
         <path>.\FreeRTOS\portable\</path>
         <kind>object</kind>
         <file>portasm.obj</file>
         <name>portasm.obj</name>
      </input_file>
      <input_file id="fl-17">
         <kind>object</kind>
         <file>&lt;internal&gt;</file>
         <name>&lt;internal&gt;</name>
      </input_file>
      <input_file id="fl-18">
         <path>..\</path>
         <kind>archive</kind>
         <file>ece353_staff.lib</file>
         <name>ece353_staff.obj</name>
      </input_file>
      <input_file id="fl-ce">
         <path>C:\ti\ccs1200\ccs\tools\compiler\ti-cgt-arm_20.2.6.LTS\lib\</path>
         <kind>archive</kind>
         <file>rtsv7M4_T_le_v4SPD16_eabi.lib</file>
         <name>printf.c.obj</name>
      </input_file>
      <input_file id="fl-cf">
         <path>C:\ti\ccs1200\ccs\tools\compiler\ti-cgt-arm_20.2.6.LTS\lib\</path>
         <kind>archive</kind>
         <file>rtsv7M4_T_le_v4SPD16_eabi.lib</file>
         <name>_printfi.c.obj</name>
      </input_file>
      <input_file id="fl-d0">
         <path>C:\ti\ccs1200\ccs\tools\compiler\ti-cgt-arm_20.2.6.LTS\lib\</path>
         <kind>archive</kind>
         <file>rtsv7M4_T_le_v4SPD16_eabi.lib</file>
         <name>fputs.c.obj</name>
      </input_file>
      <input_file id="fl-d1">
         <path>C:\ti\ccs1200\ccs\tools\compiler\ti-cgt-arm_20.2.6.LTS\lib\</path>
         <kind>archive</kind>
         <file>rtsv7M4_T_le_v4SPD16_eabi.lib</file>
         <name>_io_perm.c.obj</name>
      </input_file>
      <input_file id="fl-d2">
         <path>C:\ti\ccs1200\ccs\tools\compiler\ti-cgt-arm_20.2.6.LTS\lib\</path>
         <kind>archive</kind>
         <file>rtsv7M4_T_le_v4SPD16_eabi.lib</file>
         <name>setvbuf.c.obj</name>
      </input_file>
      <input_file id="fl-d3">
         <path>C:\ti\ccs1200\ccs\tools\compiler\ti-cgt-arm_20.2.6.LTS\lib\</path>
         <kind>archive</kind>
         <file>rtsv7M4_T_le_v4SPD16_eabi.lib</file>
         <name>fd_add_t2.asm.obj</name>
      </input_file>
      <input_file id="fl-d4">
         <path>C:\ti\ccs1200\ccs\tools\compiler\ti-cgt-arm_20.2.6.LTS\lib\</path>
         <kind>archive</kind>
         <file>rtsv7M4_T_le_v4SPD16_eabi.lib</file>
         <name>fd_cmp_t2.asm.obj</name>
      </input_file>
      <input_file id="fl-d5">
         <path>C:\ti\ccs1200\ccs\tools\compiler\ti-cgt-arm_20.2.6.LTS\lib\</path>
         <kind>archive</kind>
         <file>rtsv7M4_T_le_v4SPD16_eabi.lib</file>
         <name>fd_div_t2.asm.obj</name>
      </input_file>
      <input_file id="fl-d6">
         <path>C:\ti\ccs1200\ccs\tools\compiler\ti-cgt-arm_20.2.6.LTS\lib\</path>
         <kind>archive</kind>
         <file>rtsv7M4_T_le_v4SPD16_eabi.lib</file>
         <name>fd_mul_t2.asm.obj</name>
      </input_file>
      <input_file id="fl-d7">
         <path>C:\ti\ccs1200\ccs\tools\compiler\ti-cgt-arm_20.2.6.LTS\lib\</path>
         <kind>archive</kind>
         <file>rtsv7M4_T_le_v4SPD16_eabi.lib</file>
         <name>fd_toi_t2.asm.obj</name>
      </input_file>
      <input_file id="fl-d8">
         <path>C:\ti\ccs1200\ccs\tools\compiler\ti-cgt-arm_20.2.6.LTS\lib\</path>
         <kind>archive</kind>
         <file>rtsv7M4_T_le_v4SPD16_eabi.lib</file>
         <name>i_tofd_t2.asm.obj</name>
      </input_file>
      <input_file id="fl-d9">
         <path>C:\ti\ccs1200\ccs\tools\compiler\ti-cgt-arm_20.2.6.LTS\lib\</path>
         <kind>archive</kind>
         <file>rtsv7M4_T_le_v4SPD16_eabi.lib</file>
         <name>memcpy_t2.asm.obj</name>
      </input_file>
      <input_file id="fl-da">
         <path>C:\ti\ccs1200\ccs\tools\compiler\ti-cgt-arm_20.2.6.LTS\lib\</path>
         <kind>archive</kind>
         <file>rtsv7M4_T_le_v4SPD16_eabi.lib</file>
         <name>memset_t2.asm.obj</name>
      </input_file>
      <input_file id="fl-db">
         <path>C:\ti\ccs1200\ccs\tools\compiler\ti-cgt-arm_20.2.6.LTS\lib\</path>
         <kind>archive</kind>
         <file>rtsv7M4_T_le_v4SPD16_eabi.lib</file>
         <name>ull_div_t2.asm.obj</name>
      </input_file>
      <input_file id="fl-dc">
         <path>C:\ti\ccs1200\ccs\tools\compiler\ti-cgt-arm_20.2.6.LTS\lib\</path>
         <kind>archive</kind>
         <file>rtsv7M4_T_le_v4SPD16_eabi.lib</file>
         <name>copy_zero_init.c.obj</name>
      </input_file>
      <input_file id="fl-dd">
         <path>C:\ti\ccs1200\ccs\tools\compiler\ti-cgt-arm_20.2.6.LTS\lib\</path>
         <kind>archive</kind>
         <file>rtsv7M4_T_le_v4SPD16_eabi.lib</file>
         <name>copy_decompress_none.c.obj</name>
      </input_file>
      <input_file id="fl-de">
         <path>C:\ti\ccs1200\ccs\tools\compiler\ti-cgt-arm_20.2.6.LTS\lib\</path>
         <kind>archive</kind>
         <file>rtsv7M4_T_le_v4SPD16_eabi.lib</file>
         <name>copy_decompress_lzss.c.obj</name>
      </input_file>
      <input_file id="fl-df">
         <path>C:\ti\ccs1200\ccs\tools\compiler\ti-cgt-arm_20.2.6.LTS\lib\</path>
         <kind>archive</kind>
         <file>rtsv7M4_T_le_v4SPD16_eabi.lib</file>
         <name>exit.c.obj</name>
      </input_file>
      <input_file id="fl-e0">
         <path>C:\ti\ccs1200\ccs\tools\compiler\ti-cgt-arm_20.2.6.LTS\lib\</path>
         <kind>archive</kind>
         <file>rtsv7M4_T_le_v4SPD16_eabi.lib</file>
         <name>_lock.c.obj</name>
      </input_file>
      <input_file id="fl-e1">
         <path>C:\ti\ccs1200\ccs\tools\compiler\ti-cgt-arm_20.2.6.LTS\lib\</path>
         <kind>archive</kind>
         <file>rtsv7M4_T_le_v4SPD16_eabi.lib</file>
         <name>_ltoa.c.obj</name>
      </input_file>
      <input_file id="fl-e2">
         <path>C:\ti\ccs1200\ccs\tools\compiler\ti-cgt-arm_20.2.6.LTS\lib\</path>
         <kind>archive</kind>
         <file>rtsv7M4_T_le_v4SPD16_eabi.lib</file>
         <name>atoi.c.obj</name>
      </input_file>
      <input_file id="fl-e3">
         <path>C:\ti\ccs1200\ccs\tools\compiler\ti-cgt-arm_20.2.6.LTS\lib\</path>
         <kind>archive</kind>
         <file>rtsv7M4_T_le_v4SPD16_eabi.lib</file>
         <name>ctype.c.obj</name>
      </input_file>
      <input_file id="fl-e4">
         <path>C:\ti\ccs1200\ccs\tools\compiler\ti-cgt-arm_20.2.6.LTS\lib\</path>
         <kind>archive</kind>
         <file>rtsv7M4_T_le_v4SPD16_eabi.lib</file>
         <name>defs.c.obj</name>
      </input_file>
      <input_file id="fl-e5">
         <path>C:\ti\ccs1200\ccs\tools\compiler\ti-cgt-arm_20.2.6.LTS\lib\</path>
         <kind>archive</kind>
         <file>rtsv7M4_T_le_v4SPD16_eabi.lib</file>
         <name>memccpy.c.obj</name>
      </input_file>
      <input_file id="fl-e6">
         <path>C:\ti\ccs1200\ccs\tools\compiler\ti-cgt-arm_20.2.6.LTS\lib\</path>
         <kind>archive</kind>
         <file>rtsv7M4_T_le_v4SPD16_eabi.lib</file>
         <name>memchr.c.obj</name>
      </input_file>
      <input_file id="fl-e7">
         <path>C:\ti\ccs1200\ccs\tools\compiler\ti-cgt-arm_20.2.6.LTS\lib\</path>
         <kind>archive</kind>
         <file>rtsv7M4_T_le_v4SPD16_eabi.lib</file>
         <name>memory.c.obj</name>
      </input_file>
      <input_file id="fl-e8">
         <path>C:\ti\ccs1200\ccs\tools\compiler\ti-cgt-arm_20.2.6.LTS\lib\</path>
         <kind>archive</kind>
         <file>rtsv7M4_T_le_v4SPD16_eabi.lib</file>
         <name>strchr.c.obj</name>
      </input_file>
      <input_file id="fl-e9">
         <path>C:\ti\ccs1200\ccs\tools\compiler\ti-cgt-arm_20.2.6.LTS\lib\</path>
         <kind>archive</kind>
         <file>rtsv7M4_T_le_v4SPD16_eabi.lib</file>
         <name>strlen.c.obj</name>
      </input_file>
      <input_file id="fl-ea">
         <path>C:\ti\ccs1200\ccs\tools\compiler\ti-cgt-arm_20.2.6.LTS\lib\</path>
         <kind>archive</kind>
         <file>rtsv7M4_T_le_v4SPD16_eabi.lib</file>
         <name>write.c.obj</name>
      </input_file>
      <input_file id="fl-eb">
         <path>C:\ti\ccs1200\ccs\tools\compiler\ti-cgt-arm_20.2.6.LTS\lib\</path>
         <kind>archive</kind>
         <file>rtsv7M4_T_le_v4SPD16_eabi.lib</file>
         <name>host_device.c.obj</name>
      </input_file>
      <input_file id="fl-ec">
         <path>C:\ti\ccs1200\ccs\tools\compiler\ti-cgt-arm_20.2.6.LTS\lib\</path>
         <kind>archive</kind>
         <file>rtsv7M4_T_le_v4SPD16_eabi.lib</file>
         <name>errno.c.obj</name>
      </input_file>
      <input_file id="fl-ed">
         <path>C:\ti\ccs1200\ccs\tools\compiler\ti-cgt-arm_20.2.6.LTS\lib\</path>
         <kind>archive</kind>
         <file>rtsv7M4_T_le_v4SPD16_eabi.lib</file>
         <name>boot_cortex_m.c.obj</name>
      </input_file>
      <input_file id="fl-ee">
         <path>C:\ti\ccs1200\ccs\tools\compiler\ti-cgt-arm_20.2.6.LTS\lib\</path>
         <kind>archive</kind>
         <file>rtsv7M4_T_le_v4SPD16_eabi.lib</file>
         <name>s_frexp.c.obj</name>
      </input_file>
      <input_file id="fl-ef">
         <path>C:\ti\ccs1200\ccs\tools\compiler\ti-cgt-arm_20.2.6.LTS\lib\</path>
         <kind>archive</kind>
         <file>rtsv7M4_T_le_v4SPD16_eabi.lib</file>
         <name>s_scalbn.c.obj</name>
      </input_file>
      <input_file id="fl-f0">
         <path>C:\ti\ccs1200\ccs\tools\compiler\ti-cgt-arm_20.2.6.LTS\lib\</path>
         <kind>archive</kind>
         <file>rtsv7M4_T_le_v4SPD16_eabi.lib</file>
         <name>s_copysign.c.obj</name>
      </input_file>
      <input_file id="fl-f1">
         <path>C:\ti\ccs1200\ccs\tools\compiler\ti-cgt-arm_20.2.6.LTS\lib\</path>
         <kind>archive</kind>
         <file>rtsv7M4_T_le_v4SPD16_eabi.lib</file>
         <name>wcslen.c.obj</name>
      </input_file>
      <input_file id="fl-f2">
         <path>C:\ti\ccs1200\ccs\tools\compiler\ti-cgt-arm_20.2.6.LTS\lib\</path>
         <kind>archive</kind>
         <file>rtsv7M4_T_le_v4SPD16_eabi.lib</file>
         <name>fflush.c.obj</name>
      </input_file>
      <input_file id="fl-f3">
         <path>C:\ti\ccs1200\ccs\tools\compiler\ti-cgt-arm_20.2.6.LTS\lib\</path>
         <kind>archive</kind>
         <file>rtsv7M4_T_le_v4SPD16_eabi.lib</file>
         <name>fopen.c.obj</name>
      </input_file>
      <input_file id="fl-f4">
         <path>C:\ti\ccs1200\ccs\tools\compiler\ti-cgt-arm_20.2.6.LTS\lib\</path>
         <kind>archive</kind>
         <file>rtsv7M4_T_le_v4SPD16_eabi.lib</file>
         <name>fseek.c.obj</name>
      </input_file>
      <input_file id="fl-f5">
         <path>C:\ti\ccs1200\ccs\tools\compiler\ti-cgt-arm_20.2.6.LTS\lib\</path>
         <kind>archive</kind>
         <file>rtsv7M4_T_le_v4SPD16_eabi.lib</file>
         <name>div0.asm.obj</name>
      </input_file>
      <input_file id="fl-f6">
         <path>C:\ti\ccs1200\ccs\tools\compiler\ti-cgt-arm_20.2.6.LTS\lib\</path>
         <kind>archive</kind>
         <file>rtsv7M4_T_le_v4SPD16_eabi.lib</file>
         <name>autoinit.c.obj</name>
      </input_file>
      <input_file id="fl-f7">
         <path>C:\ti\ccs1200\ccs\tools\compiler\ti-cgt-arm_20.2.6.LTS\lib\</path>
         <kind>archive</kind>
         <file>rtsv7M4_T_le_v4SPD16_eabi.lib</file>
         <name>pre_init.c.obj</name>
      </input_file>
      <input_file id="fl-f8">
         <path>C:\ti\ccs1200\ccs\tools\compiler\ti-cgt-arm_20.2.6.LTS\lib\</path>
         <kind>archive</kind>
         <file>rtsv7M4_T_le_v4SPD16_eabi.lib</file>
         <name>cpy_tbl.c.obj</name>
      </input_file>
      <input_file id="fl-f9">
         <path>C:\ti\ccs1200\ccs\tools\compiler\ti-cgt-arm_20.2.6.LTS\lib\</path>
         <kind>archive</kind>
         <file>rtsv7M4_T_le_v4SPD16_eabi.lib</file>
         <name>args_main.c.obj</name>
      </input_file>
      <input_file id="fl-fa">
         <path>C:\ti\ccs1200\ccs\tools\compiler\ti-cgt-arm_20.2.6.LTS\lib\</path>
         <kind>archive</kind>
         <file>rtsv7M4_T_le_v4SPD16_eabi.lib</file>
         <name>hostclose.c.obj</name>
      </input_file>
      <input_file id="fl-fb">
         <path>C:\ti\ccs1200\ccs\tools\compiler\ti-cgt-arm_20.2.6.LTS\lib\</path>
         <kind>archive</kind>
         <file>rtsv7M4_T_le_v4SPD16_eabi.lib</file>
         <name>hostlseek.c.obj</name>
      </input_file>
      <input_file id="fl-fc">
         <path>C:\ti\ccs1200\ccs\tools\compiler\ti-cgt-arm_20.2.6.LTS\lib\</path>
         <kind>archive</kind>
         <file>rtsv7M4_T_le_v4SPD16_eabi.lib</file>
         <name>hostopen.c.obj</name>
      </input_file>
      <input_file id="fl-fd">
         <path>C:\ti\ccs1200\ccs\tools\compiler\ti-cgt-arm_20.2.6.LTS\lib\</path>
         <kind>archive</kind>
         <file>rtsv7M4_T_le_v4SPD16_eabi.lib</file>
         <name>hostread.c.obj</name>
      </input_file>
      <input_file id="fl-fe">
         <path>C:\ti\ccs1200\ccs\tools\compiler\ti-cgt-arm_20.2.6.LTS\lib\</path>
         <kind>archive</kind>
         <file>rtsv7M4_T_le_v4SPD16_eabi.lib</file>
         <name>hostrename.c.obj</name>
      </input_file>
      <input_file id="fl-ff">
         <path>C:\ti\ccs1200\ccs\tools\compiler\ti-cgt-arm_20.2.6.LTS\lib\</path>
         <kind>archive</kind>
         <file>rtsv7M4_T_le_v4SPD16_eabi.lib</file>
         <name>hostunlink.c.obj</name>
      </input_file>
      <input_file id="fl-100">
         <path>C:\ti\ccs1200\ccs\tools\compiler\ti-cgt-arm_20.2.6.LTS\lib\</path>
         <kind>archive</kind>
         <file>rtsv7M4_T_le_v4SPD16_eabi.lib</file>
         <name>hostwrite.c.obj</name>
      </input_file>
      <input_file id="fl-101">
         <path>C:\ti\ccs1200\ccs\tools\compiler\ti-cgt-arm_20.2.6.LTS\lib\</path>
         <kind>archive</kind>
         <file>rtsv7M4_T_le_v4SPD16_eabi.lib</file>
         <name>trgmsg.c.obj</name>
      </input_file>
      <input_file id="fl-102">
         <path>C:\ti\ccs1200\ccs\tools\compiler\ti-cgt-arm_20.2.6.LTS\lib\</path>
         <kind>archive</kind>
         <file>rtsv7M4_T_le_v4SPD16_eabi.lib</file>
         <name>open.c.obj</name>
      </input_file>
      <input_file id="fl-103">
         <path>C:\ti\ccs1200\ccs\tools\compiler\ti-cgt-arm_20.2.6.LTS\lib\</path>
         <kind>archive</kind>
         <file>rtsv7M4_T_le_v4SPD16_eabi.lib</file>
         <name>lseek.c.obj</name>
      </input_file>
      <input_file id="fl-104">
         <path>C:\ti\ccs1200\ccs\tools\compiler\ti-cgt-arm_20.2.6.LTS\lib\</path>
         <kind>archive</kind>
         <file>rtsv7M4_T_le_v4SPD16_eabi.lib</file>
         <name>fclose.c.obj</name>
      </input_file>
      <input_file id="fl-105">
         <path>C:\ti\ccs1200\ccs\tools\compiler\ti-cgt-arm_20.2.6.LTS\lib\</path>
         <kind>archive</kind>
         <file>rtsv7M4_T_le_v4SPD16_eabi.lib</file>
         <name>getdevice.c.obj</name>
      </input_file>
      <input_file id="fl-106">
         <path>C:\ti\ccs1200\ccs\tools\compiler\ti-cgt-arm_20.2.6.LTS\lib\</path>
         <kind>archive</kind>
         <file>rtsv7M4_T_le_v4SPD16_eabi.lib</file>
         <name>strcmp.c.obj</name>
      </input_file>
      <input_file id="fl-107">
         <path>C:\ti\ccs1200\ccs\tools\compiler\ti-cgt-arm_20.2.6.LTS\lib\</path>
         <kind>archive</kind>
         <file>rtsv7M4_T_le_v4SPD16_eabi.lib</file>
         <name>strcpy.c.obj</name>
      </input_file>
      <input_file id="fl-108">
         <path>C:\ti\ccs1200\ccs\tools\compiler\ti-cgt-arm_20.2.6.LTS\lib\</path>
         <kind>archive</kind>
         <file>rtsv7M4_T_le_v4SPD16_eabi.lib</file>
         <name>strncpy.c.obj</name>
      </input_file>
      <input_file id="fl-109">
         <path>C:\ti\ccs1200\ccs\tools\compiler\ti-cgt-arm_20.2.6.LTS\lib\</path>
         <kind>archive</kind>
         <file>rtsv7M4_T_le_v4SPD16_eabi.lib</file>
         <name>remove.c.obj</name>
      </input_file>
      <input_file id="fl-10a">
         <path>C:\ti\ccs1200\ccs\tools\compiler\ti-cgt-arm_20.2.6.LTS\lib\</path>
         <kind>archive</kind>
         <file>rtsv7M4_T_le_v4SPD16_eabi.lib</file>
         <name>close.c.obj</name>
      </input_file>
      <input_file id="fl-10b">
         <path>C:\ti\ccs1200\ccs\tools\compiler\ti-cgt-arm_20.2.6.LTS\lib\</path>
         <kind>archive</kind>
         <file>rtsv7M4_T_le_v4SPD16_eabi.lib</file>
         <name>unlink.c.obj</name>
      </input_file>
   </input_file_list>
   <object_component_list>
      <object_component id="oc-26">
         <name>.intvecs:retain</name>
         <load_address>0x0</load_address>
         <run_address>0x0</run_address>
         <size>0xe4</size>
         <input_file_ref idref="fl-3"/>
      </object_component>
      <object_component id="oc-c4">
         <name>.text</name>
         <load_address>0xe4</load_address>
         <run_address>0xe4</run_address>
         <size>0x2810</size>
         <input_file_ref idref="fl-f"/>
      </object_component>
      <object_component id="oc-10e">
         <name>.text</name>
         <load_address>0x28f4</load_address>
         <run_address>0x28f4</run_address>
         <size>0x1124</size>
         <input_file_ref idref="fl-d"/>
      </object_component>
      <object_component id="oc-1de">
         <name>.text:__TI_printfi</name>
         <load_address>0x3a18</load_address>
         <run_address>0x3a18</run_address>
         <size>0xa4e</size>
         <input_file_ref idref="fl-cf"/>
      </object_component>
      <object_component id="oc-2ec">
         <name>.text:_nop</name>
         <load_address>0x4466</load_address>
         <run_address>0x4466</run_address>
         <size>0x2</size>
         <input_file_ref idref="fl-e0"/>
      </object_component>
      <object_component id="oc-1ac">
         <name>.text</name>
         <load_address>0x4468</load_address>
         <run_address>0x4468</run_address>
         <size>0x720</size>
         <input_file_ref idref="fl-10"/>
      </object_component>
      <object_component id="oc-102">
         <name>.text</name>
         <load_address>0x4b88</load_address>
         <run_address>0x4b88</run_address>
         <size>0x510</size>
         <input_file_ref idref="fl-18"/>
      </object_component>
      <object_component id="oc-194">
         <name>.text</name>
         <load_address>0x5098</load_address>
         <run_address>0x5098</run_address>
         <size>0x454</size>
         <input_file_ref idref="fl-b"/>
      </object_component>
      <object_component id="oc-75">
         <name>.text</name>
         <load_address>0x54ec</load_address>
         <run_address>0x54ec</run_address>
         <size>0x438</size>
         <input_file_ref idref="fl-11"/>
      </object_component>
      <object_component id="oc-b7">
         <name>.text</name>
         <load_address>0x5924</load_address>
         <run_address>0x5924</run_address>
         <size>0x354</size>
         <input_file_ref idref="fl-4"/>
      </object_component>
      <object_component id="oc-2c8">
         <name>.text:_pconv_a</name>
         <load_address>0x5c78</load_address>
         <run_address>0x5c78</run_address>
         <size>0x270</size>
         <input_file_ref idref="fl-cf"/>
      </object_component>
      <object_component id="oc-2b6">
         <name>.text:_pconv_g</name>
         <load_address>0x5ee8</load_address>
         <run_address>0x5ee8</run_address>
         <size>0x1d0</size>
         <input_file_ref idref="fl-cf"/>
      </object_component>
      <object_component id="oc-37e">
         <name>.text</name>
         <load_address>0x60b8</load_address>
         <run_address>0x60b8</run_address>
         <size>0x1b6</size>
         <input_file_ref idref="fl-d3"/>
      </object_component>
      <object_component id="oc-40e">
         <name>.text</name>
         <load_address>0x626e</load_address>
         <run_address>0x626e</run_address>
         <size>0x2</size>
         <input_file_ref idref="fl-f5"/>
      </object_component>
      <object_component id="oc-a5">
         <name>.text</name>
         <load_address>0x6270</load_address>
         <run_address>0x6270</run_address>
         <size>0x190</size>
         <input_file_ref idref="fl-2"/>
      </object_component>
      <object_component id="oc-2c2">
         <name>.text:_pconv_e</name>
         <load_address>0x6400</load_address>
         <run_address>0x6400</run_address>
         <size>0x13c</size>
         <input_file_ref idref="fl-cf"/>
      </object_component>
      <object_component id="oc-364">
         <name>.text</name>
         <load_address>0x653c</load_address>
         <run_address>0x653c</run_address>
         <size>0x136</size>
         <input_file_ref idref="fl-d5"/>
      </object_component>
      <object_component id="oc-19a">
         <name>.text</name>
         <load_address>0x6672</load_address>
         <run_address>0x6672</run_address>
         <size>0x12a</size>
         <input_file_ref idref="fl-c"/>
      </object_component>
      <object_component id="oc-390">
         <name>.text:fcvt</name>
         <load_address>0x679c</load_address>
         <run_address>0x679c</run_address>
         <size>0x124</size>
         <input_file_ref idref="fl-cf"/>
      </object_component>
      <object_component id="oc-2fa">
         <name>.text:fputs</name>
         <load_address>0x68c0</load_address>
         <run_address>0x68c0</run_address>
         <size>0x114</size>
         <input_file_ref idref="fl-d0"/>
      </object_component>
      <object_component id="oc-3a4">
         <name>.text:scalbn</name>
         <load_address>0x69d4</load_address>
         <run_address>0x69d4</run_address>
         <size>0x110</size>
         <input_file_ref idref="fl-ef"/>
      </object_component>
      <object_component id="oc-4b7">
         <name>.text:aligned_alloc</name>
         <load_address>0x6ae4</load_address>
         <run_address>0x6ae4</run_address>
         <size>0x100</size>
         <input_file_ref idref="fl-e7"/>
      </object_component>
      <object_component id="oc-137">
         <name>.text</name>
         <load_address>0x6be4</load_address>
         <run_address>0x6be4</run_address>
         <size>0x100</size>
         <input_file_ref idref="fl-5"/>
      </object_component>
      <object_component id="oc-35f">
         <name>.text</name>
         <load_address>0x6ce4</load_address>
         <run_address>0x6ce4</run_address>
         <size>0xfc</size>
         <input_file_ref idref="fl-d6"/>
      </object_component>
      <object_component id="oc-12e">
         <name>.text</name>
         <load_address>0x6de0</load_address>
         <run_address>0x6de0</run_address>
         <size>0xf4</size>
         <input_file_ref idref="fl-6"/>
      </object_component>
      <object_component id="oc-475">
         <name>.text:free</name>
         <load_address>0x6ed4</load_address>
         <run_address>0x6ed4</run_address>
         <size>0xe4</size>
         <input_file_ref idref="fl-e7"/>
      </object_component>
      <object_component id="oc-449">
         <name>.text:setvbuf</name>
         <load_address>0x6fb8</load_address>
         <run_address>0x6fb8</run_address>
         <size>0xdc</size>
         <input_file_ref idref="fl-d2"/>
      </object_component>
      <object_component id="oc-70">
         <name>.text</name>
         <load_address>0x7094</load_address>
         <run_address>0x7094</run_address>
         <size>0xda</size>
         <input_file_ref idref="fl-12"/>
      </object_component>
      <object_component id="oc-2ab">
         <name>.text:_ltostr</name>
         <load_address>0x7170</load_address>
         <run_address>0x7170</run_address>
         <size>0xb1</size>
         <input_file_ref idref="fl-cf"/>
      </object_component>
      <object_component id="oc-3a">
         <name>.text</name>
         <load_address>0x7222</load_address>
         <run_address>0x7222</run_address>
         <size>0x9c</size>
         <input_file_ref idref="fl-d9"/>
      </object_component>
      <object_component id="oc-358">
         <name>.text</name>
         <load_address>0x72be</load_address>
         <run_address>0x72be</run_address>
         <size>0x96</size>
         <input_file_ref idref="fl-db"/>
      </object_component>
      <object_component id="oc-11c">
         <name>.text</name>
         <load_address>0x7354</load_address>
         <run_address>0x7354</run_address>
         <size>0x90</size>
         <input_file_ref idref="fl-7"/>
      </object_component>
      <object_component id="oc-125">
         <name>.text</name>
         <load_address>0x73e4</load_address>
         <run_address>0x73e4</run_address>
         <size>0x90</size>
         <input_file_ref idref="fl-8"/>
      </object_component>
      <object_component id="oc-2b1">
         <name>.text:__aeabi_cdcmple</name>
         <load_address>0x7474</load_address>
         <run_address>0x7474</run_address>
         <size>0x86</size>
         <input_file_ref idref="fl-d4"/>
      </object_component>
      <object_component id="oc-369">
         <name>.text:__aeabi_cdrcmple</name>
         <load_address>0x74fa</load_address>
         <run_address>0x74fa</run_address>
         <size>0x86</size>
         <input_file_ref idref="fl-d4"/>
      </object_component>
      <object_component id="oc-99">
         <name>.text</name>
         <load_address>0x7580</load_address>
         <run_address>0x7580</run_address>
         <size>0x7a</size>
         <input_file_ref idref="fl-da"/>
      </object_component>
      <object_component id="oc-4be">
         <name>.text:__TI_closefile</name>
         <load_address>0x75fc</load_address>
         <run_address>0x75fc</run_address>
         <size>0x74</size>
         <input_file_ref idref="fl-104"/>
      </object_component>
      <object_component id="oc-4ff">
         <name>.text:split</name>
         <load_address>0x7670</load_address>
         <run_address>0x7670</run_address>
         <size>0x70</size>
         <input_file_ref idref="fl-e7"/>
      </object_component>
      <object_component id="oc-389">
         <name>.text:_mcpy</name>
         <load_address>0x76e0</load_address>
         <run_address>0x76e0</run_address>
         <size>0x6e</size>
         <input_file_ref idref="fl-cf"/>
      </object_component>
      <object_component id="oc-4ee">
         <name>.text:HOSTrename</name>
         <load_address>0x7750</load_address>
         <run_address>0x7750</run_address>
         <size>0x6c</size>
         <input_file_ref idref="fl-fe"/>
      </object_component>
      <object_component id="oc-4e2">
         <name>.text:HOSTlseek</name>
         <load_address>0x77bc</load_address>
         <run_address>0x77bc</run_address>
         <size>0x68</size>
         <input_file_ref idref="fl-fb"/>
      </object_component>
      <object_component id="oc-17">
         <name>.text:decompress:lzss:__TI_decompress_lzss</name>
         <load_address>0x7824</load_address>
         <run_address>0x7824</run_address>
         <size>0x68</size>
         <input_file_ref idref="fl-de"/>
      </object_component>
      <object_component id="oc-108">
         <name>.text:printf</name>
         <load_address>0x788c</load_address>
         <run_address>0x788c</run_address>
         <size>0x68</size>
         <input_file_ref idref="fl-ce"/>
      </object_component>
      <object_component id="oc-39e">
         <name>.text:frexp</name>
         <load_address>0x78f4</load_address>
         <run_address>0x78f4</run_address>
         <size>0x64</size>
         <input_file_ref idref="fl-ee"/>
      </object_component>
      <object_component id="oc-443">
         <name>.text:fseek</name>
         <load_address>0x7958</load_address>
         <run_address>0x7958</run_address>
         <size>0x64</size>
         <input_file_ref idref="fl-f4"/>
      </object_component>
      <object_component id="oc-3d5">
         <name>.text:__TI_wrt_ok</name>
         <load_address>0x79bc</load_address>
         <run_address>0x79bc</run_address>
         <size>0x62</size>
         <input_file_ref idref="fl-d1"/>
      </object_component>
      <object_component id="oc-4ca">
         <name>.text:HOSTopen</name>
         <load_address>0x7a20</load_address>
         <run_address>0x7a20</run_address>
         <size>0x60</size>
         <input_file_ref idref="fl-fc"/>
      </object_component>
      <object_component id="oc-506">
         <name>.text:close</name>
         <load_address>0x7a80</load_address>
         <run_address>0x7a80</run_address>
         <size>0x5c</size>
         <input_file_ref idref="fl-10a"/>
      </object_component>
      <object_component id="oc-4d6">
         <name>.text:HOSTread</name>
         <load_address>0x7adc</load_address>
         <run_address>0x7adc</run_address>
         <size>0x58</size>
         <input_file_ref idref="fl-fd"/>
      </object_component>
      <object_component id="oc-4dc">
         <name>.text:HOSTwrite</name>
         <load_address>0x7b34</load_address>
         <run_address>0x7b34</run_address>
         <size>0x58</size>
         <input_file_ref idref="fl-100"/>
      </object_component>
      <object_component id="oc-2bc">
         <name>.text:_pconv_f</name>
         <load_address>0x7b8c</load_address>
         <run_address>0x7b8c</run_address>
         <size>0x56</size>
         <input_file_ref idref="fl-cf"/>
      </object_component>
      <object_component id="oc-373">
         <name>.text:__TI_ltoa</name>
         <load_address>0x7be2</load_address>
         <run_address>0x7be2</run_address>
         <size>0x54</size>
         <input_file_ref idref="fl-e1"/>
      </object_component>
      <object_component id="oc-383">
         <name>.text:_ecpy</name>
         <load_address>0x7c36</load_address>
         <run_address>0x7c36</run_address>
         <size>0x52</size>
         <input_file_ref idref="fl-cf"/>
      </object_component>
      <object_component id="oc-3e1">
         <name>.text:__TI_doflush</name>
         <load_address>0x7c88</load_address>
         <run_address>0x7c88</run_address>
         <size>0x4c</size>
         <input_file_ref idref="fl-f2"/>
      </object_component>
      <object_component id="oc-2a5">
         <name>.text:atoi</name>
         <load_address>0x7cd4</load_address>
         <run_address>0x7cd4</run_address>
         <size>0x4c</size>
         <input_file_ref idref="fl-e2"/>
      </object_component>
      <object_component id="oc-14e">
         <name>.text:exit</name>
         <load_address>0x7d20</load_address>
         <run_address>0x7d20</run_address>
         <size>0x48</size>
         <input_file_ref idref="fl-df"/>
      </object_component>
      <object_component id="oc-36e">
         <name>.text</name>
         <load_address>0x7d68</load_address>
         <run_address>0x7d68</run_address>
         <size>0x48</size>
         <input_file_ref idref="fl-d7"/>
      </object_component>
      <object_component id="oc-4d0">
         <name>.text:HOSTclose</name>
         <load_address>0x7db0</load_address>
         <run_address>0x7db0</run_address>
         <size>0x44</size>
         <input_file_ref idref="fl-fa"/>
      </object_component>
      <object_component id="oc-4e8">
         <name>.text:HOSTunlink</name>
         <load_address>0x7df4</load_address>
         <run_address>0x7df4</run_address>
         <size>0x44</size>
         <input_file_ref idref="fl-ff"/>
      </object_component>
      <object_component id="oc-154">
         <name>.text:__TI_auto_init_nobinit_nopinit:__TI_auto_init_nobinit_nopinit</name>
         <load_address>0x7e38</load_address>
         <run_address>0x7e38</run_address>
         <size>0x44</size>
         <input_file_ref idref="fl-f6"/>
      </object_component>
      <object_component id="oc-53e">
         <name>.text:getdevice</name>
         <load_address>0x7e7c</load_address>
         <run_address>0x7e7c</run_address>
         <size>0x44</size>
         <input_file_ref idref="fl-105"/>
      </object_component>
      <object_component id="oc-396">
         <name>.text:_fcpy</name>
         <load_address>0x7ec0</load_address>
         <run_address>0x7ec0</run_address>
         <size>0x3e</size>
         <input_file_ref idref="fl-cf"/>
      </object_component>
      <object_component id="oc-517">
         <name>.text:__TI_writemsg</name>
         <load_address>0x7f00</load_address>
         <run_address>0x7f00</run_address>
         <size>0x38</size>
         <input_file_ref idref="fl-101"/>
      </object_component>
      <object_component id="oc-560">
         <name>.text:strncpy</name>
         <load_address>0x7f38</load_address>
         <run_address>0x7f38</run_address>
         <size>0x36</size>
         <input_file_ref idref="fl-108"/>
      </object_component>
      <object_component id="oc-481">
         <name>.text:__TI_cleanup</name>
         <load_address>0x7f70</load_address>
         <run_address>0x7f70</run_address>
         <size>0x34</size>
         <input_file_ref idref="fl-f3"/>
      </object_component>
      <object_component id="oc-51d">
         <name>.text:__TI_readmsg</name>
         <load_address>0x7fa4</load_address>
         <run_address>0x7fa4</run_address>
         <size>0x34</size>
         <input_file_ref idref="fl-101"/>
      </object_component>
      <object_component id="oc-58">
         <name>.text:_c_int00_noargs:_c_int00_noargs</name>
         <load_address>0x7fd8</load_address>
         <run_address>0x7fd8</run_address>
         <size>0x34</size>
         <input_file_ref idref="fl-ed"/>
      </object_component>
      <object_component id="oc-566">
         <name>.text:finddevice</name>
         <load_address>0x800c</load_address>
         <run_address>0x800c</run_address>
         <size>0x30</size>
         <input_file_ref idref="fl-105"/>
      </object_component>
      <object_component id="oc-379">
         <name>.text</name>
         <load_address>0x803c</load_address>
         <run_address>0x803c</run_address>
         <size>0x2e</size>
         <input_file_ref idref="fl-d8"/>
      </object_component>
      <object_component id="oc-50c">
         <name>.text:unlink</name>
         <load_address>0x806c</load_address>
         <run_address>0x806c</run_address>
         <size>0x2c</size>
         <input_file_ref idref="fl-10b"/>
      </object_component>
      <object_component id="oc-4b0">
         <name>.text:free_list_insert</name>
         <load_address>0x8098</load_address>
         <run_address>0x8098</run_address>
         <size>0x28</size>
         <input_file_ref idref="fl-e7"/>
      </object_component>
      <object_component id="oc-46d">
         <name>.text:lseek</name>
         <load_address>0x80c0</load_address>
         <run_address>0x80c0</run_address>
         <size>0x28</size>
         <input_file_ref idref="fl-103"/>
      </object_component>
      <object_component id="oc-3e7">
         <name>.text:write</name>
         <load_address>0x80e8</load_address>
         <run_address>0x80e8</run_address>
         <size>0x28</size>
         <input_file_ref idref="fl-ea"/>
      </object_component>
      <object_component id="oc-3db">
         <name>.text:memchr</name>
         <load_address>0x8110</load_address>
         <run_address>0x8110</run_address>
         <size>0x20</size>
         <input_file_ref idref="fl-e6"/>
      </object_component>
      <object_component id="oc-4aa">
         <name>.text:free_list_remove</name>
         <load_address>0x8130</load_address>
         <run_address>0x8130</run_address>
         <size>0x1c</size>
         <input_file_ref idref="fl-e7"/>
      </object_component>
      <object_component id="oc-2ce">
         <name>.text:memccpy</name>
         <load_address>0x814c</load_address>
         <run_address>0x814c</run_address>
         <size>0x1c</size>
         <input_file_ref idref="fl-e5"/>
      </object_component>
      <object_component id="oc-427">
         <name>.text:copysign</name>
         <load_address>0x8168</load_address>
         <run_address>0x8168</run_address>
         <size>0x1a</size>
         <input_file_ref idref="fl-f0"/>
      </object_component>
      <object_component id="oc-57d">
         <name>.text:strcmp</name>
         <load_address>0x8182</load_address>
         <run_address>0x8182</run_address>
         <size>0x18</size>
         <input_file_ref idref="fl-106"/>
      </object_component>
      <object_component id="oc-3aa">
         <name>.text:strchr</name>
         <load_address>0x819a</load_address>
         <run_address>0x819a</run_address>
         <size>0x16</size>
         <input_file_ref idref="fl-e8"/>
      </object_component>
      <object_component id="oc-531">
         <name>.text:strcpy</name>
         <load_address>0x81b0</load_address>
         <run_address>0x81b0</run_address>
         <size>0x14</size>
         <input_file_ref idref="fl-107"/>
      </object_component>
      <object_component id="oc-29f">
         <name>.text:strlen</name>
         <load_address>0x81c4</load_address>
         <run_address>0x81c4</run_address>
         <size>0x14</size>
         <input_file_ref idref="fl-e9"/>
      </object_component>
      <object_component id="oc-2d4">
         <name>.text:wcslen</name>
         <load_address>0x81d8</load_address>
         <run_address>0x81d8</run_address>
         <size>0x12</size>
         <input_file_ref idref="fl-f1"/>
      </object_component>
      <object_component id="oc-1d">
         <name>.text:decompress:none:__TI_decompress_none</name>
         <load_address>0x81ea</load_address>
         <run_address>0x81ea</run_address>
         <size>0xe</size>
         <input_file_ref idref="fl-dd"/>
      </object_component>
      <object_component id="oc-6a">
         <name>.text</name>
         <load_address>0x81f8</load_address>
         <run_address>0x81f8</run_address>
         <size>0xe</size>
         <input_file_ref idref="fl-3"/>
      </object_component>
      <object_component id="oc-4c">
         <name>.text:decompress:ZI:__TI_zero_init</name>
         <load_address>0x8206</load_address>
         <run_address>0x8206</run_address>
         <size>0xc</size>
         <input_file_ref idref="fl-dc"/>
      </object_component>
      <object_component id="oc-2da">
         <name>.text:__aeabi_errno_addr</name>
         <load_address>0x8214</load_address>
         <run_address>0x8214</run_address>
         <size>0x8</size>
         <input_file_ref idref="fl-ec"/>
      </object_component>
      <object_component id="oc-47b">
         <name>.text:malloc</name>
         <load_address>0x821c</load_address>
         <run_address>0x821c</run_address>
         <size>0x8</size>
         <input_file_ref idref="fl-e7"/>
      </object_component>
      <object_component id="oc-1f0">
         <name>.text:_outc</name>
         <load_address>0x8224</load_address>
         <run_address>0x8224</run_address>
         <size>0x4</size>
         <input_file_ref idref="fl-ce"/>
      </object_component>
      <object_component id="oc-1ea">
         <name>.text:_outs</name>
         <load_address>0x8228</load_address>
         <run_address>0x8228</run_address>
         <size>0x4</size>
         <input_file_ref idref="fl-ce"/>
      </object_component>
      <object_component id="oc-9f">
         <name>.text:_system_pre_init</name>
         <load_address>0x822c</load_address>
         <run_address>0x822c</run_address>
         <size>0x4</size>
         <input_file_ref idref="fl-f7"/>
      </object_component>
      <object_component id="oc-148">
         <name>.text:abort:abort</name>
         <load_address>0x8230</load_address>
         <run_address>0x8230</run_address>
         <size>0x4</size>
         <input_file_ref idref="fl-df"/>
      </object_component>
      <object_component id="oc-353">
         <name>.const:.string:_ctypes_</name>
         <load_address>0x8234</load_address>
         <run_address>0x8234</run_address>
         <size>0x101</size>
         <input_file_ref idref="fl-e3"/>
      </object_component>
      <object_component id="oc-c1">
         <name>.const</name>
         <load_address>0x8338</load_address>
         <run_address>0x8338</run_address>
         <size>0x8</size>
         <input_file_ref idref="fl-11"/>
      </object_component>
      <object_component id="oc-1b5">
         <name>.const</name>
         <load_address>0x8340</load_address>
         <run_address>0x8340</run_address>
         <size>0x4</size>
         <input_file_ref idref="fl-f"/>
      </object_component>
      <object_component id="oc-5bd">
         <name>.cinit..data.load</name>
         <load_address>0x8348</load_address>
         <run_address>0x8348</run_address>
         <size>0x7a</size>
      </object_component>
      <object_component id="oc-5bb">
         <name>__TI_handler_table</name>
         <load_address>0x83c4</load_address>
         <run_address>0x83c4</run_address>
         <size>0xc</size>
      </object_component>
      <object_component id="oc-5be">
         <name>.cinit..bss.load</name>
         <load_address>0x83d0</load_address>
         <run_address>0x83d0</run_address>
         <size>0x8</size>
      </object_component>
      <object_component id="oc-5bc">
         <name>__TI_cinit_table</name>
         <load_address>0x83d8</load_address>
         <run_address>0x83d8</run_address>
         <size>0x10</size>
      </object_component>
      <object_component id="oc-58f">
         <name>.binit</name>
         <load_address>0x0</load_address>
         <run_address>0x0</run_address>
         <size>0x0</size>
      </object_component>
      <object_component id="oc-186">
         <name>.data</name>
         <load_address>0x200089a0</load_address>
         <run_address>0x200089a0</run_address>
         <size>0x4</size>
         <input_file_ref idref="fl-4"/>
      </object_component>
      <object_component id="oc-119">
         <name>.data</name>
         <load_address>0x200089a4</load_address>
         <run_address>0x200089a4</run_address>
         <size>0x4</size>
         <input_file_ref idref="fl-7"/>
      </object_component>
      <object_component id="oc-122">
         <name>.data</name>
         <load_address>0x200089a8</load_address>
         <run_address>0x200089a8</run_address>
         <size>0x4</size>
         <input_file_ref idref="fl-8"/>
      </object_component>
      <object_component id="oc-267">
         <name>.data</name>
         <load_address>0x20008934</load_address>
         <run_address>0x20008934</run_address>
         <size>0x18</size>
         <input_file_ref idref="fl-b"/>
      </object_component>
      <object_component id="oc-be">
         <name>.data</name>
         <load_address>0x20008900</load_address>
         <run_address>0x20008900</run_address>
         <size>0x34</size>
         <input_file_ref idref="fl-f"/>
      </object_component>
      <object_component id="oc-27c">
         <name>.data</name>
         <load_address>0x20008980</load_address>
         <run_address>0x20008980</run_address>
         <size>0xc</size>
         <input_file_ref idref="fl-10"/>
      </object_component>
      <object_component id="oc-cb">
         <name>.data</name>
         <load_address>0x2000894c</load_address>
         <run_address>0x2000894c</run_address>
         <size>0x18</size>
         <input_file_ref idref="fl-11"/>
      </object_component>
      <object_component id="oc-233">
         <name>.data:$O1$$</name>
         <load_address>0x20008974</load_address>
         <run_address>0x20008974</run_address>
         <size>0xc</size>
         <input_file_ref idref="fl-df"/>
      </object_component>
      <object_component id="oc-1e4">
         <name>.data:$O1$$</name>
         <load_address>0x2000898c</load_address>
         <run_address>0x2000898c</run_address>
         <size>0x8</size>
         <input_file_ref idref="fl-e0"/>
      </object_component>
      <object_component id="oc-1e7">
         <name>.data:_ftable</name>
         <load_address>0x20008748</load_address>
         <run_address>0x20008748</run_address>
         <size>0xf0</size>
         <input_file_ref idref="fl-e4"/>
      </object_component>
      <object_component id="oc-4c4">
         <name>.data</name>
         <load_address>0x20008964</load_address>
         <run_address>0x20008964</run_address>
         <size>0x10</size>
         <input_file_ref idref="fl-e4"/>
      </object_component>
      <object_component id="oc-4fa">
         <name>.data:$O1$$</name>
         <load_address>0x20008994</load_address>
         <run_address>0x20008994</run_address>
         <size>0x8</size>
         <input_file_ref idref="fl-e7"/>
      </object_component>
      <object_component id="oc-494">
         <name>.data:_device</name>
         <load_address>0x20008838</load_address>
         <run_address>0x20008838</run_address>
         <size>0x78</size>
         <input_file_ref idref="fl-eb"/>
      </object_component>
      <object_component id="oc-455">
         <name>.data:_stream</name>
         <load_address>0x200088b0</load_address>
         <run_address>0x200088b0</run_address>
         <size>0x50</size>
         <input_file_ref idref="fl-eb"/>
      </object_component>
      <object_component id="oc-3ba">
         <name>.data</name>
         <load_address>0x2000899c</load_address>
         <run_address>0x2000899c</run_address>
         <size>0x4</size>
         <input_file_ref idref="fl-ec"/>
      </object_component>
      <object_component id="oc-26d">
         <name>.bss:ucHeap</name>
         <uninitialized>true</uninitialized>
         <run_address>0x20000000</run_address>
         <size>0x8000</size>
         <input_file_ref idref="fl-b"/>
      </object_component>
      <object_component id="oc-26a">
         <name>.bss:xStart</name>
         <uninitialized>true</uninitialized>
         <run_address>0x20008324</run_address>
         <size>0x8</size>
         <input_file_ref idref="fl-b"/>
      </object_component>
      <object_component id="oc-1a0">
         <name>.bss:pxReadyTasksLists</name>
         <uninitialized>true</uninitialized>
         <run_address>0x20008120</run_address>
         <size>0xc8</size>
         <input_file_ref idref="fl-f"/>
      </object_component>
      <object_component id="oc-1b8">
         <name>.bss:xDelayedTaskList1</name>
         <uninitialized>true</uninitialized>
         <run_address>0x200082b0</run_address>
         <size>0x14</size>
         <input_file_ref idref="fl-f"/>
      </object_component>
      <object_component id="oc-1bb">
         <name>.bss:xDelayedTaskList2</name>
         <uninitialized>true</uninitialized>
         <run_address>0x200082c4</run_address>
         <size>0x14</size>
         <input_file_ref idref="fl-f"/>
      </object_component>
      <object_component id="oc-1a6">
         <name>.bss</name>
         <uninitialized>true</uninitialized>
         <run_address>0x20008314</run_address>
         <size>0x8</size>
         <input_file_ref idref="fl-f"/>
      </object_component>
      <object_component id="oc-1b2">
         <name>.bss:xPendingReadyList</name>
         <uninitialized>true</uninitialized>
         <run_address>0x200082d8</run_address>
         <size>0x14</size>
         <input_file_ref idref="fl-f"/>
      </object_component>
      <object_component id="oc-1a3">
         <name>.bss:xTasksWaitingTermination</name>
         <uninitialized>true</uninitialized>
         <run_address>0x20008300</run_address>
         <size>0x14</size>
         <input_file_ref idref="fl-f"/>
      </object_component>
      <object_component id="oc-1a9">
         <name>.bss:xSuspendedTaskList</name>
         <uninitialized>true</uninitialized>
         <run_address>0x200082ec</run_address>
         <size>0x14</size>
         <input_file_ref idref="fl-f"/>
      </object_component>
      <object_component id="oc-282">
         <name>.bss:xActiveTimerList1</name>
         <uninitialized>true</uninitialized>
         <run_address>0x20008288</run_address>
         <size>0x14</size>
         <input_file_ref idref="fl-10"/>
      </object_component>
      <object_component id="oc-285">
         <name>.bss:xActiveTimerList2</name>
         <uninitialized>true</uninitialized>
         <run_address>0x2000829c</run_address>
         <size>0x14</size>
         <input_file_ref idref="fl-10"/>
      </object_component>
      <object_component id="oc-27f">
         <name>.bss</name>
         <uninitialized>true</uninitialized>
         <run_address>0x2000831c</run_address>
         <size>0x8</size>
         <input_file_ref idref="fl-10"/>
      </object_component>
      <object_component id="oc-548">
         <name>.bss:_CIOBUF_</name>
         <uninitialized>true</uninitialized>
         <run_address>0x20008000</run_address>
         <size>0x120</size>
         <input_file_ref idref="fl-101"/>
      </object_component>
      <object_component id="oc-114">
         <name>.common:Sem_UART</name>
         <uninitialized>true</uninitialized>
         <run_address>0x2000833c</run_address>
         <size>0x4</size>
      </object_component>
      <object_component id="oc-117">
         <name>.common:Sem_MKII_RGB</name>
         <uninitialized>true</uninitialized>
         <run_address>0x20008338</run_address>
         <size>0x4</size>
      </object_component>
      <object_component id="oc-118">
         <name>.common:Sem_LAUNCHPAD_RGB</name>
         <uninitialized>true</uninitialized>
         <run_address>0x20008334</run_address>
         <size>0x4</size>
      </object_component>
      <object_component id="oc-134">
         <name>.common:TaskHandle_LAUNCHPAD_RGB</name>
         <uninitialized>true</uninitialized>
         <run_address>0x20008340</run_address>
         <size>0x4</size>
      </object_component>
      <object_component id="oc-12b">
         <name>.common:TaskHandle_MKII_RGB</name>
         <uninitialized>true</uninitialized>
         <run_address>0x20008344</run_address>
         <size>0x4</size>
      </object_component>
      <object_component id="oc-512">
         <name>.common:__TI_tmpnams</name>
         <uninitialized>true</uninitialized>
         <run_address>0x200081e8</run_address>
         <size>0xa0</size>
      </object_component>
      <object_component id="oc-523">
         <name>.common:parmbuf</name>
         <uninitialized>true</uninitialized>
         <run_address>0x2000832c</run_address>
         <size>0x8</size>
      </object_component>
      <object_component id="oc-29">
         <name>.sysmem</name>
         <uninitialized>true</uninitialized>
         <run_address>0x20008348</run_address>
         <size>0x10</size>
         <input_file_ref idref="fl-e7"/>
      </object_component>
      <object_component id="oc-5c1">
         <name>.sysmem</name>
         <uninitialized>true</uninitialized>
         <run_address>0x20008348</run_address>
         <size>0x0</size>
      </object_component>
      <object_component id="oc-2c">
         <name>.stack</name>
         <uninitialized>true</uninitialized>
         <run_address>0x2000fe00</run_address>
         <size>0x4</size>
         <input_file_ref idref="fl-ed"/>
      </object_component>
      <object_component id="oc-5c0">
         <name>.stack</name>
         <uninitialized>true</uninitialized>
         <run_address>0x2000fe00</run_address>
         <size>0x0</size>
      </object_component>
      <object_component id="oc-115">
         <name>.debug_info</name>
         <load_address>0x0</load_address>
         <run_address>0x0</run_address>
         <size>0xa0c</size>
         <input_file_ref idref="fl-2"/>
      </object_component>
      <object_component id="oc-a6">
         <name>.debug_info</name>
         <load_address>0xa0c</load_address>
         <run_address>0xa0c</run_address>
         <size>0x342</size>
         <input_file_ref idref="fl-2"/>
      </object_component>
      <object_component id="oc-143">
         <name>.debug_info</name>
         <load_address>0xd4e</load_address>
         <run_address>0xd4e</run_address>
         <size>0x315</size>
         <input_file_ref idref="fl-2"/>
      </object_component>
      <object_component id="oc-1d9">
         <name>.debug_info</name>
         <load_address>0x1063</load_address>
         <run_address>0x1063</run_address>
         <size>0x37e2</size>
         <input_file_ref idref="fl-2"/>
      </object_component>
      <object_component id="oc-e1">
         <name>.debug_info</name>
         <load_address>0x4845</load_address>
         <run_address>0x4845</run_address>
         <size>0x26b</size>
         <input_file_ref idref="fl-2"/>
      </object_component>
      <object_component id="oc-20b">
         <name>.debug_info</name>
         <load_address>0x4ab0</load_address>
         <run_address>0x4ab0</run_address>
         <size>0x1055</size>
         <input_file_ref idref="fl-2"/>
      </object_component>
      <object_component id="oc-21a">
         <name>.debug_info</name>
         <load_address>0x5b05</load_address>
         <run_address>0x5b05</run_address>
         <size>0x48b</size>
         <input_file_ref idref="fl-2"/>
      </object_component>
      <object_component id="oc-210">
         <name>.debug_info</name>
         <load_address>0x5f90</load_address>
         <run_address>0x5f90</run_address>
         <size>0x4f</size>
         <input_file_ref idref="fl-2"/>
      </object_component>
      <object_component id="oc-21f">
         <name>.debug_info</name>
         <load_address>0x5fdf</load_address>
         <run_address>0x5fdf</run_address>
         <size>0x2c</size>
         <input_file_ref idref="fl-2"/>
      </object_component>
      <object_component id="oc-13e">
         <name>.debug_info</name>
         <load_address>0x600b</load_address>
         <run_address>0x600b</run_address>
         <size>0x8b</size>
         <input_file_ref idref="fl-2"/>
      </object_component>
      <object_component id="oc-d0">
         <name>.debug_info</name>
         <load_address>0x6096</load_address>
         <run_address>0x6096</run_address>
         <size>0x2c</size>
         <input_file_ref idref="fl-2"/>
      </object_component>
      <object_component id="oc-1d2">
         <name>.debug_info</name>
         <load_address>0x60c2</load_address>
         <run_address>0x60c2</run_address>
         <size>0x2a4</size>
         <input_file_ref idref="fl-2"/>
      </object_component>
      <object_component id="oc-da">
         <name>.debug_info</name>
         <load_address>0x6366</load_address>
         <run_address>0x6366</run_address>
         <size>0xbb</size>
         <input_file_ref idref="fl-2"/>
      </object_component>
      <object_component id="oc-d5">
         <name>.debug_info</name>
         <load_address>0x6421</load_address>
         <run_address>0x6421</run_address>
         <size>0x53</size>
         <input_file_ref idref="fl-2"/>
      </object_component>
      <object_component id="oc-215">
         <name>.debug_info</name>
         <load_address>0x6474</load_address>
         <run_address>0x6474</run_address>
         <size>0xcc</size>
         <input_file_ref idref="fl-2"/>
      </object_component>
      <object_component id="oc-1f8">
         <name>.debug_info</name>
         <load_address>0x6540</load_address>
         <run_address>0x6540</run_address>
         <size>0x2c</size>
         <input_file_ref idref="fl-2"/>
      </object_component>
      <object_component id="oc-1c8">
         <name>.debug_info</name>
         <load_address>0x656c</load_address>
         <run_address>0x656c</run_address>
         <size>0x14c</size>
         <input_file_ref idref="fl-2"/>
      </object_component>
      <object_component id="oc-7d">
         <name>.debug_info</name>
         <load_address>0x66b8</load_address>
         <run_address>0x66b8</run_address>
         <size>0x34b</size>
         <input_file_ref idref="fl-3"/>
      </object_component>
      <object_component id="oc-27">
         <name>.debug_info</name>
         <load_address>0x6a03</load_address>
         <run_address>0x6a03</run_address>
         <size>0xf7</size>
         <input_file_ref idref="fl-3"/>
      </object_component>
      <object_component id="oc-6b">
         <name>.debug_info</name>
         <load_address>0x6afa</load_address>
         <run_address>0x6afa</run_address>
         <size>0x1be</size>
         <input_file_ref idref="fl-3"/>
      </object_component>
      <object_component id="oc-35">
         <name>.debug_info</name>
         <load_address>0x6cb8</load_address>
         <run_address>0x6cb8</run_address>
         <size>0x84</size>
         <input_file_ref idref="fl-3"/>
      </object_component>
      <object_component id="oc-187">
         <name>.debug_info</name>
         <load_address>0x6d3c</load_address>
         <run_address>0x6d3c</run_address>
         <size>0xf0</size>
         <input_file_ref idref="fl-4"/>
      </object_component>
      <object_component id="oc-ba">
         <name>.debug_info</name>
         <load_address>0x6e2c</load_address>
         <run_address>0x6e2c</run_address>
         <size>0x262</size>
         <input_file_ref idref="fl-4"/>
      </object_component>
      <object_component id="oc-135">
         <name>.debug_info</name>
         <load_address>0x708e</load_address>
         <run_address>0x708e</run_address>
         <size>0x810</size>
         <input_file_ref idref="fl-5"/>
      </object_component>
      <object_component id="oc-139">
         <name>.debug_info</name>
         <load_address>0x789e</load_address>
         <run_address>0x789e</run_address>
         <size>0x274</size>
         <input_file_ref idref="fl-5"/>
      </object_component>
      <object_component id="oc-12c">
         <name>.debug_info</name>
         <load_address>0x7b12</load_address>
         <run_address>0x7b12</run_address>
         <size>0x801</size>
         <input_file_ref idref="fl-6"/>
      </object_component>
      <object_component id="oc-12f">
         <name>.debug_info</name>
         <load_address>0x8313</load_address>
         <run_address>0x8313</run_address>
         <size>0x26f</size>
         <input_file_ref idref="fl-6"/>
      </object_component>
      <object_component id="oc-227">
         <name>.debug_info</name>
         <load_address>0x8582</load_address>
         <run_address>0x8582</run_address>
         <size>0x7db</size>
         <input_file_ref idref="fl-7"/>
      </object_component>
      <object_component id="oc-11a">
         <name>.debug_info</name>
         <load_address>0x8d5d</load_address>
         <run_address>0x8d5d</run_address>
         <size>0xf0</size>
         <input_file_ref idref="fl-7"/>
      </object_component>
      <object_component id="oc-11f">
         <name>.debug_info</name>
         <load_address>0x8e4d</load_address>
         <run_address>0x8e4d</run_address>
         <size>0x218</size>
         <input_file_ref idref="fl-7"/>
      </object_component>
      <object_component id="oc-22b">
         <name>.debug_info</name>
         <load_address>0x9065</load_address>
         <run_address>0x9065</run_address>
         <size>0x7e5</size>
         <input_file_ref idref="fl-8"/>
      </object_component>
      <object_component id="oc-123">
         <name>.debug_info</name>
         <load_address>0x984a</load_address>
         <run_address>0x984a</run_address>
         <size>0xf0</size>
         <input_file_ref idref="fl-8"/>
      </object_component>
      <object_component id="oc-128">
         <name>.debug_info</name>
         <load_address>0x993a</load_address>
         <run_address>0x993a</run_address>
         <size>0x218</size>
         <input_file_ref idref="fl-8"/>
      </object_component>
      <object_component id="oc-29c">
         <name>.debug_info</name>
         <load_address>0x9b52</load_address>
         <run_address>0x9b52</run_address>
         <size>0x24f</size>
         <input_file_ref idref="fl-9"/>
      </object_component>
      <object_component id="oc-1cd">
         <name>.debug_info</name>
         <load_address>0x9da1</load_address>
         <run_address>0x9da1</run_address>
         <size>0x48b</size>
         <input_file_ref idref="fl-9"/>
      </object_component>
      <object_component id="oc-34c">
         <name>.debug_info</name>
         <load_address>0xa22c</load_address>
         <run_address>0xa22c</run_address>
         <size>0xcc</size>
         <input_file_ref idref="fl-9"/>
      </object_component>
      <object_component id="oc-1c3">
         <name>.debug_info</name>
         <load_address>0xa2f8</load_address>
         <run_address>0xa2f8</run_address>
         <size>0x53</size>
         <input_file_ref idref="fl-9"/>
      </object_component>
      <object_component id="oc-310">
         <name>.debug_info</name>
         <load_address>0xa34b</load_address>
         <run_address>0xa34b</run_address>
         <size>0x6aa</size>
         <input_file_ref idref="fl-a"/>
      </object_component>
      <object_component id="oc-204">
         <name>.debug_info</name>
         <load_address>0xa9f5</load_address>
         <run_address>0xa9f5</run_address>
         <size>0x110</size>
         <input_file_ref idref="fl-a"/>
      </object_component>
      <object_component id="oc-262">
         <name>.debug_info</name>
         <load_address>0xab05</load_address>
         <run_address>0xab05</run_address>
         <size>0x48b</size>
         <input_file_ref idref="fl-a"/>
      </object_component>
      <object_component id="oc-3f1">
         <name>.debug_info</name>
         <load_address>0xaf90</load_address>
         <run_address>0xaf90</run_address>
         <size>0x76</size>
         <input_file_ref idref="fl-a"/>
      </object_component>
      <object_component id="oc-3f6">
         <name>.debug_info</name>
         <load_address>0xb006</load_address>
         <run_address>0xb006</run_address>
         <size>0x39</size>
         <input_file_ref idref="fl-a"/>
      </object_component>
      <object_component id="oc-339">
         <name>.debug_info</name>
         <load_address>0xb03f</load_address>
         <run_address>0xb03f</run_address>
         <size>0x109</size>
         <input_file_ref idref="fl-a"/>
      </object_component>
      <object_component id="oc-253">
         <name>.debug_info</name>
         <load_address>0xb148</load_address>
         <run_address>0xb148</run_address>
         <size>0x4f</size>
         <input_file_ref idref="fl-a"/>
      </object_component>
      <object_component id="oc-271">
         <name>.debug_info</name>
         <load_address>0xb197</load_address>
         <run_address>0xb197</run_address>
         <size>0x4ea</size>
         <input_file_ref idref="fl-b"/>
      </object_component>
      <object_component id="oc-26e">
         <name>.debug_info</name>
         <load_address>0xb681</load_address>
         <run_address>0xb681</run_address>
         <size>0x103</size>
         <input_file_ref idref="fl-b"/>
      </object_component>
      <object_component id="oc-26b">
         <name>.debug_info</name>
         <load_address>0xb784</load_address>
         <run_address>0xb784</run_address>
         <size>0x103</size>
         <input_file_ref idref="fl-b"/>
      </object_component>
      <object_component id="oc-268">
         <name>.debug_info</name>
         <load_address>0xb887</load_address>
         <run_address>0xb887</run_address>
         <size>0x243</size>
         <input_file_ref idref="fl-b"/>
      </object_component>
      <object_component id="oc-196">
         <name>.debug_info</name>
         <load_address>0xbaca</load_address>
         <run_address>0xbaca</run_address>
         <size>0xae8</size>
         <input_file_ref idref="fl-b"/>
      </object_component>
      <object_component id="oc-330">
         <name>.debug_info</name>
         <load_address>0xc5b2</load_address>
         <run_address>0xc5b2</run_address>
         <size>0x62</size>
         <input_file_ref idref="fl-b"/>
      </object_component>
      <object_component id="oc-273">
         <name>.debug_info</name>
         <load_address>0xc614</load_address>
         <run_address>0xc614</run_address>
         <size>0x3a8</size>
         <input_file_ref idref="fl-c"/>
      </object_component>
      <object_component id="oc-19b">
         <name>.debug_info</name>
         <load_address>0xc9bc</load_address>
         <run_address>0xc9bc</run_address>
         <size>0x5b4</size>
         <input_file_ref idref="fl-c"/>
      </object_component>
      <object_component id="oc-203">
         <name>.debug_info</name>
         <load_address>0xcf70</load_address>
         <run_address>0xcf70</run_address>
         <size>0x914</size>
         <input_file_ref idref="fl-d"/>
      </object_component>
      <object_component id="oc-10f">
         <name>.debug_info</name>
         <load_address>0xd884</load_address>
         <run_address>0xd884</run_address>
         <size>0x3b44</size>
         <input_file_ref idref="fl-d"/>
      </object_component>
      <object_component id="oc-30b">
         <name>.debug_info</name>
         <load_address>0x113c8</load_address>
         <run_address>0x113c8</run_address>
         <size>0x1ef</size>
         <input_file_ref idref="fl-d"/>
      </object_component>
      <object_component id="oc-1fe">
         <name>.debug_info</name>
         <load_address>0x115b7</load_address>
         <run_address>0x115b7</run_address>
         <size>0x46</size>
         <input_file_ref idref="fl-d"/>
      </object_component>
      <object_component id="oc-258">
         <name>.debug_info</name>
         <load_address>0x115fd</load_address>
         <run_address>0x115fd</run_address>
         <size>0x35</size>
         <input_file_ref idref="fl-d"/>
      </object_component>
      <object_component id="oc-f9">
         <name>.debug_info</name>
         <load_address>0x11632</load_address>
         <run_address>0x11632</run_address>
         <size>0x2c</size>
         <input_file_ref idref="fl-e"/>
      </object_component>
      <object_component id="oc-18c">
         <name>.debug_info</name>
         <load_address>0x1165e</load_address>
         <run_address>0x1165e</run_address>
         <size>0x8c3</size>
         <input_file_ref idref="fl-f"/>
      </object_component>
      <object_component id="oc-bf">
         <name>.debug_info</name>
         <load_address>0x11f21</load_address>
         <run_address>0x11f21</run_address>
         <size>0x35f</size>
         <input_file_ref idref="fl-f"/>
      </object_component>
      <object_component id="oc-1a1">
         <name>.debug_info</name>
         <load_address>0x12280</load_address>
         <run_address>0x12280</run_address>
         <size>0x108</size>
         <input_file_ref idref="fl-f"/>
      </object_component>
      <object_component id="oc-1b9">
         <name>.debug_info</name>
         <load_address>0x12388</load_address>
         <run_address>0x12388</run_address>
         <size>0x108</size>
         <input_file_ref idref="fl-f"/>
      </object_component>
      <object_component id="oc-1bc">
         <name>.debug_info</name>
         <load_address>0x12490</load_address>
         <run_address>0x12490</run_address>
         <size>0x108</size>
         <input_file_ref idref="fl-f"/>
      </object_component>
      <object_component id="oc-1a7">
         <name>.debug_info</name>
         <load_address>0x12598</load_address>
         <run_address>0x12598</run_address>
         <size>0x14b</size>
         <input_file_ref idref="fl-f"/>
      </object_component>
      <object_component id="oc-1b3">
         <name>.debug_info</name>
         <load_address>0x126e3</load_address>
         <run_address>0x126e3</run_address>
         <size>0x108</size>
         <input_file_ref idref="fl-f"/>
      </object_component>
      <object_component id="oc-1a4">
         <name>.debug_info</name>
         <load_address>0x127eb</load_address>
         <run_address>0x127eb</run_address>
         <size>0x116</size>
         <input_file_ref idref="fl-f"/>
      </object_component>
      <object_component id="oc-1aa">
         <name>.debug_info</name>
         <load_address>0x12901</load_address>
         <run_address>0x12901</run_address>
         <size>0x10a</size>
         <input_file_ref idref="fl-f"/>
      </object_component>
      <object_component id="oc-1b6">
         <name>.debug_info</name>
         <load_address>0x12a0b</load_address>
         <run_address>0x12a0b</run_address>
         <size>0x109</size>
         <input_file_ref idref="fl-f"/>
      </object_component>
      <object_component id="oc-c7">
         <name>.debug_info</name>
         <load_address>0x12b14</load_address>
         <run_address>0x12b14</run_address>
         <size>0x691f</size>
         <input_file_ref idref="fl-f"/>
      </object_component>
      <object_component id="oc-18d">
         <name>.debug_info</name>
         <load_address>0x19433</load_address>
         <run_address>0x19433</run_address>
         <size>0x30c</size>
         <input_file_ref idref="fl-f"/>
      </object_component>
      <object_component id="oc-25d">
         <name>.debug_info</name>
         <load_address>0x1973f</load_address>
         <run_address>0x1973f</run_address>
         <size>0x16f</size>
         <input_file_ref idref="fl-f"/>
      </object_component>
      <object_component id="oc-28e">
         <name>.debug_info</name>
         <load_address>0x198ae</load_address>
         <run_address>0x198ae</run_address>
         <size>0x849</size>
         <input_file_ref idref="fl-10"/>
      </object_component>
      <object_component id="oc-283">
         <name>.debug_info</name>
         <load_address>0x1a0f7</load_address>
         <run_address>0x1a0f7</run_address>
         <size>0x108</size>
         <input_file_ref idref="fl-10"/>
      </object_component>
      <object_component id="oc-286">
         <name>.debug_info</name>
         <load_address>0x1a1ff</load_address>
         <run_address>0x1a1ff</run_address>
         <size>0x108</size>
         <input_file_ref idref="fl-10"/>
      </object_component>
      <object_component id="oc-280">
         <name>.debug_info</name>
         <load_address>0x1a307</load_address>
         <run_address>0x1a307</run_address>
         <size>0x140</size>
         <input_file_ref idref="fl-10"/>
      </object_component>
      <object_component id="oc-27d">
         <name>.debug_info</name>
         <load_address>0x1a447</load_address>
         <run_address>0x1a447</run_address>
         <size>0x12c</size>
         <input_file_ref idref="fl-10"/>
      </object_component>
      <object_component id="oc-1ad">
         <name>.debug_info</name>
         <load_address>0x1a573</load_address>
         <run_address>0x1a573</run_address>
         <size>0x2391</size>
         <input_file_ref idref="fl-10"/>
      </object_component>
      <object_component id="oc-28f">
         <name>.debug_info</name>
         <load_address>0x1c904</load_address>
         <run_address>0x1c904</run_address>
         <size>0x1ce</size>
         <input_file_ref idref="fl-10"/>
      </object_component>
      <object_component id="oc-289">
         <name>.debug_info</name>
         <load_address>0x1cad2</load_address>
         <run_address>0x1cad2</run_address>
         <size>0x46</size>
         <input_file_ref idref="fl-10"/>
      </object_component>
      <object_component id="oc-cf">
         <name>.debug_info</name>
         <load_address>0x1cb18</load_address>
         <run_address>0x1cb18</run_address>
         <size>0x532</size>
         <input_file_ref idref="fl-11"/>
      </object_component>
      <object_component id="oc-c2">
         <name>.debug_info</name>
         <load_address>0x1d04a</load_address>
         <run_address>0x1d04a</run_address>
         <size>0x17d</size>
         <input_file_ref idref="fl-11"/>
      </object_component>
      <object_component id="oc-cc">
         <name>.debug_info</name>
         <load_address>0x1d1c7</load_address>
         <run_address>0x1d1c7</run_address>
         <size>0x258</size>
         <input_file_ref idref="fl-11"/>
      </object_component>
      <object_component id="oc-76">
         <name>.debug_info</name>
         <load_address>0x1d41f</load_address>
         <run_address>0x1d41f</run_address>
         <size>0xcc5</size>
         <input_file_ref idref="fl-11"/>
      </object_component>
      <object_component id="oc-71">
         <name>.debug_info</name>
         <load_address>0x1e0e4</load_address>
         <run_address>0x1e0e4</run_address>
         <size>0x26a</size>
         <input_file_ref idref="fl-12"/>
      </object_component>
      <object_component id="oc-1d8">
         <name>.debug_info</name>
         <load_address>0x1e34e</load_address>
         <run_address>0x1e34e</run_address>
         <size>0x5bc</size>
         <input_file_ref idref="fl-18"/>
      </object_component>
      <object_component id="oc-104">
         <name>.debug_info</name>
         <load_address>0x1e90a</load_address>
         <run_address>0x1e90a</run_address>
         <size>0xce8</size>
         <input_file_ref idref="fl-18"/>
      </object_component>
      <object_component id="oc-1f7">
         <name>.debug_info</name>
         <load_address>0x1f5f2</load_address>
         <run_address>0x1f5f2</run_address>
         <size>0x3e5</size>
         <input_file_ref idref="fl-ce"/>
      </object_component>
      <object_component id="oc-1f3">
         <name>.debug_info</name>
         <load_address>0x1f9d7</load_address>
         <run_address>0x1f9d7</run_address>
         <size>0x157</size>
         <input_file_ref idref="fl-ce"/>
      </object_component>
      <object_component id="oc-1eb">
         <name>.debug_info</name>
         <load_address>0x1fb2e</load_address>
         <run_address>0x1fb2e</run_address>
         <size>0x166</size>
         <input_file_ref idref="fl-ce"/>
      </object_component>
      <object_component id="oc-10a">
         <name>.debug_info</name>
         <load_address>0x1fc94</load_address>
         <run_address>0x1fc94</run_address>
         <size>0x1ac</size>
         <input_file_ref idref="fl-ce"/>
      </object_component>
      <object_component id="oc-304">
         <name>.debug_info</name>
         <load_address>0x1fe40</load_address>
         <run_address>0x1fe40</run_address>
         <size>0xb2</size>
         <input_file_ref idref="fl-ce"/>
      </object_component>
      <object_component id="oc-2e1">
         <name>.debug_info</name>
         <load_address>0x1fef2</load_address>
         <run_address>0x1fef2</run_address>
         <size>0x590</size>
         <input_file_ref idref="fl-cf"/>
      </object_component>
      <object_component id="oc-2ad">
         <name>.debug_info</name>
         <load_address>0x20482</load_address>
         <run_address>0x20482</run_address>
         <size>0x21e</size>
         <input_file_ref idref="fl-cf"/>
      </object_component>
      <object_component id="oc-385">
         <name>.debug_info</name>
         <load_address>0x206a0</load_address>
         <run_address>0x206a0</run_address>
         <size>0x1b3</size>
         <input_file_ref idref="fl-cf"/>
      </object_component>
      <object_component id="oc-38b">
         <name>.debug_info</name>
         <load_address>0x20853</load_address>
         <run_address>0x20853</run_address>
         <size>0x21b</size>
         <input_file_ref idref="fl-cf"/>
      </object_component>
      <object_component id="oc-2b8">
         <name>.debug_info</name>
         <load_address>0x20a6e</load_address>
         <run_address>0x20a6e</run_address>
         <size>0x3c0</size>
         <input_file_ref idref="fl-cf"/>
      </object_component>
      <object_component id="oc-392">
         <name>.debug_info</name>
         <load_address>0x20e2e</load_address>
         <run_address>0x20e2e</run_address>
         <size>0x30a</size>
         <input_file_ref idref="fl-cf"/>
      </object_component>
      <object_component id="oc-398">
         <name>.debug_info</name>
         <load_address>0x21138</load_address>
         <run_address>0x21138</run_address>
         <size>0x215</size>
         <input_file_ref idref="fl-cf"/>
      </object_component>
      <object_component id="oc-2be">
         <name>.debug_info</name>
         <load_address>0x2134d</load_address>
         <run_address>0x2134d</run_address>
         <size>0x215</size>
         <input_file_ref idref="fl-cf"/>
      </object_component>
      <object_component id="oc-2c4">
         <name>.debug_info</name>
         <load_address>0x21562</load_address>
         <run_address>0x21562</run_address>
         <size>0x304</size>
         <input_file_ref idref="fl-cf"/>
      </object_component>
      <object_component id="oc-2ca">
         <name>.debug_info</name>
         <load_address>0x21866</load_address>
         <run_address>0x21866</run_address>
         <size>0x4b5</size>
         <input_file_ref idref="fl-cf"/>
      </object_component>
[...]
      </symbol>
      <symbol id="sm-ab8">
         <name>__aeabi_dmul</name>
         <value>0x6ce5</value>
         <object_component_ref idref="oc-35f"/>
      </symbol>
      <symbol id="sm-ac2">
         <name>__aeabi_d2iz</name>
         <value>0x7d69</value>
         <object_component_ref idref="oc-36e"/>
      </symbol>
      <symbol id="sm-acc">
         <name>__aeabi_i2d</name>
         <value>0x803d</value>
         <object_component_ref idref="oc-379"/>
      </symbol>
      <symbol id="sm-ae7">
         <name>memcpy</name>
         <value>0x7223</value>
         <object_component_ref idref="oc-3a"/>
      </symbol>
      <symbol id="sm-ae8">
         <name>__aeabi_memcpy</name>
         <value>0x7223</value>
         <object_component_ref idref="oc-3a"/>
      </symbol>
      <symbol id="sm-ae9">
         <name>__aeabi_memcpy8</name>
         <value>0x7223</value>
         <object_component_ref idref="oc-3a"/>
      </symbol>
      <symbol id="sm-aea">
         <name>__aeabi_memcpy4</name>
         <value>0x7223</value>
         <object_component_ref idref="oc-3a"/>
      </symbol>
      <symbol id="sm-af9">
         <name>__aeabi_memset</name>
         <value>0x7583</value>
         <object_component_ref idref="oc-99"/>
      </symbol>
      <symbol id="sm-afa">
         <name>memset</name>
         <value>0x7589</value>
         <object_component_ref idref="oc-99"/>
      </symbol>
      <symbol id="sm-afb">
         <name>__aeabi_memset8</name>
         <value>0x7583</value>
         <object_component_ref idref="oc-99"/>
      </symbol>
      <symbol id="sm-afc">
         <name>__aeabi_memset4</name>
         <value>0x7583</value>
         <object_component_ref idref="oc-99"/>
      </symbol>
      <symbol id="sm-afd">
         <name>__aeabi_memclr8</name>
         <value>0x7581</value>
         <object_component_ref idref="oc-99"/>
      </symbol>
      <symbol id="sm-afe">
         <name>__aeabi_memclr4</name>
         <value>0x7581</value>
         <object_component_ref idref="oc-99"/>
      </symbol>
      <symbol id="sm-aff">
         <name>__aeabi_memclr</name>
         <value>0x7581</value>
         <object_component_ref idref="oc-99"/>
      </symbol>
      <symbol id="sm-b0c">
         <name>__aeabi_uldivmod</name>
         <value>0x72bf</value>
         <object_component_ref idref="oc-358"/>
      </symbol>
      <symbol id="sm-b1e">
         <name>__TI_zero_init</name>
         <value>0x8207</value>
         <object_component_ref idref="oc-4c"/>
      </symbol>
      <symbol id="sm-b35">
         <name>__TI_decompress_none</name>
         <value>0x81eb</value>
         <object_component_ref idref="oc-1d"/>
      </symbol>
      <symbol id="sm-b58">
         <name>__TI_decompress_lzss</name>
         <value>0x7825</value>
         <object_component_ref idref="oc-17"/>
      </symbol>
      <symbol id="sm-b7e">
         <name>C$$EXIT</name>
         <value>0x8231</value>
         <object_component_ref idref="oc-148"/>
      </symbol>
      <symbol id="sm-b7f">
         <name>abort</name>
         <value>0x8231</value>
         <object_component_ref idref="oc-148"/>
      </symbol>
      <symbol id="sm-b80">
         <name>__TI_dtors_ptr</name>
         <value>0x20008978</value>
         <object_component_ref idref="oc-233"/>
      </symbol>
      <symbol id="sm-b81">
         <name>__TI_cleanup_ptr</name>
         <value>0x20008974</value>
         <object_component_ref idref="oc-233"/>
      </symbol>
      <symbol id="sm-b82">
         <name>__TI_enable_exit_profile_output</name>
         <value>0x2000897c</value>
         <object_component_ref idref="oc-233"/>
      </symbol>
      <symbol id="sm-b83">
         <name>exit</name>
         <value>0x7d21</value>
         <object_component_ref idref="oc-14e"/>
      </symbol>
      <symbol id="sm-b98">
         <name>_nop</name>
         <value>0x4467</value>
         <object_component_ref idref="oc-2ec"/>
      </symbol>
      <symbol id="sm-b99">
         <name>_lock</name>
         <value>0x2000898c</value>
         <object_component_ref idref="oc-1e4"/>
      </symbol>
      <symbol id="sm-b9a">
         <name>_unlock</name>
         <value>0x20008990</value>
         <object_component_ref idref="oc-1e4"/>
      </symbol>
      <symbol id="sm-ba9">
         <name>__TI_ltoa</name>
         <value>0x7be3</value>
         <object_component_ref idref="oc-373"/>
      </symbol>
      <symbol id="sm-bbf">
         <name>atoi</name>
         <value>0x7cd5</value>
         <object_component_ref idref="oc-2a5"/>
      </symbol>
      <symbol id="sm-bca">
         <name>_ctypes_</name>
         <value>0x8234</value>
         <object_component_ref idref="oc-353"/>
      </symbol>
      <symbol id="sm-bdf">
         <name>__TI_tmpnams</name>
         <value>0x200081e8</value>
      </symbol>
      <symbol id="sm-be0">
         <name>__aeabi_stdout</name>
         <value>0x2000896c</value>
         <object_component_ref idref="oc-4c4"/>
      </symbol>
      <symbol id="sm-be1">
         <name>__aeabi_stderr</name>
         <value>0x20008970</value>
         <object_component_ref idref="oc-4c4"/>
      </symbol>
      <symbol id="sm-be2">
         <name>__aeabi_stdin</name>
         <value>0x20008968</value>
         <object_component_ref idref="oc-4c4"/>
      </symbol>
      <symbol id="sm-be3">
         <name>_ftable</name>
         <value>0x20008748</value>
         <object_component_ref idref="oc-1e7"/>
      </symbol>
      <symbol id="sm-be4">
         <name>__TI_ft_end</name>
         <value>0x20008964</value>
         <object_component_ref idref="oc-4c4"/>
      </symbol>
      <symbol id="sm-bf4">
         <name>memccpy</name>
         <value>0x814d</value>
         <object_component_ref idref="oc-2ce"/>
      </symbol>
      <symbol id="sm-c04">
         <name>memchr</name>
         <value>0x8111</value>
         <object_component_ref idref="oc-3db"/>
      </symbol>
      <symbol id="sm-c8d">
         <name>_sys_memory</name>
         <value>0x20008348</value>
         <object_component_ref idref="oc-29"/>
      </symbol>
      <symbol id="sm-c8e">
         <name>free</name>
         <value>0x6ed5</value>
         <object_component_ref idref="oc-475"/>
      </symbol>
      <symbol id="sm-c8f">
         <name>memalign</name>
         <value>0x6ae5</value>
         <object_component_ref idref="oc-4b7"/>
      </symbol>
      <symbol id="sm-c90">
         <name>malloc</name>
         <value>0x821d</value>
         <object_component_ref idref="oc-47b"/>
      </symbol>
      <symbol id="sm-c91">
         <name>aligned_alloc</name>
         <value>0x6ae5</value>
         <object_component_ref idref="oc-4b7"/>
      </symbol>
      <symbol id="sm-ca1">
         <name>strchr</name>
         <value>0x819b</value>
         <object_component_ref idref="oc-3aa"/>
      </symbol>
      <symbol id="sm-caf">
         <name>strlen</name>
         <value>0x81c5</value>
         <object_component_ref idref="oc-29f"/>
      </symbol>
      <symbol id="sm-cc9">
         <name>write</name>
         <value>0x80e9</value>
         <object_component_ref idref="oc-3e7"/>
      </symbol>
      <symbol id="sm-cda">
         <name>_stream</name>
         <value>0x200088b0</value>
         <object_component_ref idref="oc-455"/>
      </symbol>
      <symbol id="sm-cdb">
         <name>_device</name>
         <value>0x20008838</value>
         <object_component_ref idref="oc-494"/>
      </symbol>
      <symbol id="sm-cf1">
         <name>__aeabi_errno_addr</name>
         <value>0x8215</value>
         <object_component_ref idref="oc-2da"/>
      </symbol>
      <symbol id="sm-cf2">
         <name>errno</name>
         <value>0x2000899c</value>
         <object_component_ref idref="oc-3ba"/>
      </symbol>
      <symbol id="sm-d05">
         <name>__stack</name>
         <value>0x2000fe00</value>
         <object_component_ref idref="oc-2c"/>
      </symbol>
      <symbol id="sm-d06">
         <name>_c_int00_noargs</name>
         <value>0x7fd9</value>
         <object_component_ref idref="oc-58"/>
      </symbol>
      <symbol id="sm-d26">
         <name>frexpl</name>
         <value>0x78f5</value>
         <object_component_ref idref="oc-39e"/>
      </symbol>
      <symbol id="sm-d27">
         <name>frexp</name>
         <value>0x78f5</value>
         <object_component_ref idref="oc-39e"/>
      </symbol>
      <symbol id="sm-d44">
         <name>scalbn</name>
         <value>0x69d5</value>
         <object_component_ref idref="oc-3a4"/>
      </symbol>
      <symbol id="sm-d45">
         <name>scalbnl</name>
         <value>0x69d5</value>
         <object_component_ref idref="oc-3a4"/>
      </symbol>
      <symbol id="sm-d46">
         <name>ldexpl</name>
         <value>0x69d5</value>
         <object_component_ref idref="oc-3a4"/>
      </symbol>
      <symbol id="sm-d47">
         <name>ldexp</name>
         <value>0x69d5</value>
         <object_component_ref idref="oc-3a4"/>
      </symbol>
      <symbol id="sm-d51">
         <name>copysign</name>
         <value>0x8169</value>
         <object_component_ref idref="oc-427"/>
      </symbol>
      <symbol id="sm-d52">
         <name>copysignl</name>
         <value>0x8169</value>
         <object_component_ref idref="oc-427"/>
      </symbol>
      <symbol id="sm-d6b">
         <name>wcslen</name>
         <value>0x81d9</value>
         <object_component_ref idref="oc-2d4"/>
      </symbol>
      <symbol id="sm-d7b">
         <name>__TI_doflush</name>
         <value>0x7c89</value>
         <object_component_ref idref="oc-3e1"/>
      </symbol>
      <symbol id="sm-d8b">
         <name>__TI_cleanup</name>
         <value>0x7f71</value>
         <object_component_ref idref="oc-481"/>
      </symbol>
      <symbol id="sm-d9d">
         <name>fseek</name>
         <value>0x7959</value>
         <object_component_ref idref="oc-443"/>
      </symbol>
      <symbol id="sm-da7">
         <name>__aeabi_idiv0</name>
         <value>0x626f</value>
         <object_component_ref idref="oc-40e"/>
      </symbol>
      <symbol id="sm-da8">
         <name>__aeabi_ldiv0</name>
         <value>0x626f</value>
         <object_component_ref idref="oc-40e"/>
      </symbol>
      <symbol id="sm-dd0">
         <name>__TI_auto_init_nobinit_nopinit</name>
         <value>0x7e39</value>
         <object_component_ref idref="oc-154"/>
      </symbol>
      <symbol id="sm-dda">
         <name>_system_pre_init</name>
         <value>0x822d</value>
         <object_component_ref idref="oc-9f"/>
      </symbol>
      <symbol id="sm-ded">
         <name>HOSTclose</name>
         <value>0x7db1</value>
         <object_component_ref idref="oc-4d0"/>
      </symbol>
      <symbol id="sm-dfe">
         <name>HOSTlseek</name>
         <value>0x77bd</value>
         <object_component_ref idref="oc-4e2"/>
      </symbol>
      <symbol id="sm-e10">
         <name>parmbuf</name>
         <value>0x2000832c</value>
      </symbol>
      <symbol id="sm-e11">
         <name>HOSTopen</name>
         <value>0x7a21</value>
         <object_component_ref idref="oc-4ca"/>
      </symbol>
      <symbol id="sm-e22">
         <name>HOSTread</name>
         <value>0x7add</value>
         <object_component_ref idref="oc-4d6"/>
      </symbol>
      <symbol id="sm-e33">
         <name>HOSTrename</name>
         <value>0x7751</value>
         <object_component_ref idref="oc-4ee"/>
      </symbol>
      <symbol id="sm-e44">
         <name>HOSTunlink</name>
         <value>0x7df5</value>
         <object_component_ref idref="oc-4e8"/>
      </symbol>
      <symbol id="sm-e55">
         <name>HOSTwrite</name>
         <value>0x7b35</value>
         <object_component_ref idref="oc-4dc"/>
      </symbol>
      <symbol id="sm-e79">
         <name>__TI_readmsg</name>
         <value>0x7fa5</value>
         <object_component_ref idref="oc-51d"/>
      </symbol>
      <symbol id="sm-e7a">
         <name>C$$IO$$</name>
         <value>0x7f2f</value>
         <object_component_ref idref="oc-517"/>
      </symbol>
      <symbol id="sm-e7b">
         <name>__CIOBUF_</name>
         <value>0x20008000</value>
         <object_component_ref idref="oc-548"/>
      </symbol>
      <symbol id="sm-e7c">
         <name>__TI_writemsg</name>
         <value>0x7f01</value>
         <object_component_ref idref="oc-517"/>
      </symbol>
      <symbol id="sm-e8d">
         <name>lseek</name>
         <value>0x80c1</value>
         <object_component_ref idref="oc-46d"/>
      </symbol>
      <symbol id="sm-ea2">
         <name>__TI_closefile</name>
         <value>0x75fd</value>
         <object_component_ref idref="oc-4be"/>
      </symbol>
      <symbol id="sm-ec5">
         <name>finddevice</name>
         <value>0x800d</value>
         <object_component_ref idref="oc-566"/>
      </symbol>
      <symbol id="sm-ec6">
         <name>getdevice</name>
         <value>0x7e7d</value>
         <object_component_ref idref="oc-53e"/>
      </symbol>
      <symbol id="sm-ed5">
         <name>strcmp</name>
         <value>0x8183</value>
         <object_component_ref idref="oc-57d"/>
      </symbol>
      <symbol id="sm-ee3">
         <name>strcpy</name>
         <value>0x81b1</value>
         <object_component_ref idref="oc-531"/>
      </symbol>
      <symbol id="sm-ef3">
         <name>strncpy</name>
         <value>0x7f39</value>
         <object_component_ref idref="oc-560"/>
      </symbol>
      <symbol id="sm-f08">
         <name>close</name>
         <value>0x7a81</value>
         <object_component_ref idref="oc-506"/>
      </symbol>
      <symbol id="sm-f18">
         <name>unlink</name>
         <value>0x806d</value>
         <object_component_ref idref="oc-50c"/>
      </symbol>
      <symbol id="sm-f19">
         <name>__TI_static_base__</name>
         <value>0x0</value>
      </symbol>
      <symbol id="sm-f1c">
         <name>__mpu_init</name>
         <value>0x0</value>
      </symbol>
      <symbol id="sm-f1d">
         <name>_system_post_cinit</name>
         <value>0x0</value>
      </symbol>
      <symbol id="sm-f1e">
         <name>NMI_Handler</name>
         <value>0x8205</value>
      </symbol>
      <symbol id="sm-f1f">
         <name>HardFault_Handler</name>
         <value>0x8205</value>
      </symbol>
      <symbol id="sm-f20">
         <name>MemManage_Handler</name>
         <value>0x8205</value>
      </symbol>
      <symbol id="sm-f21">
         <name>BusFault_Handler</name>
         <value>0x8205</value>
      </symbol>
      <symbol id="sm-f22">
         <name>UsageFault_Handler</name>
         <value>0x8205</value>
      </symbol>
      <symbol id="sm-f23">
         <name>SVC_Handler</name>
         <value>0x8205</value>
      </symbol>
      <symbol id="sm-f24">
         <name>DebugMon_Handler</name>
         <value>0x8205</value>
      </symbol>
      <symbol id="sm-f25">
         <name>PendSV_Handler</name>
         <value>0x8205</value>
      </symbol>
      <symbol id="sm-f26">
         <name>SysTick_Handler</name>
         <value>0x8205</value>
      </symbol>
      <symbol id="sm-f27">
         <name>PSS_IRQHandler</name>
         <value>0x8205</value>
      </symbol>
      <symbol id="sm-f28">
         <name>CS_IRQHandler</name>
         <value>0x8205</value>
      </symbol>
      <symbol id="sm-f29">
         <name>PCM_IRQHandler</name>
         <value>0x8205</value>
      </symbol>
      <symbol id="sm-f2a">
         <name>WDT_A_IRQHandler</name>
         <value>0x8205</value>
      </symbol>
      <symbol id="sm-f2b">
         <name>FPU_IRQHandler</name>
         <value>0x8205</value>
      </symbol>
      <symbol id="sm-f2c">
         <name>FLCTL_IRQHandler</name>
         <value>0x8205</value>
      </symbol>
      <symbol id="sm-f2d">
         <name>COMP_E0_IRQHandler</name>
         <value>0x8205</value>
      </symbol>
      <symbol id="sm-f2e">
         <name>COMP_E1_IRQHandler</name>
         <value>0x8205</value>
      </symbol>
      <symbol id="sm-f2f">
         <name>TA0_0_IRQHandler</name>
         <value>0x8205</value>
      </symbol>
      <symbol id="sm-f30">
         <name>TA0_N_IRQHandler</name>
         <value>0x8205</value>
      </symbol>
      <symbol id="sm-f31">
         <name>TA1_0_IRQHandler</name>
         <value>0x8205</value>
      </symbol>
      <symbol id="sm-f32">
         <name>TA1_N_IRQHandler</name>
         <value>0x8205</value>
      </symbol>
      <symbol id="sm-f33">
         <name>TA2_0_IRQHandler</name>
         <value>0x8205</value>
      </symbol>
      <symbol id="sm-f34">
         <name>TA2_N_IRQHandler</name>
         <value>0x8205</value>
      </symbol>
      <symbol id="sm-f35">
         <name>TA3_0_IRQHandler</name>
         <value>0x8205</value>
      </symbol>
      <symbol id="sm-f36">
         <name>TA3_N_IRQHandler</name>
         <value>0x8205</value>
      </symbol>
      <symbol id="sm-f37">
         <name>EUSCIA0_IRQHandler</name>
         <value>0x8205</value>
      </symbol>
      <symbol id="sm-f38">
         <name>EUSCIA1_IRQHandler</name>
         <value>0x8205</value>
      </symbol>
      <symbol id="sm-f39">
         <name>EUSCIA2_IRQHandler</name>
         <value>0x8205</value>
      </symbol>
      <symbol id="sm-f3a">
         <name>EUSCIA3_IRQHandler</name>
         <value>0x8205</value>
      </symbol>
      <symbol id="sm-f3b">
         <name>EUSCIB0_IRQHandler</name>
         <value>0x8205</value>
      </symbol>
      <symbol id="sm-f3c">
         <name>EUSCIB1_IRQHandler</name>
         <value>0x8205</value>
      </symbol>
      <symbol id="sm-f3d">
         <name>EUSCIB2_IRQHandler</name>
         <value>0x8205</value>
      </symbol>
      <symbol id="sm-f3e">
         <name>EUSCIB3_IRQHandler</name>
         <value>0x8205</value>
      </symbol>
      <symbol id="sm-f3f">
         <name>ADC14_IRQHandler</name>
         <value>0x8205</value>
      </symbol>
      <symbol id="sm-f40">
         <name>T32_INT1_IRQHandler</name>
         <value>0x8205</value>
      </symbol>
      <symbol id="sm-f41">
         <name>T32_INT2_IRQHandler</name>
         <value>0x8205</value>
      </symbol>
      <symbol id="sm-f42">
         <name>T32_INTC_IRQHandler</name>
         <value>0x8205</value>
      </symbol>
      <symbol id="sm-f43">
         <name>AES256_IRQHandler</name>
         <value>0x8205</value>
      </symbol>
      <symbol id="sm-f44">
         <name>RTC_C_IRQHandler</name>
         <value>0x8205</value>
      </symbol>
      <symbol id="sm-f45">
         <name>DMA_ERR_IRQHandler</name>
         <value>0x8205</value>
      </symbol>
      <symbol id="sm-f46">
         <name>DMA_INT3_IRQHandler</name>
         <value>0x8205</value>
      </symbol>
      <symbol id="sm-f47">
         <name>DMA_INT2_IRQHandler</name>
         <value>0x8205</value>
      </symbol>
      <symbol id="sm-f48">
         <name>DMA_INT1_IRQHandler</name>
         <value>0x8205</value>
      </symbol>
      <symbol id="sm-f49">
         <name>DMA_INT0_IRQHandler</name>
         <value>0x8205</value>
      </symbol>
      <symbol id="sm-f4a">
         <name>PORT1_IRQHandler</name>
         <value>0x8205</value>
      </symbol>
      <symbol id="sm-f4b">
         <name>PORT2_IRQHandler</name>
         <value>0x8205</value>
      </symbol>
      <symbol id="sm-f4c">
         <name>PORT3_IRQHandler</name>
         <value>0x8205</value>
      </symbol>
      <symbol id="sm-f4d">
         <name>PORT4_IRQHandler</name>
         <value>0x8205</value>
      </symbol>
      <symbol id="sm-f4e">
         <name>PORT5_IRQHandler</name>
         <value>0x8205</value>
      </symbol>
      <symbol id="sm-f4f">
         <name>PORT6_IRQHandler</name>
         <value>0x8205</value>
      </symbol>
      <symbol id="sm-f50">
         <name>remove</name>
         <value>0x806d</value>
      </symbol>
   </symbol_table>
   <title>Link successful</title>
</link_info>
