<?xml version="1.0" encoding="ISO-8859-1" ?>
<link_info>
   <banner>TI ARM Linker PC v20.2.6.LTS</banner>
   <copyright>Copyright (c) 1996-2018 Texas Instruments Incorporated</copyright>
   <link_time>0x6385034f</link_time>
   <link_errors>0x0</link_errors>
   <output_file>15-ice-queues.out</output_file>
   <entry_point>
      <name>_c_int00_noargs</name>
      <address>0x7eb9</address>
   </entry_point>
   <input_file_list>
      <input_file id="fl-2">
         <path>.\</path>
         <kind>object</kind>
         <file>main.obj</file>
         <name>main.obj</name>
      </input_file>
      <input_file id="fl-3">
         <path>.\</path>
         <kind>object</kind>
         <file>startup_msp432p401r_ccs.obj</file>
         <name>startup_msp432p401r_ccs.obj</name>
      </input_file>
      <input_file id="fl-4">
         <path>.\</path>
         <kind>object</kind>
         <file>system_msp432p401r.obj</file>
         <name>system_msp432p401r.obj</name>
      </input_file>
      <input_file id="fl-5">
         <path>.\</path>
         <kind>object</kind>
         <file>task_led.obj</file>
         <name>task_led.obj</name>
      </input_file>
      <input_file id="fl-6">
         <path>.\</path>
         <kind>object</kind>
         <file>task_mkII_s1.obj</file>
         <name>task_mkII_s1.obj</name>
      </input_file>
      <input_file id="fl-7">
         <path>.\</path>
         <kind>object</kind>
         <file>task_mkII_s2.obj</file>
         <name>task_mkII_s2.obj</name>
      </input_file>
      <input_file id="fl-8">
         <path>.\FreeRTOS\</path>
         <kind>object</kind>
         <file>croutine.obj</file>
         <name>croutine.obj</name>
      </input_file>
      <input_file id="fl-9">
         <path>.\FreeRTOS\</path>
         <kind>object</kind>
         <file>event_groups.obj</file>
         <name>event_groups.obj</name>
      </input_file>
      <input_file id="fl-a">
         <path>.\FreeRTOS\</path>
         <kind>object</kind>
         <file>heap_4.obj</file>
         <name>heap_4.obj</name>
      </input_file>
      <input_file id="fl-b">
         <path>.\FreeRTOS\</path>
         <kind>object</kind>
         <file>list.obj</file>
         <name>list.obj</name>
      </input_file>
      <input_file id="fl-c">
         <path>.\FreeRTOS\</path>
         <kind>object</kind>
         <file>queue.obj</file>
         <name>queue.obj</name>
      </input_file>
      <input_file id="fl-d">
         <path>.\FreeRTOS\</path>
         <kind>object</kind>
         <file>stream_buffer.obj</file>
         <name>stream_buffer.obj</name>
      </input_file>
      <input_file id="fl-e">
         <path>.\FreeRTOS\</path>
         <kind>object</kind>
         <file>tasks.obj</file>
         <name>tasks.obj</name>
      </input_file>
      <input_file id="fl-f">
         <path>.\FreeRTOS\</path>
         <kind>object</kind>
         <file>timers.obj</file>
         <name>timers.obj</name>
      </input_file>
      <input_file id="fl-10">
         <path>.\FreeRTOS\portable\</path>
         <kind>object</kind>
         <file>port.obj</file>
         <name>port.obj</name>
      </input_file>
      <input_file id="fl-11">
         <path>.\FreeRTOS\portable\</path>
         <kind>object</kind>
         <file>portasm.obj</file>
         <name>portasm.obj</name>
      </input_file>
      <input_file id="fl-16">
         <kind>object</kind>
         <file>&lt;internal&gt;</file>
         <name>&lt;internal&gt;</name>
      </input_file>
      <input_file id="fl-17">
         <path>..\</path>
         <kind>archive</kind>
         <file>ece353_staff.lib</file>
         <name>ece353_staff.obj</name>
      </input_file>
      <input_file id="fl-cd">
         <path>C:\ti\ccs1200\ccs\tools\compiler\ti-cgt-arm_20.2.6.LTS\lib\</path>
         <kind>archive</kind>
         <file>rtsv7M4_T_le_v4SPD16_eabi.lib</file>
         <name>printf.c.obj</name>
      </input_file>
      <input_file id="fl-ce">
         <path>C:\ti\ccs1200\ccs\tools\compiler\ti-cgt-arm_20.2.6.LTS\lib\</path>
         <kind>archive</kind>
         <file>rtsv7M4_T_le_v4SPD16_eabi.lib</file>
         <name>_printfi.c.obj</name>
      </input_file>
      <input_file id="fl-cf">
         <path>C:\ti\ccs1200\ccs\tools\compiler\ti-cgt-arm_20.2.6.LTS\lib\</path>
         <kind>archive</kind>
         <file>rtsv7M4_T_le_v4SPD16_eabi.lib</file>
         <name>fputs.c.obj</name>
      </input_file>
      <input_file id="fl-d0">
         <path>C:\ti\ccs1200\ccs\tools\compiler\ti-cgt-arm_20.2.6.LTS\lib\</path>
         <kind>archive</kind>
         <file>rtsv7M4_T_le_v4SPD16_eabi.lib</file>
         <name>_io_perm.c.obj</name>
      </input_file>
      <input_file id="fl-d1">
         <path>C:\ti\ccs1200\ccs\tools\compiler\ti-cgt-arm_20.2.6.LTS\lib\</path>
         <kind>archive</kind>
         <file>rtsv7M4_T_le_v4SPD16_eabi.lib</file>
         <name>setvbuf.c.obj</name>
      </input_file>
      <input_file id="fl-d2">
         <path>C:\ti\ccs1200\ccs\tools\compiler\ti-cgt-arm_20.2.6.LTS\lib\</path>
         <kind>archive</kind>
         <file>rtsv7M4_T_le_v4SPD16_eabi.lib</file>
         <name>fd_add_t2.asm.obj</name>
      </input_file>
      <input_file id="fl-d3">
         <path>C:\ti\ccs1200\ccs\tools\compiler\ti-cgt-arm_20.2.6.LTS\lib\</path>
         <kind>archive</kind>
         <file>rtsv7M4_T_le_v4SPD16_eabi.lib</file>
         <name>fd_cmp_t2.asm.obj</name>
      </input_file>
      <input_file id="fl-d4">
         <path>C:\ti\ccs1200\ccs\tools\compiler\ti-cgt-arm_20.2.6.LTS\lib\</path>
         <kind>archive</kind>
         <file>rtsv7M4_T_le_v4SPD16_eabi.lib</file>
         <name>fd_div_t2.asm.obj</name>
      </input_file>
      <input_file id="fl-d5">
         <path>C:\ti\ccs1200\ccs\tools\compiler\ti-cgt-arm_20.2.6.LTS\lib\</path>
         <kind>archive</kind>
         <file>rtsv7M4_T_le_v4SPD16_eabi.lib</file>
         <name>fd_mul_t2.asm.obj</name>
      </input_file>
      <input_file id="fl-d6">
         <path>C:\ti\ccs1200\ccs\tools\compiler\ti-cgt-arm_20.2.6.LTS\lib\</path>
         <kind>archive</kind>
         <file>rtsv7M4_T_le_v4SPD16_eabi.lib</file>
         <name>fd_toi_t2.asm.obj</name>
      </input_file>
      <input_file id="fl-d7">
         <path>C:\ti\ccs1200\ccs\tools\compiler\ti-cgt-arm_20.2.6.LTS\lib\</path>
         <kind>archive</kind>
         <file>rtsv7M4_T_le_v4SPD16_eabi.lib</file>
         <name>i_tofd_t2.asm.obj</name>
      </input_file>
      <input_file id="fl-d8">
         <path>C:\ti\ccs1200\ccs\tools\compiler\ti-cgt-arm_20.2.6.LTS\lib\</path>
         <kind>archive</kind>
         <file>rtsv7M4_T_le_v4SPD16_eabi.lib</file>
         <name>memcpy_t2.asm.obj</name>
      </input_file>
      <input_file id="fl-d9">
         <path>C:\ti\ccs1200\ccs\tools\compiler\ti-cgt-arm_20.2.6.LTS\lib\</path>
         <kind>archive</kind>
         <file>rtsv7M4_T_le_v4SPD16_eabi.lib</file>
         <name>memset_t2.asm.obj</name>
      </input_file>
      <input_file id="fl-da">
         <path>C:\ti\ccs1200\ccs\tools\compiler\ti-cgt-arm_20.2.6.LTS\lib\</path>
         <kind>archive</kind>
         <file>rtsv7M4_T_le_v4SPD16_eabi.lib</file>
         <name>ull_div_t2.asm.obj</name>
      </input_file>
      <input_file id="fl-db">
         <path>C:\ti\ccs1200\ccs\tools\compiler\ti-cgt-arm_20.2.6.LTS\lib\</path>
         <kind>archive</kind>
         <file>rtsv7M4_T_le_v4SPD16_eabi.lib</file>
         <name>copy_zero_init.c.obj</name>
      </input_file>
      <input_file id="fl-dc">
         <path>C:\ti\ccs1200\ccs\tools\compiler\ti-cgt-arm_20.2.6.LTS\lib\</path>
         <kind>archive</kind>
         <file>rtsv7M4_T_le_v4SPD16_eabi.lib</file>
         <name>copy_decompress_none.c.obj</name>
      </input_file>
      <input_file id="fl-dd">
         <path>C:\ti\ccs1200\ccs\tools\compiler\ti-cgt-arm_20.2.6.LTS\lib\</path>
         <kind>archive</kind>
         <file>rtsv7M4_T_le_v4SPD16_eabi.lib</file>
         <name>copy_decompress_lzss.c.obj</name>
      </input_file>
      <input_file id="fl-de">
         <path>C:\ti\ccs1200\ccs\tools\compiler\ti-cgt-arm_20.2.6.LTS\lib\</path>
         <kind>archive</kind>
         <file>rtsv7M4_T_le_v4SPD16_eabi.lib</file>
         <name>exit.c.obj</name>
      </input_file>
      <input_file id="fl-df">
         <path>C:\ti\ccs1200\ccs\tools\compiler\ti-cgt-arm_20.2.6.LTS\lib\</path>
         <kind>archive</kind>
         <file>rtsv7M4_T_le_v4SPD16_eabi.lib</file>
         <name>_lock.c.obj</name>
      </input_file>
      <input_file id="fl-e0">
         <path>C:\ti\ccs1200\ccs\tools\compiler\ti-cgt-arm_20.2.6.LTS\lib\</path>
         <kind>archive</kind>
         <file>rtsv7M4_T_le_v4SPD16_eabi.lib</file>
         <name>_ltoa.c.obj</name>
      </input_file>
      <input_file id="fl-e1">
         <path>C:\ti\ccs1200\ccs\tools\compiler\ti-cgt-arm_20.2.6.LTS\lib\</path>
         <kind>archive</kind>
         <file>rtsv7M4_T_le_v4SPD16_eabi.lib</file>
         <name>atoi.c.obj</name>
      </input_file>
      <input_file id="fl-e2">
         <path>C:\ti\ccs1200\ccs\tools\compiler\ti-cgt-arm_20.2.6.LTS\lib\</path>
         <kind>archive</kind>
         <file>rtsv7M4_T_le_v4SPD16_eabi.lib</file>
         <name>ctype.c.obj</name>
      </input_file>
      <input_file id="fl-e3">
         <path>C:\ti\ccs1200\ccs\tools\compiler\ti-cgt-arm_20.2.6.LTS\lib\</path>
         <kind>archive</kind>
         <file>rtsv7M4_T_le_v4SPD16_eabi.lib</file>
         <name>defs.c.obj</name>
      </input_file>
      <input_file id="fl-e4">
         <path>C:\ti\ccs1200\ccs\tools\compiler\ti-cgt-arm_20.2.6.LTS\lib\</path>
         <kind>archive</kind>
         <file>rtsv7M4_T_le_v4SPD16_eabi.lib</file>
         <name>memccpy.c.obj</name>
      </input_file>
      <input_file id="fl-e5">
         <path>C:\ti\ccs1200\ccs\tools\compiler\ti-cgt-arm_20.2.6.LTS\lib\</path>
         <kind>archive</kind>
         <file>rtsv7M4_T_le_v4SPD16_eabi.lib</file>
         <name>memchr.c.obj</name>
      </input_file>
      <input_file id="fl-e6">
         <path>C:\ti\ccs1200\ccs\tools\compiler\ti-cgt-arm_20.2.6.LTS\lib\</path>
         <kind>archive</kind>
         <file>rtsv7M4_T_le_v4SPD16_eabi.lib</file>
         <name>memory.c.obj</name>
      </input_file>
      <input_file id="fl-e7">
         <path>C:\ti\ccs1200\ccs\tools\compiler\ti-cgt-arm_20.2.6.LTS\lib\</path>
         <kind>archive</kind>
         <file>rtsv7M4_T_le_v4SPD16_eabi.lib</file>
         <name>strchr.c.obj</name>
      </input_file>
      <input_file id="fl-e8">
         <path>C:\ti\ccs1200\ccs\tools\compiler\ti-cgt-arm_20.2.6.LTS\lib\</path>
         <kind>archive</kind>
         <file>rtsv7M4_T_le_v4SPD16_eabi.lib</file>
         <name>strlen.c.obj</name>
      </input_file>
      <input_file id="fl-e9">
         <path>C:\ti\ccs1200\ccs\tools\compiler\ti-cgt-arm_20.2.6.LTS\lib\</path>
         <kind>archive</kind>
         <file>rtsv7M4_T_le_v4SPD16_eabi.lib</file>
         <name>write.c.obj</name>
      </input_file>
      <input_file id="fl-ea">
         <path>C:\ti\ccs1200\ccs\tools\compiler\ti-cgt-arm_20.2.6.LTS\lib\</path>
         <kind>archive</kind>
         <file>rtsv7M4_T_le_v4SPD16_eabi.lib</file>
         <name>host_device.c.obj</name>
      </input_file>
      <input_file id="fl-eb">
         <path>C:\ti\ccs1200\ccs\tools\compiler\ti-cgt-arm_20.2.6.LTS\lib\</path>
         <kind>archive</kind>
         <file>rtsv7M4_T_le_v4SPD16_eabi.lib</file>
         <name>errno.c.obj</name>
      </input_file>
      <input_file id="fl-ec">
         <path>C:\ti\ccs1200\ccs\tools\compiler\ti-cgt-arm_20.2.6.LTS\lib\</path>
         <kind>archive</kind>
         <file>rtsv7M4_T_le_v4SPD16_eabi.lib</file>
         <name>boot_cortex_m.c.obj</name>
      </input_file>
      <input_file id="fl-ed">
         <path>C:\ti\ccs1200\ccs\tools\compiler\ti-cgt-arm_20.2.6.LTS\lib\</path>
         <kind>archive</kind>
         <file>rtsv7M4_T_le_v4SPD16_eabi.lib</file>
         <name>s_frexp.c.obj</name>
      </input_file>
      <input_file id="fl-ee">
         <path>C:\ti\ccs1200\ccs\tools\compiler\ti-cgt-arm_20.2.6.LTS\lib\</path>
         <kind>archive</kind>
         <file>rtsv7M4_T_le_v4SPD16_eabi.lib</file>
         <name>s_scalbn.c.obj</name>
      </input_file>
      <input_file id="fl-ef">
         <path>C:\ti\ccs1200\ccs\tools\compiler\ti-cgt-arm_20.2.6.LTS\lib\</path>
         <kind>archive</kind>
         <file>rtsv7M4_T_le_v4SPD16_eabi.lib</file>
         <name>s_copysign.c.obj</name>
      </input_file>
      <input_file id="fl-f0">
         <path>C:\ti\ccs1200\ccs\tools\compiler\ti-cgt-arm_20.2.6.LTS\lib\</path>
         <kind>archive</kind>
         <file>rtsv7M4_T_le_v4SPD16_eabi.lib</file>
         <name>wcslen.c.obj</name>
      </input_file>
      <input_file id="fl-f1">
         <path>C:\ti\ccs1200\ccs\tools\compiler\ti-cgt-arm_20.2.6.LTS\lib\</path>
         <kind>archive</kind>
         <file>rtsv7M4_T_le_v4SPD16_eabi.lib</file>
         <name>fflush.c.obj</name>
      </input_file>
      <input_file id="fl-f2">
         <path>C:\ti\ccs1200\ccs\tools\compiler\ti-cgt-arm_20.2.6.LTS\lib\</path>
         <kind>archive</kind>
         <file>rtsv7M4_T_le_v4SPD16_eabi.lib</file>
         <name>fopen.c.obj</name>
      </input_file>
      <input_file id="fl-f3">
         <path>C:\ti\ccs1200\ccs\tools\compiler\ti-cgt-arm_20.2.6.LTS\lib\</path>
         <kind>archive</kind>
         <file>rtsv7M4_T_le_v4SPD16_eabi.lib</file>
         <name>fseek.c.obj</name>
      </input_file>
      <input_file id="fl-f4">
         <path>C:\ti\ccs1200\ccs\tools\compiler\ti-cgt-arm_20.2.6.LTS\lib\</path>
         <kind>archive</kind>
         <file>rtsv7M4_T_le_v4SPD16_eabi.lib</file>
         <name>div0.asm.obj</name>
      </input_file>
      <input_file id="fl-f5">
         <path>C:\ti\ccs1200\ccs\tools\compiler\ti-cgt-arm_20.2.6.LTS\lib\</path>
         <kind>archive</kind>
         <file>rtsv7M4_T_le_v4SPD16_eabi.lib</file>
         <name>autoinit.c.obj</name>
      </input_file>
      <input_file id="fl-f6">
         <path>C:\ti\ccs1200\ccs\tools\compiler\ti-cgt-arm_20.2.6.LTS\lib\</path>
         <kind>archive</kind>
         <file>rtsv7M4_T_le_v4SPD16_eabi.lib</file>
         <name>pre_init.c.obj</name>
      </input_file>
      <input_file id="fl-f7">
         <path>C:\ti\ccs1200\ccs\tools\compiler\ti-cgt-arm_20.2.6.LTS\lib\</path>
         <kind>archive</kind>
         <file>rtsv7M4_T_le_v4SPD16_eabi.lib</file>
         <name>cpy_tbl.c.obj</name>
      </input_file>
      <input_file id="fl-f8">
         <path>C:\ti\ccs1200\ccs\tools\compiler\ti-cgt-arm_20.2.6.LTS\lib\</path>
         <kind>archive</kind>
         <file>rtsv7M4_T_le_v4SPD16_eabi.lib</file>
         <name>args_main.c.obj</name>
      </input_file>
      <input_file id="fl-f9">
         <path>C:\ti\ccs1200\ccs\tools\compiler\ti-cgt-arm_20.2.6.LTS\lib\</path>
         <kind>archive</kind>
         <file>rtsv7M4_T_le_v4SPD16_eabi.lib</file>
         <name>hostclose.c.obj</name>
      </input_file>
      <input_file id="fl-fa">
         <path>C:\ti\ccs1200\ccs\tools\compiler\ti-cgt-arm_20.2.6.LTS\lib\</path>
         <kind>archive</kind>
         <file>rtsv7M4_T_le_v4SPD16_eabi.lib</file>
         <name>hostlseek.c.obj</name>
      </input_file>
      <input_file id="fl-fb">
         <path>C:\ti\ccs1200\ccs\tools\compiler\ti-cgt-arm_20.2.6.LTS\lib\</path>
         <kind>archive</kind>
         <file>rtsv7M4_T_le_v4SPD16_eabi.lib</file>
         <name>hostopen.c.obj</name>
      </input_file>
      <input_file id="fl-fc">
         <path>C:\ti\ccs1200\ccs\tools\compiler\ti-cgt-arm_20.2.6.LTS\lib\</path>
         <kind>archive</kind>
         <file>rtsv7M4_T_le_v4SPD16_eabi.lib</file>
         <name>hostread.c.obj</name>
      </input_file>
      <input_file id="fl-fd">
         <path>C:\ti\ccs1200\ccs\tools\compiler\ti-cgt-arm_20.2.6.LTS\lib\</path>
         <kind>archive</kind>
         <file>rtsv7M4_T_le_v4SPD16_eabi.lib</file>
         <name>hostrename.c.obj</name>
      </input_file>
      <input_file id="fl-fe">
         <path>C:\ti\ccs1200\ccs\tools\compiler\ti-cgt-arm_20.2.6.LTS\lib\</path>
         <kind>archive</kind>
         <file>rtsv7M4_T_le_v4SPD16_eabi.lib</file>
         <name>hostunlink.c.obj</name>
      </input_file>
      <input_file id="fl-ff">
         <path>C:\ti\ccs1200\ccs\tools\compiler\ti-cgt-arm_20.2.6.LTS\lib\</path>
         <kind>archive</kind>
         <file>rtsv7M4_T_le_v4SPD16_eabi.lib</file>
         <name>hostwrite.c.obj</name>
      </input_file>
      <input_file id="fl-100">
         <path>C:\ti\ccs1200\ccs\tools\compiler\ti-cgt-arm_20.2.6.LTS\lib\</path>
         <kind>archive</kind>
         <file>rtsv7M4_T_le_v4SPD16_eabi.lib</file>
         <name>trgmsg.c.obj</name>
      </input_file>
      <input_file id="fl-101">
         <path>C:\ti\ccs1200\ccs\tools\compiler\ti-cgt-arm_20.2.6.LTS\lib\</path>
         <kind>archive</kind>
         <file>rtsv7M4_T_le_v4SPD16_eabi.lib</file>
         <name>open.c.obj</name>
      </input_file>
      <input_file id="fl-102">
         <path>C:\ti\ccs1200\ccs\tools\compiler\ti-cgt-arm_20.2.6.LTS\lib\</path>
         <kind>archive</kind>
         <file>rtsv7M4_T_le_v4SPD16_eabi.lib</file>
         <name>lseek.c.obj</name>
      </input_file>
      <input_file id="fl-103">
         <path>C:\ti\ccs1200\ccs\tools\compiler\ti-cgt-arm_20.2.6.LTS\lib\</path>
         <kind>archive</kind>
         <file>rtsv7M4_T_le_v4SPD16_eabi.lib</file>
         <name>fclose.c.obj</name>
      </input_file>
      <input_file id="fl-104">
         <path>C:\ti\ccs1200\ccs\tools\compiler\ti-cgt-arm_20.2.6.LTS\lib\</path>
         <kind>archive</kind>
         <file>rtsv7M4_T_le_v4SPD16_eabi.lib</file>
         <name>getdevice.c.obj</name>
      </input_file>
      <input_file id="fl-105">
         <path>C:\ti\ccs1200\ccs\tools\compiler\ti-cgt-arm_20.2.6.LTS\lib\</path>
         <kind>archive</kind>
         <file>rtsv7M4_T_le_v4SPD16_eabi.lib</file>
         <name>strcmp.c.obj</name>
      </input_file>
      <input_file id="fl-106">
         <path>C:\ti\ccs1200\ccs\tools\compiler\ti-cgt-arm_20.2.6.LTS\lib\</path>
         <kind>archive</kind>
         <file>rtsv7M4_T_le_v4SPD16_eabi.lib</file>
         <name>strcpy.c.obj</name>
      </input_file>
      <input_file id="fl-107">
         <path>C:\ti\ccs1200\ccs\tools\compiler\ti-cgt-arm_20.2.6.LTS\lib\</path>
         <kind>archive</kind>
         <file>rtsv7M4_T_le_v4SPD16_eabi.lib</file>
         <name>strncpy.c.obj</name>
      </input_file>
      <input_file id="fl-108">
         <path>C:\ti\ccs1200\ccs\tools\compiler\ti-cgt-arm_20.2.6.LTS\lib\</path>
         <kind>archive</kind>
         <file>rtsv7M4_T_le_v4SPD16_eabi.lib</file>
         <name>remove.c.obj</name>
      </input_file>
      <input_file id="fl-109">
         <path>C:\ti\ccs1200\ccs\tools\compiler\ti-cgt-arm_20.2.6.LTS\lib\</path>
         <kind>archive</kind>
         <file>rtsv7M4_T_le_v4SPD16_eabi.lib</file>
         <name>close.c.obj</name>
      </input_file>
      <input_file id="fl-10a">
         <path>C:\ti\ccs1200\ccs\tools\compiler\ti-cgt-arm_20.2.6.LTS\lib\</path>
         <kind>archive</kind>
         <file>rtsv7M4_T_le_v4SPD16_eabi.lib</file>
         <name>unlink.c.obj</name>
      </input_file>
   </input_file_list>
   <object_component_list>
      <object_component id="oc-26">
         <name>.intvecs:retain</name>
         <load_address>0x0</load_address>
         <run_address>0x0</run_address>
         <size>0xe4</size>
         <input_file_ref idref="fl-3"/>
      </object_component>
      <object_component id="oc-c4">
         <name>.text</name>
         <load_address>0xe4</load_address>
         <run_address>0xe4</run_address>
         <size>0x27fc</size>
         <input_file_ref idref="fl-e"/>
      </object_component>
      <object_component id="oc-10e">
         <name>.text</name>
         <load_address>0x28e0</load_address>
         <run_address>0x28e0</run_address>
         <size>0x1124</size>
         <input_file_ref idref="fl-c"/>
      </object_component>
      <object_component id="oc-1cd">
         <name>.text:__TI_printfi</name>
         <load_address>0x3a04</load_address>
         <run_address>0x3a04</run_address>
         <size>0xa4e</size>
         <input_file_ref idref="fl-ce"/>
      </object_component>
      <object_component id="oc-2df">
         <name>.text:_nop</name>
         <load_address>0x4452</load_address>
         <run_address>0x4452</run_address>
         <size>0x2</size>
         <input_file_ref idref="fl-df"/>
      </object_component>
      <object_component id="oc-19b">
         <name>.text</name>
         <load_address>0x4454</load_address>
         <run_address>0x4454</run_address>
         <size>0x720</size>
         <input_file_ref idref="fl-f"/>
      </object_component>
      <object_component id="oc-102">
         <name>.text</name>
         <load_address>0x4b74</load_address>
         <run_address>0x4b74</run_address>
         <size>0x510</size>
         <input_file_ref idref="fl-17"/>
      </object_component>
      <object_component id="oc-183">
         <name>.text</name>
         <load_address>0x5084</load_address>
         <run_address>0x5084</run_address>
         <size>0x454</size>
         <input_file_ref idref="fl-a"/>
      </object_component>
      <object_component id="oc-75">
         <name>.text</name>
         <load_address>0x54d8</load_address>
         <run_address>0x54d8</run_address>
         <size>0x438</size>
         <input_file_ref idref="fl-10"/>
      </object_component>
      <object_component id="oc-b7">
         <name>.text</name>
         <load_address>0x5910</load_address>
         <run_address>0x5910</run_address>
         <size>0x354</size>
         <input_file_ref idref="fl-4"/>
      </object_component>
      <object_component id="oc-2bb">
         <name>.text:_pconv_a</name>
         <load_address>0x5c64</load_address>
         <run_address>0x5c64</run_address>
         <size>0x270</size>
         <input_file_ref idref="fl-ce"/>
      </object_component>
      <object_component id="oc-2a9">
         <name>.text:_pconv_g</name>
         <load_address>0x5ed4</load_address>
         <run_address>0x5ed4</run_address>
         <size>0x1d0</size>
         <input_file_ref idref="fl-ce"/>
      </object_component>
      <object_component id="oc-375">
         <name>.text</name>
         <load_address>0x60a4</load_address>
         <run_address>0x60a4</run_address>
         <size>0x1b6</size>
         <input_file_ref idref="fl-d2"/>
      </object_component>
      <object_component id="oc-405">
         <name>.text</name>
         <load_address>0x625a</load_address>
         <run_address>0x625a</run_address>
         <size>0x2</size>
         <input_file_ref idref="fl-f4"/>
      </object_component>
      <object_component id="oc-2b5">
         <name>.text:_pconv_e</name>
         <load_address>0x625c</load_address>
         <run_address>0x625c</run_address>
         <size>0x13c</size>
         <input_file_ref idref="fl-ce"/>
      </object_component>
      <object_component id="oc-a5">
         <name>.text</name>
         <load_address>0x6398</load_address>
         <run_address>0x6398</run_address>
         <size>0x138</size>
         <input_file_ref idref="fl-2"/>
      </object_component>
      <object_component id="oc-35b">
         <name>.text</name>
         <load_address>0x64d0</load_address>
         <run_address>0x64d0</run_address>
         <size>0x136</size>
         <input_file_ref idref="fl-d4"/>
      </object_component>
      <object_component id="oc-189">
         <name>.text</name>
         <load_address>0x6606</load_address>
         <run_address>0x6606</run_address>
         <size>0x12a</size>
         <input_file_ref idref="fl-b"/>
      </object_component>
      <object_component id="oc-387">
         <name>.text:fcvt</name>
         <load_address>0x6730</load_address>
         <run_address>0x6730</run_address>
         <size>0x124</size>
         <input_file_ref idref="fl-ce"/>
      </object_component>
      <object_component id="oc-2ed">
         <name>.text:fputs</name>
         <load_address>0x6854</load_address>
         <run_address>0x6854</run_address>
         <size>0x114</size>
         <input_file_ref idref="fl-cf"/>
      </object_component>
      <object_component id="oc-39b">
         <name>.text:scalbn</name>
         <load_address>0x6968</load_address>
         <run_address>0x6968</run_address>
         <size>0x110</size>
         <input_file_ref idref="fl-ee"/>
      </object_component>
      <object_component id="oc-4ae">
         <name>.text:aligned_alloc</name>
         <load_address>0x6a78</load_address>
         <run_address>0x6a78</run_address>
         <size>0x100</size>
         <input_file_ref idref="fl-e6"/>
      </object_component>
      <object_component id="oc-356">
         <name>.text</name>
         <load_address>0x6b78</load_address>
         <run_address>0x6b78</run_address>
         <size>0xfc</size>
         <input_file_ref idref="fl-d5"/>
      </object_component>
      <object_component id="oc-46c">
         <name>.text:free</name>
         <load_address>0x6c74</load_address>
         <run_address>0x6c74</run_address>
         <size>0xe4</size>
         <input_file_ref idref="fl-e6"/>
      </object_component>
      <object_component id="oc-126">
         <name>.text</name>
         <load_address>0x6d58</load_address>
         <run_address>0x6d58</run_address>
         <size>0xe0</size>
         <input_file_ref idref="fl-5"/>
      </object_component>
      <object_component id="oc-440">
         <name>.text:setvbuf</name>
         <load_address>0x6e38</load_address>
         <run_address>0x6e38</run_address>
         <size>0xdc</size>
         <input_file_ref idref="fl-d1"/>
      </object_component>
      <object_component id="oc-70">
         <name>.text</name>
         <load_address>0x6f14</load_address>
         <run_address>0x6f14</run_address>
         <size>0xda</size>
         <input_file_ref idref="fl-11"/>
      </object_component>
      <object_component id="oc-11a">
         <name>.text</name>
         <load_address>0x6ff0</load_address>
         <run_address>0x6ff0</run_address>
         <size>0xc4</size>
         <input_file_ref idref="fl-6"/>
      </object_component>
      <object_component id="oc-120">
         <name>.text</name>
         <load_address>0x70b4</load_address>
         <run_address>0x70b4</run_address>
         <size>0xbc</size>
         <input_file_ref idref="fl-7"/>
      </object_component>
      <object_component id="oc-29e">
         <name>.text:_ltostr</name>
         <load_address>0x7170</load_address>
         <run_address>0x7170</run_address>
         <size>0xb1</size>
         <input_file_ref idref="fl-ce"/>
      </object_component>
      <object_component id="oc-3a">
         <name>.text</name>
         <load_address>0x7222</load_address>
         <run_address>0x7222</run_address>
         <size>0x9c</size>
         <input_file_ref idref="fl-d8"/>
      </object_component>
      <object_component id="oc-34f">
         <name>.text</name>
         <load_address>0x72be</load_address>
         <run_address>0x72be</run_address>
         <size>0x96</size>
         <input_file_ref idref="fl-da"/>
      </object_component>
      <object_component id="oc-2a4">
         <name>.text:__aeabi_cdcmple</name>
         <load_address>0x7354</load_address>
         <run_address>0x7354</run_address>
         <size>0x86</size>
         <input_file_ref idref="fl-d3"/>
      </object_component>
      <object_component id="oc-360">
         <name>.text:__aeabi_cdrcmple</name>
         <load_address>0x73da</load_address>
         <run_address>0x73da</run_address>
         <size>0x86</size>
         <input_file_ref idref="fl-d3"/>
      </object_component>
      <object_component id="oc-99">
         <name>.text</name>
         <load_address>0x7460</load_address>
         <run_address>0x7460</run_address>
         <size>0x7a</size>
         <input_file_ref idref="fl-d9"/>
      </object_component>
      <object_component id="oc-4b5">
         <name>.text:__TI_closefile</name>
         <load_address>0x74dc</load_address>
         <run_address>0x74dc</run_address>
         <size>0x74</size>
         <input_file_ref idref="fl-103"/>
      </object_component>
      <object_component id="oc-4f6">
         <name>.text:split</name>
         <load_address>0x7550</load_address>
         <run_address>0x7550</run_address>
         <size>0x70</size>
         <input_file_ref idref="fl-e6"/>
      </object_component>
      <object_component id="oc-380">
         <name>.text:_mcpy</name>
         <load_address>0x75c0</load_address>
         <run_address>0x75c0</run_address>
         <size>0x6e</size>
         <input_file_ref idref="fl-ce"/>
      </object_component>
      <object_component id="oc-4e5">
         <name>.text:HOSTrename</name>
         <load_address>0x7630</load_address>
         <run_address>0x7630</run_address>
         <size>0x6c</size>
         <input_file_ref idref="fl-fd"/>
      </object_component>
      <object_component id="oc-4d9">
         <name>.text:HOSTlseek</name>
         <load_address>0x769c</load_address>
         <run_address>0x769c</run_address>
         <size>0x68</size>
         <input_file_ref idref="fl-fa"/>
      </object_component>
      <object_component id="oc-17">
         <name>.text:decompress:lzss:__TI_decompress_lzss</name>
         <load_address>0x7704</load_address>
         <run_address>0x7704</run_address>
         <size>0x68</size>
         <input_file_ref idref="fl-dd"/>
      </object_component>
      <object_component id="oc-108">
         <name>.text:printf</name>
         <load_address>0x776c</load_address>
         <run_address>0x776c</run_address>
         <size>0x68</size>
         <input_file_ref idref="fl-cd"/>
      </object_component>
      <object_component id="oc-395">
         <name>.text:frexp</name>
         <load_address>0x77d4</load_address>
         <run_address>0x77d4</run_address>
         <size>0x64</size>
         <input_file_ref idref="fl-ed"/>
      </object_component>
      <object_component id="oc-43a">
         <name>.text:fseek</name>
         <load_address>0x7838</load_address>
         <run_address>0x7838</run_address>
         <size>0x64</size>
         <input_file_ref idref="fl-f3"/>
      </object_component>
      <object_component id="oc-3cc">
         <name>.text:__TI_wrt_ok</name>
         <load_address>0x789c</load_address>
         <run_address>0x789c</run_address>
         <size>0x62</size>
         <input_file_ref idref="fl-d0"/>
      </object_component>
      <object_component id="oc-4c1">
         <name>.text:HOSTopen</name>
         <load_address>0x7900</load_address>
         <run_address>0x7900</run_address>
         <size>0x60</size>
         <input_file_ref idref="fl-fb"/>
      </object_component>
      <object_component id="oc-4fd">
         <name>.text:close</name>
         <load_address>0x7960</load_address>
         <run_address>0x7960</run_address>
         <size>0x5c</size>
         <input_file_ref idref="fl-109"/>
      </object_component>
      <object_component id="oc-4cd">
         <name>.text:HOSTread</name>
         <load_address>0x79bc</load_address>
         <run_address>0x79bc</run_address>
         <size>0x58</size>
         <input_file_ref idref="fl-fc"/>
      </object_component>
      <object_component id="oc-4d3">
         <name>.text:HOSTwrite</name>
         <load_address>0x7a14</load_address>
         <run_address>0x7a14</run_address>
         <size>0x58</size>
         <input_file_ref idref="fl-ff"/>
      </object_component>
      <object_component id="oc-2af">
         <name>.text:_pconv_f</name>
         <load_address>0x7a6c</load_address>
         <run_address>0x7a6c</run_address>
         <size>0x56</size>
         <input_file_ref idref="fl-ce"/>
      </object_component>
      <object_component id="oc-36a">
         <name>.text:__TI_ltoa</name>
         <load_address>0x7ac2</load_address>
         <run_address>0x7ac2</run_address>
         <size>0x54</size>
         <input_file_ref idref="fl-e0"/>
      </object_component>
      <object_component id="oc-37a">
         <name>.text:_ecpy</name>
         <load_address>0x7b16</load_address>
         <run_address>0x7b16</run_address>
         <size>0x52</size>
         <input_file_ref idref="fl-ce"/>
      </object_component>
      <object_component id="oc-3d8">
         <name>.text:__TI_doflush</name>
         <load_address>0x7b68</load_address>
         <run_address>0x7b68</run_address>
         <size>0x4c</size>
         <input_file_ref idref="fl-f1"/>
      </object_component>
      <object_component id="oc-298">
         <name>.text:atoi</name>
         <load_address>0x7bb4</load_address>
         <run_address>0x7bb4</run_address>
         <size>0x4c</size>
         <input_file_ref idref="fl-e1"/>
      </object_component>
      <object_component id="oc-13d">
         <name>.text:exit</name>
         <load_address>0x7c00</load_address>
         <run_address>0x7c00</run_address>
         <size>0x48</size>
         <input_file_ref idref="fl-de"/>
      </object_component>
      <object_component id="oc-365">
         <name>.text</name>
         <load_address>0x7c48</load_address>
         <run_address>0x7c48</run_address>
         <size>0x48</size>
         <input_file_ref idref="fl-d6"/>
      </object_component>
      <object_component id="oc-4c7">
         <name>.text:HOSTclose</name>
         <load_address>0x7c90</load_address>
         <run_address>0x7c90</run_address>
         <size>0x44</size>
         <input_file_ref idref="fl-f9"/>
      </object_component>
      <object_component id="oc-4df">
         <name>.text:HOSTunlink</name>
         <load_address>0x7cd4</load_address>
         <run_address>0x7cd4</run_address>
         <size>0x44</size>
         <input_file_ref idref="fl-fe"/>
      </object_component>
      <object_component id="oc-143">
         <name>.text:__TI_auto_init_nobinit_nopinit:__TI_auto_init_nobinit_nopinit</name>
         <load_address>0x7d18</load_address>
         <run_address>0x7d18</run_address>
         <size>0x44</size>
         <input_file_ref idref="fl-f5"/>
      </object_component>
      <object_component id="oc-535">
         <name>.text:getdevice</name>
         <load_address>0x7d5c</load_address>
         <run_address>0x7d5c</run_address>
         <size>0x44</size>
         <input_file_ref idref="fl-104"/>
      </object_component>
      <object_component id="oc-38d">
         <name>.text:_fcpy</name>
         <load_address>0x7da0</load_address>
         <run_address>0x7da0</run_address>
         <size>0x3e</size>
         <input_file_ref idref="fl-ce"/>
      </object_component>
      <object_component id="oc-50e">
         <name>.text:__TI_writemsg</name>
         <load_address>0x7de0</load_address>
         <run_address>0x7de0</run_address>
         <size>0x38</size>
         <input_file_ref idref="fl-100"/>
      </object_component>
      <object_component id="oc-557">
         <name>.text:strncpy</name>
         <load_address>0x7e18</load_address>
         <run_address>0x7e18</run_address>
         <size>0x36</size>
         <input_file_ref idref="fl-107"/>
      </object_component>
      <object_component id="oc-478">
         <name>.text:__TI_cleanup</name>
         <load_address>0x7e50</load_address>
         <run_address>0x7e50</run_address>
         <size>0x34</size>
         <input_file_ref idref="fl-f2"/>
      </object_component>
      <object_component id="oc-514">
         <name>.text:__TI_readmsg</name>
         <load_address>0x7e84</load_address>
         <run_address>0x7e84</run_address>
         <size>0x34</size>
         <input_file_ref idref="fl-100"/>
      </object_component>
      <object_component id="oc-58">
         <name>.text:_c_int00_noargs:_c_int00_noargs</name>
         <load_address>0x7eb8</load_address>
         <run_address>0x7eb8</run_address>
         <size>0x34</size>
         <input_file_ref idref="fl-ec"/>
      </object_component>
      <object_component id="oc-55d">
         <name>.text:finddevice</name>
         <load_address>0x7eec</load_address>
         <run_address>0x7eec</run_address>
         <size>0x30</size>
         <input_file_ref idref="fl-104"/>
      </object_component>
      <object_component id="oc-370">
         <name>.text</name>
         <load_address>0x7f1c</load_address>
         <run_address>0x7f1c</run_address>
         <size>0x2e</size>
         <input_file_ref idref="fl-d7"/>
      </object_component>
      <object_component id="oc-503">
         <name>.text:unlink</name>
         <load_address>0x7f4c</load_address>
         <run_address>0x7f4c</run_address>
         <size>0x2c</size>
         <input_file_ref idref="fl-10a"/>
      </object_component>
      <object_component id="oc-4a7">
         <name>.text:free_list_insert</name>
         <load_address>0x7f78</load_address>
         <run_address>0x7f78</run_address>
         <size>0x28</size>
         <input_file_ref idref="fl-e6"/>
      </object_component>
      <object_component id="oc-464">
         <name>.text:lseek</name>
         <load_address>0x7fa0</load_address>
         <run_address>0x7fa0</run_address>
         <size>0x28</size>
         <input_file_ref idref="fl-102"/>
      </object_component>
      <object_component id="oc-3de">
         <name>.text:write</name>
         <load_address>0x7fc8</load_address>
         <run_address>0x7fc8</run_address>
         <size>0x28</size>
         <input_file_ref idref="fl-e9"/>
      </object_component>
      <object_component id="oc-3d2">
         <name>.text:memchr</name>
         <load_address>0x7ff0</load_address>
         <run_address>0x7ff0</run_address>
         <size>0x20</size>
         <input_file_ref idref="fl-e5"/>
      </object_component>
      <object_component id="oc-4a1">
         <name>.text:free_list_remove</name>
         <load_address>0x8010</load_address>
         <run_address>0x8010</run_address>
         <size>0x1c</size>
         <input_file_ref idref="fl-e6"/>
      </object_component>
      <object_component id="oc-2c1">
         <name>.text:memccpy</name>
         <load_address>0x802c</load_address>
         <run_address>0x802c</run_address>
         <size>0x1c</size>
         <input_file_ref idref="fl-e4"/>
      </object_component>
      <object_component id="oc-41e">
         <name>.text:copysign</name>
         <load_address>0x8048</load_address>
         <run_address>0x8048</run_address>
         <size>0x1a</size>
         <input_file_ref idref="fl-ef"/>
      </object_component>
      <object_component id="oc-574">
         <name>.text:strcmp</name>
         <load_address>0x8062</load_address>
         <run_address>0x8062</run_address>
         <size>0x18</size>
         <input_file_ref idref="fl-105"/>
      </object_component>
      <object_component id="oc-3a1">
         <name>.text:strchr</name>
         <load_address>0x807a</load_address>
         <run_address>0x807a</run_address>
         <size>0x16</size>
         <input_file_ref idref="fl-e7"/>
      </object_component>
      <object_component id="oc-528">
         <name>.text:strcpy</name>
         <load_address>0x8090</load_address>
         <run_address>0x8090</run_address>
         <size>0x14</size>
         <input_file_ref idref="fl-106"/>
      </object_component>
      <object_component id="oc-292">
         <name>.text:strlen</name>
         <load_address>0x80a4</load_address>
         <run_address>0x80a4</run_address>
         <size>0x14</size>
         <input_file_ref idref="fl-e8"/>
      </object_component>
      <object_component id="oc-2c7">
         <name>.text:wcslen</name>
         <load_address>0x80b8</load_address>
         <run_address>0x80b8</run_address>
         <size>0x12</size>
         <input_file_ref idref="fl-f0"/>
      </object_component>
      <object_component id="oc-1d">
         <name>.text:decompress:none:__TI_decompress_none</name>
         <load_address>0x80ca</load_address>
         <run_address>0x80ca</run_address>
         <size>0xe</size>
         <input_file_ref idref="fl-dc"/>
      </object_component>
      <object_component id="oc-6a">
         <name>.text</name>
         <load_address>0x80d8</load_address>
         <run_address>0x80d8</run_address>
         <size>0xe</size>
         <input_file_ref idref="fl-3"/>
      </object_component>
      <object_component id="oc-4c">
         <name>.text:decompress:ZI:__TI_zero_init</name>
         <load_address>0x80e6</load_address>
         <run_address>0x80e6</run_address>
         <size>0xc</size>
         <input_file_ref idref="fl-db"/>
      </object_component>
      <object_component id="oc-2cd">
         <name>.text:__aeabi_errno_addr</name>
         <load_address>0x80f4</load_address>
         <run_address>0x80f4</run_address>
         <size>0x8</size>
         <input_file_ref idref="fl-eb"/>
      </object_component>
      <object_component id="oc-472">
         <name>.text:malloc</name>
         <load_address>0x80fc</load_address>
         <run_address>0x80fc</run_address>
         <size>0x8</size>
         <input_file_ref idref="fl-e6"/>
      </object_component>
      <object_component id="oc-1df">
         <name>.text:_outc</name>
         <load_address>0x8104</load_address>
         <run_address>0x8104</run_address>
         <size>0x4</size>
         <input_file_ref idref="fl-cd"/>
      </object_component>
      <object_component id="oc-1d9">
         <name>.text:_outs</name>
         <load_address>0x8108</load_address>
         <run_address>0x8108</run_address>
         <size>0x4</size>
         <input_file_ref idref="fl-cd"/>
      </object_component>
      <object_component id="oc-9f">
         <name>.text:_system_pre_init</name>
         <load_address>0x810c</load_address>
         <run_address>0x810c</run_address>
         <size>0x4</size>
         <input_file_ref idref="fl-f6"/>
      </object_component>
      <object_component id="oc-137">
         <name>.text:abort:abort</name>
         <load_address>0x8110</load_address>
         <run_address>0x8110</run_address>
         <size>0x4</size>
         <input_file_ref idref="fl-de"/>
      </object_component>
      <object_component id="oc-34a">
         <name>.const:.string:_ctypes_</name>
         <load_address>0x8114</load_address>
         <run_address>0x8114</run_address>
         <size>0x101</size>
         <input_file_ref idref="fl-e2"/>
      </object_component>
      <object_component id="oc-c1">
         <name>.const</name>
         <load_address>0x8218</load_address>
         <run_address>0x8218</run_address>
         <size>0x8</size>
         <input_file_ref idref="fl-10"/>
      </object_component>
      <object_component id="oc-1a4">
         <name>.const</name>
         <load_address>0x8220</load_address>
         <run_address>0x8220</run_address>
         <size>0x4</size>
         <input_file_ref idref="fl-e"/>
      </object_component>
      <object_component id="oc-5b4">
         <name>.cinit..data.load</name>
         <load_address>0x8228</load_address>
         <run_address>0x8228</run_address>
         <size>0x7a</size>
      </object_component>
      <object_component id="oc-5b2">
         <name>__TI_handler_table</name>
         <load_address>0x82a4</load_address>
         <run_address>0x82a4</run_address>
         <size>0xc</size>
      </object_component>
      <object_component id="oc-5b5">
         <name>.cinit..bss.load</name>
         <load_address>0x82b0</load_address>
         <run_address>0x82b0</run_address>
         <size>0x8</size>
      </object_component>
      <object_component id="oc-5b3">
         <name>__TI_cinit_table</name>
         <load_address>0x82b8</load_address>
         <run_address>0x82b8</run_address>
         <size>0x10</size>
      </object_component>
      <object_component id="oc-586">
         <name>.binit</name>
         <load_address>0x0</load_address>
         <run_address>0x0</run_address>
         <size>0x0</size>
      </object_component>
      <object_component id="oc-175">
         <name>.data</name>
         <load_address>0x200089a8</load_address>
         <run_address>0x200089a8</run_address>
         <size>0x4</size>
         <input_file_ref idref="fl-4"/>
      </object_component>
      <object_component id="oc-215">
         <name>.data</name>
         <load_address>0x20008994</load_address>
         <run_address>0x20008994</run_address>
         <size>0x5</size>
         <input_file_ref idref="fl-6"/>
      </object_component>
      <object_component id="oc-21f">
         <name>.data</name>
         <load_address>0x2000899c</load_address>
         <run_address>0x2000899c</run_address>
         <size>0x5</size>
         <input_file_ref idref="fl-7"/>
      </object_component>
      <object_component id="oc-25a">
         <name>.data</name>
         <load_address>0x2000892c</load_address>
         <run_address>0x2000892c</run_address>
         <size>0x18</size>
         <input_file_ref idref="fl-a"/>
      </object_component>
      <object_component id="oc-be">
         <name>.data</name>
         <load_address>0x200088f8</load_address>
         <run_address>0x200088f8</run_address>
         <size>0x34</size>
         <input_file_ref idref="fl-e"/>
      </object_component>
      <object_component id="oc-26f">
         <name>.data</name>
         <load_address>0x20008978</load_address>
         <run_address>0x20008978</run_address>
         <size>0xc</size>
         <input_file_ref idref="fl-f"/>
      </object_component>
      <object_component id="oc-cb">
         <name>.data</name>
         <load_address>0x20008944</load_address>
         <run_address>0x20008944</run_address>
         <size>0x18</size>
         <input_file_ref idref="fl-10"/>
      </object_component>
      <object_component id="oc-226">
         <name>.data:$O1$$</name>
         <load_address>0x2000896c</load_address>
         <run_address>0x2000896c</run_address>
         <size>0xc</size>
         <input_file_ref idref="fl-de"/>
      </object_component>
      <object_component id="oc-1d3">
         <name>.data:$O1$$</name>
         <load_address>0x20008984</load_address>
         <run_address>0x20008984</run_address>
         <size>0x8</size>
         <input_file_ref idref="fl-df"/>
      </object_component>
      <object_component id="oc-1d6">
         <name>.data:_ftable</name>
         <load_address>0x20008740</load_address>
         <run_address>0x20008740</run_address>
         <size>0xf0</size>
         <input_file_ref idref="fl-e3"/>
      </object_component>
      <object_component id="oc-4bb">
         <name>.data</name>
         <load_address>0x2000895c</load_address>
         <run_address>0x2000895c</run_address>
         <size>0x10</size>
         <input_file_ref idref="fl-e3"/>
      </object_component>
      <object_component id="oc-4f1">
         <name>.data:$O1$$</name>
         <load_address>0x2000898c</load_address>
         <run_address>0x2000898c</run_address>
         <size>0x8</size>
         <input_file_ref idref="fl-e6"/>
      </object_component>
      <object_component id="oc-48b">
         <name>.data:_device</name>
         <load_address>0x20008830</load_address>
         <run_address>0x20008830</run_address>
         <size>0x78</size>
         <input_file_ref idref="fl-ea"/>
      </object_component>
      <object_component id="oc-44c">
         <name>.data:_stream</name>
         <load_address>0x200088a8</load_address>
         <run_address>0x200088a8</run_address>
         <size>0x50</size>
         <input_file_ref idref="fl-ea"/>
      </object_component>
      <object_component id="oc-3b1">
         <name>.data</name>
         <load_address>0x200089a4</load_address>
         <run_address>0x200089a4</run_address>
         <size>0x4</size>
         <input_file_ref idref="fl-eb"/>
      </object_component>
      <object_component id="oc-260">
         <name>.bss:ucHeap</name>
         <uninitialized>true</uninitialized>
         <run_address>0x20000000</run_address>
         <size>0x8000</size>
         <input_file_ref idref="fl-a"/>
      </object_component>
      <object_component id="oc-25d">
         <name>.bss:xStart</name>
         <uninitialized>true</uninitialized>
         <run_address>0x20008324</run_address>
         <size>0x8</size>
         <input_file_ref idref="fl-a"/>
      </object_component>
      <object_component id="oc-18f">
         <name>.bss:pxReadyTasksLists</name>
         <uninitialized>true</uninitialized>
         <run_address>0x20008120</run_address>
         <size>0xc8</size>
         <input_file_ref idref="fl-e"/>
      </object_component>
      <object_component id="oc-1a7">
         <name>.bss:xDelayedTaskList1</name>
         <uninitialized>true</uninitialized>
         <run_address>0x200082b0</run_address>
         <size>0x14</size>
         <input_file_ref idref="fl-e"/>
      </object_component>
      <object_component id="oc-1aa">
         <name>.bss:xDelayedTaskList2</name>
         <uninitialized>true</uninitialized>
         <run_address>0x200082c4</run_address>
         <size>0x14</size>
         <input_file_ref idref="fl-e"/>
      </object_component>
      <object_component id="oc-195">
         <name>.bss</name>
         <uninitialized>true</uninitialized>
         <run_address>0x20008314</run_address>
         <size>0x8</size>
         <input_file_ref idref="fl-e"/>
      </object_component>
      <object_component id="oc-1a1">
         <name>.bss:xPendingReadyList</name>
         <uninitialized>true</uninitialized>
         <run_address>0x200082d8</run_address>
         <size>0x14</size>
         <input_file_ref idref="fl-e"/>
      </object_component>
      <object_component id="oc-192">
         <name>.bss:xTasksWaitingTermination</name>
         <uninitialized>true</uninitialized>
         <run_address>0x20008300</run_address>
         <size>0x14</size>
         <input_file_ref idref="fl-e"/>
      </object_component>
      <object_component id="oc-198">
         <name>.bss:xSuspendedTaskList</name>
         <uninitialized>true</uninitialized>
         <run_address>0x200082ec</run_address>
         <size>0x14</size>
         <input_file_ref idref="fl-e"/>
      </object_component>
      <object_component id="oc-275">
         <name>.bss:xActiveTimerList1</name>
         <uninitialized>true</uninitialized>
         <run_address>0x20008288</run_address>
         <size>0x14</size>
         <input_file_ref idref="fl-f"/>
      </object_component>
      <object_component id="oc-278">
         <name>.bss:xActiveTimerList2</name>
         <uninitialized>true</uninitialized>
         <run_address>0x2000829c</run_address>
         <size>0x14</size>
         <input_file_ref idref="fl-f"/>
      </object_component>
      <object_component id="oc-272">
         <name>.bss</name>
         <uninitialized>true</uninitialized>
         <run_address>0x2000831c</run_address>
         <size>0x8</size>
         <input_file_ref idref="fl-f"/>
      </object_component>
      <object_component id="oc-53f">
         <name>.bss:_CIOBUF_</name>
         <uninitialized>true</uninitialized>
         <run_address>0x20008000</run_address>
         <size>0x120</size>
         <input_file_ref idref="fl-100"/>
      </object_component>
      <object_component id="oc-114">
         <name>.common:Sem_UART</name>
         <uninitialized>true</uninitialized>
         <run_address>0x20008338</run_address>
         <size>0x4</size>
      </object_component>
      <object_component id="oc-117">
         <name>.common:Queue_LED</name>
         <uninitialized>true</uninitialized>
         <run_address>0x20008334</run_address>
         <size>0x4</size>
      </object_component>
      <object_component id="oc-509">
         <name>.common:__TI_tmpnams</name>
         <uninitialized>true</uninitialized>
         <run_address>0x200081e8</run_address>
         <size>0xa0</size>
      </object_component>
      <object_component id="oc-51a">
         <name>.common:parmbuf</name>
         <uninitialized>true</uninitialized>
         <run_address>0x2000832c</run_address>
         <size>0x8</size>
      </object_component>
      <object_component id="oc-29">
         <name>.sysmem</name>
         <uninitialized>true</uninitialized>
         <run_address>0x20008340</run_address>
         <size>0x10</size>
         <input_file_ref idref="fl-e6"/>
      </object_component>
      <object_component id="oc-5b8">
         <name>.sysmem</name>
         <uninitialized>true</uninitialized>
         <run_address>0x20008340</run_address>
         <size>0x0</size>
      </object_component>
      <object_component id="oc-2c">
         <name>.stack</name>
         <uninitialized>true</uninitialized>
         <run_address>0x2000fe00</run_address>
         <size>0x4</size>
         <input_file_ref idref="fl-ec"/>
      </object_component>
      <object_component id="oc-5b7">
         <name>.stack</name>
         <uninitialized>true</uninitialized>
         <run_address>0x2000fe00</run_address>
         <size>0x0</size>
      </object_component>
      <object_component id="oc-115">
         <name>.debug_info</name>
         <load_address>0x0</load_address>
         <run_address>0x0</run_address>
         <size>0x8bc</size>
         <input_file_ref idref="fl-2"/>
      </object_component>
      <object_component id="oc-a6">
         <name>.debug_info</name>
         <load_address>0x8bc</load_address>
         <run_address>0x8bc</run_address>
         <size>0x312</size>
         <input_file_ref idref="fl-2"/>
      </object_component>
      <object_component id="oc-21a">
         <name>.debug_info</name>
         <load_address>0xbce</load_address>
         <run_address>0xbce</run_address>
         <size>0xb9</size>
         <input_file_ref idref="fl-2"/>
      </object_component>
      <object_component id="oc-132">
         <name>.debug_info</name>
         <load_address>0xc87</load_address>
         <run_address>0xc87</run_address>
         <size>0x315</size>
         <input_file_ref idref="fl-2"/>
      </object_component>
      <object_component id="oc-1c8">
         <name>.debug_info</name>
         <load_address>0xf9c</load_address>
         <run_address>0xf9c</run_address>
         <size>0x37e2</size>
         <input_file_ref idref="fl-2"/>
      </object_component>
      <object_component id="oc-e1">
         <name>.debug_info</name>
         <load_address>0x477e</load_address>
         <run_address>0x477e</run_address>
         <size>0x26b</size>
         <input_file_ref idref="fl-2"/>
      </object_component>
      <object_component id="oc-1fa">
         <name>.debug_info</name>
         <load_address>0x49e9</load_address>
         <run_address>0x49e9</run_address>
         <size>0x1055</size>
         <input_file_ref idref="fl-2"/>
      </object_component>
      <object_component id="oc-209">
         <name>.debug_info</name>
         <load_address>0x5a3e</load_address>
         <run_address>0x5a3e</run_address>
         <size>0x48b</size>
         <input_file_ref idref="fl-2"/>
      </object_component>
      <object_component id="oc-1ff">
         <name>.debug_info</name>
         <load_address>0x5ec9</load_address>
         <run_address>0x5ec9</run_address>
         <size>0x4f</size>
         <input_file_ref idref="fl-2"/>
      </object_component>
      <object_component id="oc-20e">
         <name>.debug_info</name>
         <load_address>0x5f18</load_address>
         <run_address>0x5f18</run_address>
         <size>0x2c</size>
         <input_file_ref idref="fl-2"/>
      </object_component>
      <object_component id="oc-12d">
         <name>.debug_info</name>
         <load_address>0x5f44</load_address>
         <run_address>0x5f44</run_address>
         <size>0x8b</size>
         <input_file_ref idref="fl-2"/>
      </object_component>
      <object_component id="oc-d0">
         <name>.debug_info</name>
         <load_address>0x5fcf</load_address>
         <run_address>0x5fcf</run_address>
         <size>0x2c</size>
         <input_file_ref idref="fl-2"/>
      </object_component>
      <object_component id="oc-1c1">
         <name>.debug_info</name>
         <load_address>0x5ffb</load_address>
         <run_address>0x5ffb</run_address>
         <size>0x2a4</size>
         <input_file_ref idref="fl-2"/>
      </object_component>
      <object_component id="oc-da">
         <name>.debug_info</name>
         <load_address>0x629f</load_address>
         <run_address>0x629f</run_address>
         <size>0xbb</size>
         <input_file_ref idref="fl-2"/>
      </object_component>
      <object_component id="oc-d5">
         <name>.debug_info</name>
         <load_address>0x635a</load_address>
         <run_address>0x635a</run_address>
         <size>0x53</size>
         <input_file_ref idref="fl-2"/>
      </object_component>
      <object_component id="oc-204">
         <name>.debug_info</name>
         <load_address>0x63ad</load_address>
         <run_address>0x63ad</run_address>
         <size>0xcc</size>
         <input_file_ref idref="fl-2"/>
      </object_component>
      <object_component id="oc-1e7">
         <name>.debug_info</name>
         <load_address>0x6479</load_address>
         <run_address>0x6479</run_address>
         <size>0x2c</size>
         <input_file_ref idref="fl-2"/>
      </object_component>
      <object_component id="oc-1b7">
         <name>.debug_info</name>
         <load_address>0x64a5</load_address>
         <run_address>0x64a5</run_address>
         <size>0x14c</size>
         <input_file_ref idref="fl-2"/>
      </object_component>
      <object_component id="oc-7d">
         <name>.debug_info</name>
         <load_address>0x65f1</load_address>
         <run_address>0x65f1</run_address>
         <size>0x347</size>
         <input_file_ref idref="fl-3"/>
      </object_component>
      <object_component id="oc-27">
         <name>.debug_info</name>
         <load_address>0x6938</load_address>
         <run_address>0x6938</run_address>
         <size>0xf3</size>
         <input_file_ref idref="fl-3"/>
      </object_component>
      <object_component id="oc-6c">
         <name>.debug_info</name>
         <load_address>0x6a2b</load_address>
         <run_address>0x6a2b</run_address>
         <size>0x1ba</size>
         <input_file_ref idref="fl-3"/>
      </object_component>
      <object_component id="oc-35">
         <name>.debug_info</name>
         <load_address>0x6be5</load_address>
         <run_address>0x6be5</run_address>
         <size>0x84</size>
         <input_file_ref idref="fl-3"/>
      </object_component>
      <object_component id="oc-176">
         <name>.debug_info</name>
         <load_address>0x6c69</load_address>
         <run_address>0x6c69</run_address>
         <size>0xec</size>
         <input_file_ref idref="fl-4"/>
      </object_component>
      <object_component id="oc-b8">
         <name>.debug_info</name>
         <load_address>0x6d55</load_address>
         <run_address>0x6d55</run_address>
         <size>0x25e</size>
         <input_file_ref idref="fl-4"/>
      </object_component>
      <object_component id="oc-118">
         <name>.debug_info</name>
         <load_address>0x6fb3</load_address>
         <run_address>0x6fb3</run_address>
         <size>0x844</size>
         <input_file_ref idref="fl-5"/>
      </object_component>
      <object_component id="oc-127">
         <name>.debug_info</name>
         <load_address>0x77f7</load_address>
         <run_address>0x77f7</run_address>
         <size>0x1e1</size>
         <input_file_ref idref="fl-5"/>
      </object_component>
      <object_component id="oc-219">
         <name>.debug_info</name>
         <load_address>0x79d8</load_address>
         <run_address>0x79d8</run_address>
         <size>0x7d1</size>
         <input_file_ref idref="fl-6"/>
      </object_component>
      <object_component id="oc-216">
         <name>.debug_info</name>
         <load_address>0x81a9</load_address>
         <run_address>0x81a9</run_address>
         <size>0xee</size>
         <input_file_ref idref="fl-6"/>
      </object_component>
      <object_component id="oc-11e">
         <name>.debug_info</name>
         <load_address>0x8297</load_address>
         <run_address>0x8297</run_address>
         <size>0x2a0</size>
         <input_file_ref idref="fl-6"/>
      </object_component>
      <object_component id="oc-223">
         <name>.debug_info</name>
         <load_address>0x8537</load_address>
         <run_address>0x8537</run_address>
         <size>0x7d1</size>
         <input_file_ref idref="fl-7"/>
      </object_component>
      <object_component id="oc-220">
         <name>.debug_info</name>
         <load_address>0x8d08</load_address>
         <run_address>0x8d08</run_address>
         <size>0xee</size>
         <input_file_ref idref="fl-7"/>
      </object_component>
      <object_component id="oc-122">
         <name>.debug_info</name>
         <load_address>0x8df6</load_address>
         <run_address>0x8df6</run_address>
         <size>0x2a0</size>
         <input_file_ref idref="fl-7"/>
      </object_component>
      <object_component id="oc-28f">
         <name>.debug_info</name>
         <load_address>0x9096</load_address>
         <run_address>0x9096</run_address>
         <size>0x24b</size>
         <input_file_ref idref="fl-8"/>
      </object_component>
      <object_component id="oc-1bc">
         <name>.debug_info</name>
         <load_address>0x92e1</load_address>
         <run_address>0x92e1</run_address>
         <size>0x48b</size>
         <input_file_ref idref="fl-8"/>
      </object_component>
      <object_component id="oc-343">
         <name>.debug_info</name>
         <load_address>0x976c</load_address>
         <run_address>0x976c</run_address>
         <size>0xcc</size>
         <input_file_ref idref="fl-8"/>
      </object_component>
      <object_component id="oc-1b2">
         <name>.debug_info</name>
         <load_address>0x9838</load_address>
         <run_address>0x9838</run_address>
         <size>0x53</size>
         <input_file_ref idref="fl-8"/>
      </object_component>
      <object_component id="oc-303">
         <name>.debug_info</name>
         <load_address>0x988b</load_address>
         <run_address>0x988b</run_address>
         <size>0x6a6</size>
         <input_file_ref idref="fl-9"/>
      </object_component>
      <object_component id="oc-1f3">
         <name>.debug_info</name>
         <load_address>0x9f31</load_address>
         <run_address>0x9f31</run_address>
         <size>0x110</size>
         <input_file_ref idref="fl-9"/>
      </object_component>
      <object_component id="oc-255">
         <name>.debug_info</name>
         <load_address>0xa041</load_address>
         <run_address>0xa041</run_address>
         <size>0x48b</size>
         <input_file_ref idref="fl-9"/>
      </object_component>
      <object_component id="oc-3e8">
         <name>.debug_info</name>
         <load_address>0xa4cc</load_address>
         <run_address>0xa4cc</run_address>
         <size>0x76</size>
         <input_file_ref idref="fl-9"/>
      </object_component>
      <object_component id="oc-3ed">
         <name>.debug_info</name>
         <load_address>0xa542</load_address>
         <run_address>0xa542</run_address>
         <size>0x39</size>
         <input_file_ref idref="fl-9"/>
      </object_component>
      <object_component id="oc-330">
         <name>.debug_info</name>
         <load_address>0xa57b</load_address>
         <run_address>0xa57b</run_address>
         <size>0x109</size>
         <input_file_ref idref="fl-9"/>
      </object_component>
      <object_component id="oc-246">
         <name>.debug_info</name>
         <load_address>0xa684</load_address>
         <run_address>0xa684</run_address>
         <size>0x4f</size>
         <input_file_ref idref="fl-9"/>
      </object_component>
      <object_component id="oc-264">
         <name>.debug_info</name>
         <load_address>0xa6d3</load_address>
         <run_address>0xa6d3</run_address>
         <size>0x4e6</size>
         <input_file_ref idref="fl-a"/>
      </object_component>
      <object_component id="oc-261">
         <name>.debug_info</name>
         <load_address>0xabb9</load_address>
         <run_address>0xabb9</run_address>
         <size>0xff</size>
         <input_file_ref idref="fl-a"/>
      </object_component>
      <object_component id="oc-25e">
         <name>.debug_info</name>
         <load_address>0xacb8</load_address>
         <run_address>0xacb8</run_address>
         <size>0xff</size>
         <input_file_ref idref="fl-a"/>
      </object_component>
      <object_component id="oc-25b">
         <name>.debug_info</name>
         <load_address>0xadb7</load_address>
         <run_address>0xadb7</run_address>
         <size>0x23f</size>
         <input_file_ref idref="fl-a"/>
      </object_component>
      <object_component id="oc-184">
         <name>.debug_info</name>
         <load_address>0xaff6</load_address>
         <run_address>0xaff6</run_address>
         <size>0xae4</size>
         <input_file_ref idref="fl-a"/>
      </object_component>
      <object_component id="oc-327">
         <name>.debug_info</name>
         <load_address>0xbada</load_address>
         <run_address>0xbada</run_address>
         <size>0x62</size>
         <input_file_ref idref="fl-a"/>
      </object_component>
      <object_component id="oc-266">
         <name>.debug_info</name>
         <load_address>0xbb3c</load_address>
         <run_address>0xbb3c</run_address>
         <size>0x3a4</size>
         <input_file_ref idref="fl-b"/>
      </object_component>
      <object_component id="oc-18b">
         <name>.debug_info</name>
         <load_address>0xbee0</load_address>
         <run_address>0xbee0</run_address>
         <size>0x5b0</size>
         <input_file_ref idref="fl-b"/>
      </object_component>
      <object_component id="oc-1f2">
         <name>.debug_info</name>
         <load_address>0xc490</load_address>
         <run_address>0xc490</run_address>
         <size>0x910</size>
         <input_file_ref idref="fl-c"/>
      </object_component>
      <object_component id="oc-10f">
         <name>.debug_info</name>
         <load_address>0xcda0</load_address>
         <run_address>0xcda0</run_address>
         <size>0x3b40</size>
         <input_file_ref idref="fl-c"/>
      </object_component>
      <object_component id="oc-2fe">
         <name>.debug_info</name>
         <load_address>0x108e0</load_address>
         <run_address>0x108e0</run_address>
         <size>0x1ef</size>
         <input_file_ref idref="fl-c"/>
      </object_component>
      <object_component id="oc-1ed">
         <name>.debug_info</name>
         <load_address>0x10acf</load_address>
         <run_address>0x10acf</run_address>
         <size>0x46</size>
         <input_file_ref idref="fl-c"/>
      </object_component>
      <object_component id="oc-24b">
         <name>.debug_info</name>
         <load_address>0x10b15</load_address>
         <run_address>0x10b15</run_address>
         <size>0x35</size>
         <input_file_ref idref="fl-c"/>
      </object_component>
      <object_component id="oc-f9">
         <name>.debug_info</name>
         <load_address>0x10b4a</load_address>
         <run_address>0x10b4a</run_address>
         <size>0x2c</size>
         <input_file_ref idref="fl-d"/>
      </object_component>
      <object_component id="oc-17b">
         <name>.debug_info</name>
         <load_address>0x10b76</load_address>
         <run_address>0x10b76</run_address>
         <size>0x8bf</size>
         <input_file_ref idref="fl-e"/>
      </object_component>
      <object_component id="oc-bf">
         <name>.debug_info</name>
         <load_address>0x11435</load_address>
         <run_address>0x11435</run_address>
         <size>0x35b</size>
         <input_file_ref idref="fl-e"/>
      </object_component>
      <object_component id="oc-190">
         <name>.debug_info</name>
         <load_address>0x11790</load_address>
         <run_address>0x11790</run_address>
         <size>0x104</size>
         <input_file_ref idref="fl-e"/>
      </object_component>
      <object_component id="oc-1a8">
         <name>.debug_info</name>
         <load_address>0x11894</load_address>
         <run_address>0x11894</run_address>
         <size>0x104</size>
         <input_file_ref idref="fl-e"/>
      </object_component>
      <object_component id="oc-1ab">
         <name>.debug_info</name>
         <load_address>0x11998</load_address>
         <run_address>0x11998</run_address>
         <size>0x104</size>
         <input_file_ref idref="fl-e"/>
      </object_component>
      <object_component id="oc-196">
         <name>.debug_info</name>
         <load_address>0x11a9c</load_address>
         <run_address>0x11a9c</run_address>
         <size>0x147</size>
         <input_file_ref idref="fl-e"/>
      </object_component>
      <object_component id="oc-1a2">
         <name>.debug_info</name>
         <load_address>0x11be3</load_address>
         <run_address>0x11be3</run_address>
         <size>0x104</size>
         <input_file_ref idref="fl-e"/>
      </object_component>
      <object_component id="oc-193">
         <name>.debug_info</name>
         <load_address>0x11ce7</load_address>
         <run_address>0x11ce7</run_address>
         <size>0x112</size>
         <input_file_ref idref="fl-e"/>
      </object_component>
      <object_component id="oc-199">
         <name>.debug_info</name>
         <load_address>0x11df9</load_address>
         <run_address>0x11df9</run_address>
         <size>0x106</size>
         <input_file_ref idref="fl-e"/>
      </object_component>
      <object_component id="oc-1a5">
         <name>.debug_info</name>
         <load_address>0x11eff</load_address>
         <run_address>0x11eff</run_address>
         <size>0x105</size>
         <input_file_ref idref="fl-e"/>
      </object_component>
      <object_component id="oc-c6">
         <name>.debug_info</name>
         <load_address>0x12004</load_address>
         <run_address>0x12004</run_address>
         <size>0x691b</size>
         <input_file_ref idref="fl-e"/>
      </object_component>
      <object_component id="oc-17c">
         <name>.debug_info</name>
         <load_address>0x1891f</load_address>
         <run_address>0x1891f</run_address>
         <size>0x30c</size>
         <input_file_ref idref="fl-e"/>
      </object_component>
      <object_component id="oc-250">
         <name>.debug_info</name>
         <load_address>0x18c2b</load_address>
         <run_address>0x18c2b</run_address>
         <size>0x16f</size>
         <input_file_ref idref="fl-e"/>
      </object_component>
      <object_component id="oc-281">
         <name>.debug_info</name>
         <load_address>0x18d9a</load_address>
         <run_address>0x18d9a</run_address>
         <size>0x845</size>
         <input_file_ref idref="fl-f"/>
      </object_component>
      <object_component id="oc-276">
         <name>.debug_info</name>
         <load_address>0x195df</load_address>
         <run_address>0x195df</run_address>
         <size>0x104</size>
         <input_file_ref idref="fl-f"/>
      </object_component>
      <object_component id="oc-279">
         <name>.debug_info</name>
         <load_address>0x196e3</load_address>
         <run_address>0x196e3</run_address>
         <size>0x104</size>
         <input_file_ref idref="fl-f"/>
      </object_component>
      <object_component id="oc-273">
         <name>.debug_info</name>
         <load_address>0x197e7</load_address>
         <run_address>0x197e7</run_address>
         <size>0x13c</size>
         <input_file_ref idref="fl-f"/>
      </object_component>
      <object_component id="oc-270">
         <name>.debug_info</name>
         <load_address>0x19923</load_address>
         <run_address>0x19923</run_address>
         <size>0x128</size>
         <input_file_ref idref="fl-f"/>
      </object_component>
      <object_component id="oc-19d">
         <name>.debug_info</name>
         <load_address>0x19a4b</load_address>
         <run_address>0x19a4b</run_address>
         <size>0x238d</size>
         <input_file_ref idref="fl-f"/>
      </object_component>
      <object_component id="oc-282">
         <name>.debug_info</name>
         <load_address>0x1bdd8</load_address>
         <run_address>0x1bdd8</run_address>
         <size>0x1ce</size>
         <input_file_ref idref="fl-f"/>
      </object_component>
      <object_component id="oc-27c">
         <name>.debug_info</name>
         <load_address>0x1bfa6</load_address>
         <run_address>0x1bfa6</run_address>
         <size>0x46</size>
         <input_file_ref idref="fl-f"/>
      </object_component>
      <object_component id="oc-cf">
         <name>.debug_info</name>
         <load_address>0x1bfec</load_address>
         <run_address>0x1bfec</run_address>
         <size>0x52e</size>
         <input_file_ref idref="fl-10"/>
      </object_component>
      <object_component id="oc-c2">
         <name>.debug_info</name>
         <load_address>0x1c51a</load_address>
         <run_address>0x1c51a</run_address>
         <size>0x179</size>
         <input_file_ref idref="fl-10"/>
      </object_component>
      <object_component id="oc-cc">
         <name>.debug_info</name>
         <load_address>0x1c693</load_address>
         <run_address>0x1c693</run_address>
         <size>0x254</size>
         <input_file_ref idref="fl-10"/>
      </object_component>
      <object_component id="oc-77">
         <name>.debug_info</name>
         <load_address>0x1c8e7</load_address>
         <run_address>0x1c8e7</run_address>
         <size>0xcc1</size>
         <input_file_ref idref="fl-10"/>
      </object_component>
      <object_component id="oc-72">
         <name>.debug_info</name>
         <load_address>0x1d5a8</load_address>
         <run_address>0x1d5a8</run_address>
         <size>0x266</size>
         <input_file_ref idref="fl-11"/>
      </object_component>
      <object_component id="oc-1c7">
         <name>.debug_info</name>
         <load_address>0x1d80e</load_address>
         <run_address>0x1d80e</run_address>
         <size>0x5bc</size>
         <input_file_ref idref="fl-17"/>
      </object_component>
      <object_component id="oc-105">
         <name>.debug_info</name>
         <load_address>0x1ddca</load_address>
         <run_address>0x1ddca</run_address>
         <size>0xce8</size>
         <input_file_ref idref="fl-17"/>
      </object_component>
      <object_component id="oc-1e6">
         <name>.debug_info</name>
         <load_address>0x1eab2</load_address>
         <run_address>0x1eab2</run_address>
         <size>0x3e5</size>
         <input_file_ref idref="fl-cd"/>
      </object_component>
      <object_component id="oc-1e0">
         <name>.debug_info</name>
         <load_address>0x1ee97</load_address>
         <run_address>0x1ee97</run_address>
         <size>0x157</size>
         <input_file_ref idref="fl-cd"/>
      </object_component>
      <object_component id="oc-1da">
         <name>.debug_info</name>
         <load_address>0x1efee</load_address>
         <run_address>0x1efee</run_address>
         <size>0x166</size>
         <input_file_ref idref="fl-cd"/>
      </object_component>
      <object_component id="oc-10b">
         <name>.debug_info</name>
         <load_address>0x1f154</load_address>
         <run_address>0x1f154</run_address>
         <size>0x1ac</size>
         <input_file_ref idref="fl-cd"/>
      </object_component>
      <object_component id="oc-2f7">
         <name>.debug_info</name>
         <load_address>0x1f300</load_address>
         <run_address>0x1f300</run_address>
         <size>0xb2</size>
         <input_file_ref idref="fl-cd"/>
      </object_component>
      <object_component id="oc-2d4">
         <name>.debug_info</name>
         <load_address>0x1f3b2</load_address>
         <run_address>0x1f3b2</run_address>
         <size>0x590</size>
         <input_file_ref idref="fl-ce"/>
      </object_component>
      <object_component id="oc-2a0">
         <name>.debug_info</name>
         <load_address>0x1f942</load_address>
         <run_address>0x1f942</run_address>
         <size>0x21e</size>
         <input_file_ref idref="fl-ce"/>
      </object_component>
      <object_component id="oc-37c">
         <name>.debug_info</name>
         <load_address>0x1fb60</load_address>
         <run_address>0x1fb60</run_address>
         <size>0x1b3</size>
         <input_file_ref idref="fl-ce"/>
      </object_component>
      <object_component id="oc-382">
         <name>.debug_info</name>
         <load_address>0x1fd13</load_address>
         <run_address>0x1fd13</run_address>
         <size>0x21b</size>
         <input_file_ref idref="fl-ce"/>
      </object_component>
      <object_component id="oc-2ab">
         <name>.debug_info</name>
         <load_address>0x1ff2e</load_address>
         <run_address>0x1ff2e</run_address>
         <size>0x3c0</size>
         <input_file_ref idref="fl-ce"/>
      </object_component>
      <object_component id="oc-389">
         <name>.debug_info</name>
         <load_address>0x202ee</load_address>
         <run_address>0x202ee</run_address>
         <size>0x30a</size>
         <input_file_ref idref="fl-ce"/>
      </object_component>
      <object_component id="oc-38f">
         <name>.debug_info</name>
         <load_address>0x205f8</load_address>
         <run_address>0x205f8</run_address>
         <size>0x215</size>
         <input_file_ref idref="fl-ce"/>
      </object_component>
      <object_component id="oc-2b1">
         <name>.debug_info</name>
         <load_address>0x2080d</load_address>
         <run_address>0x2080d</run_address>
         <size>0x215</size>
         <input_file_ref idref="fl-ce"/>
      </object_component>
      <object_component id="oc-2b7">
         <name>.debug_info</name>
         <load_address>0x20a22</load_address>
         <run_address>0x20a22</run_address>
         <size>0x304</size>
         <input_file_ref idref="fl-ce"/>
      </object_component>
      <object_component id="oc-2bd">
         <name>.debug_info</name>
         <load_address>0x20d26</load_address>
         <run_address>0x20d26</run_address>
         <size>0x4b5</size>
         <input_file_ref idref="fl-ce"/>
      </object_component>
      <object_component id="oc-1cf">
         <name>.debug_info</name>
         <load_address>0x211db</load_address>
         <run_address>0x211db</run_address>
         <size>0x5f4</size>
         <input_file_ref idref="fl-ce"/>
      </object_component>
      <object_component id="oc-2d5">
         <name>.debug_info</name>
         <load_address>0x217cf</load_address>
         <run_address>0x217cf</run_address>
         <size>0x86</size>
         <input_file_ref idref="fl-ce"/>
      </object_component>
      <object_component id="oc-3bd">
         <name>.debug_info</name>
         <load_address>0x21855</load_address>
         <run_address>0x21855</run_address>
         <size>0x39</size>
         <input_file_ref idref="fl-ce"/>
      </object_component>
      <object_component id="oc-435">
         <name>.debug_info</name>
         <load_address>0x2188e</load_address>
         <run_address>0x2188e</run_address>
         <size>0xb6</size>
         <input_file_ref idref="fl-ce"/>
      </object_component>
      <object_component id="oc-3c2">
         <name>.debug_info</name>
         <load_address>0x21944</load_address>
         <run_address>0x21944</run_address>
         <size>0x46</size>
         <input_file_ref idref="fl-ce"/>
      </object_component>
      <object_component id="oc-2da">
         <name>.debug_info</name>
         <load_address>0x2198a</load_address>
         <run_address>0x2198a</run_address>
[...]
      </symbol>
      <symbol id="sm-aaa">
         <name>__aeabi_dmul</name>
         <value>0x6b79</value>
         <object_component_ref idref="oc-356"/>
      </symbol>
      <symbol id="sm-ab4">
         <name>__aeabi_d2iz</name>
         <value>0x7c49</value>
         <object_component_ref idref="oc-365"/>
      </symbol>
      <symbol id="sm-abe">
         <name>__aeabi_i2d</name>
         <value>0x7f1d</value>
         <object_component_ref idref="oc-370"/>
      </symbol>
      <symbol id="sm-ad9">
         <name>memcpy</name>
         <value>0x7223</value>
         <object_component_ref idref="oc-3a"/>
      </symbol>
      <symbol id="sm-ada">
         <name>__aeabi_memcpy</name>
         <value>0x7223</value>
         <object_component_ref idref="oc-3a"/>
      </symbol>
      <symbol id="sm-adb">
         <name>__aeabi_memcpy8</name>
         <value>0x7223</value>
         <object_component_ref idref="oc-3a"/>
      </symbol>
      <symbol id="sm-adc">
         <name>__aeabi_memcpy4</name>
         <value>0x7223</value>
         <object_component_ref idref="oc-3a"/>
      </symbol>
      <symbol id="sm-aeb">
         <name>__aeabi_memset</name>
         <value>0x7463</value>
         <object_component_ref idref="oc-99"/>
      </symbol>
      <symbol id="sm-aec">
         <name>memset</name>
         <value>0x7469</value>
         <object_component_ref idref="oc-99"/>
      </symbol>
      <symbol id="sm-aed">
         <name>__aeabi_memset8</name>
         <value>0x7463</value>
         <object_component_ref idref="oc-99"/>
      </symbol>
      <symbol id="sm-aee">
         <name>__aeabi_memset4</name>
         <value>0x7463</value>
         <object_component_ref idref="oc-99"/>
      </symbol>
      <symbol id="sm-aef">
         <name>__aeabi_memclr8</name>
         <value>0x7461</value>
         <object_component_ref idref="oc-99"/>
      </symbol>
      <symbol id="sm-af0">
         <name>__aeabi_memclr4</name>
         <value>0x7461</value>
         <object_component_ref idref="oc-99"/>
      </symbol>
      <symbol id="sm-af1">
         <name>__aeabi_memclr</name>
         <value>0x7461</value>
         <object_component_ref idref="oc-99"/>
      </symbol>
      <symbol id="sm-afe">
         <name>__aeabi_uldivmod</name>
         <value>0x72bf</value>
         <object_component_ref idref="oc-34f"/>
      </symbol>
      <symbol id="sm-b10">
         <name>__TI_zero_init</name>
         <value>0x80e7</value>
         <object_component_ref idref="oc-4c"/>
      </symbol>
      <symbol id="sm-b27">
         <name>__TI_decompress_none</name>
         <value>0x80cb</value>
         <object_component_ref idref="oc-1d"/>
      </symbol>
      <symbol id="sm-b4a">
         <name>__TI_decompress_lzss</name>
         <value>0x7705</value>
         <object_component_ref idref="oc-17"/>
      </symbol>
      <symbol id="sm-b70">
         <name>C$$EXIT</name>
         <value>0x8111</value>
         <object_component_ref idref="oc-137"/>
      </symbol>
      <symbol id="sm-b71">
         <name>abort</name>
         <value>0x8111</value>
         <object_component_ref idref="oc-137"/>
      </symbol>
      <symbol id="sm-b72">
         <name>__TI_dtors_ptr</name>
         <value>0x20008970</value>
         <object_component_ref idref="oc-226"/>
      </symbol>
      <symbol id="sm-b73">
         <name>__TI_cleanup_ptr</name>
         <value>0x2000896c</value>
         <object_component_ref idref="oc-226"/>
      </symbol>
      <symbol id="sm-b74">
         <name>__TI_enable_exit_profile_output</name>
         <value>0x20008974</value>
         <object_component_ref idref="oc-226"/>
      </symbol>
      <symbol id="sm-b75">
         <name>exit</name>
         <value>0x7c01</value>
         <object_component_ref idref="oc-13d"/>
      </symbol>
      <symbol id="sm-b8a">
         <name>_nop</name>
         <value>0x4453</value>
         <object_component_ref idref="oc-2df"/>
      </symbol>
      <symbol id="sm-b8b">
         <name>_lock</name>
         <value>0x20008984</value>
         <object_component_ref idref="oc-1d3"/>
      </symbol>
      <symbol id="sm-b8c">
         <name>_unlock</name>
         <value>0x20008988</value>
         <object_component_ref idref="oc-1d3"/>
      </symbol>
      <symbol id="sm-b9b">
         <name>__TI_ltoa</name>
         <value>0x7ac3</value>
         <object_component_ref idref="oc-36a"/>
      </symbol>
      <symbol id="sm-bb1">
         <name>atoi</name>
         <value>0x7bb5</value>
         <object_component_ref idref="oc-298"/>
      </symbol>
      <symbol id="sm-bbc">
         <name>_ctypes_</name>
         <value>0x8114</value>
         <object_component_ref idref="oc-34a"/>
      </symbol>
      <symbol id="sm-bd1">
         <name>__TI_tmpnams</name>
         <value>0x200081e8</value>
      </symbol>
      <symbol id="sm-bd2">
         <name>__aeabi_stdout</name>
         <value>0x20008964</value>
         <object_component_ref idref="oc-4bb"/>
      </symbol>
      <symbol id="sm-bd3">
         <name>__aeabi_stderr</name>
         <value>0x20008968</value>
         <object_component_ref idref="oc-4bb"/>
      </symbol>
      <symbol id="sm-bd4">
         <name>__aeabi_stdin</name>
         <value>0x20008960</value>
         <object_component_ref idref="oc-4bb"/>
      </symbol>
      <symbol id="sm-bd5">
         <name>_ftable</name>
         <value>0x20008740</value>
         <object_component_ref idref="oc-1d6"/>
      </symbol>
      <symbol id="sm-bd6">
         <name>__TI_ft_end</name>
         <value>0x2000895c</value>
         <object_component_ref idref="oc-4bb"/>
      </symbol>
      <symbol id="sm-be6">
         <name>memccpy</name>
         <value>0x802d</value>
         <object_component_ref idref="oc-2c1"/>
      </symbol>
      <symbol id="sm-bf6">
         <name>memchr</name>
         <value>0x7ff1</value>
         <object_component_ref idref="oc-3d2"/>
      </symbol>
      <symbol id="sm-c7f">
         <name>_sys_memory</name>
         <value>0x20008340</value>
         <object_component_ref idref="oc-29"/>
      </symbol>
      <symbol id="sm-c80">
         <name>free</name>
         <value>0x6c75</value>
         <object_component_ref idref="oc-46c"/>
      </symbol>
      <symbol id="sm-c81">
         <name>memalign</name>
         <value>0x6a79</value>
         <object_component_ref idref="oc-4ae"/>
      </symbol>
      <symbol id="sm-c82">
         <name>malloc</name>
         <value>0x80fd</value>
         <object_component_ref idref="oc-472"/>
      </symbol>
      <symbol id="sm-c83">
         <name>aligned_alloc</name>
         <value>0x6a79</value>
         <object_component_ref idref="oc-4ae"/>
      </symbol>
      <symbol id="sm-c93">
         <name>strchr</name>
         <value>0x807b</value>
         <object_component_ref idref="oc-3a1"/>
      </symbol>
      <symbol id="sm-ca1">
         <name>strlen</name>
         <value>0x80a5</value>
         <object_component_ref idref="oc-292"/>
      </symbol>
      <symbol id="sm-cbb">
         <name>write</name>
         <value>0x7fc9</value>
         <object_component_ref idref="oc-3de"/>
      </symbol>
      <symbol id="sm-ccc">
         <name>_stream</name>
         <value>0x200088a8</value>
         <object_component_ref idref="oc-44c"/>
      </symbol>
      <symbol id="sm-ccd">
         <name>_device</name>
         <value>0x20008830</value>
         <object_component_ref idref="oc-48b"/>
      </symbol>
      <symbol id="sm-ce3">
         <name>__aeabi_errno_addr</name>
         <value>0x80f5</value>
         <object_component_ref idref="oc-2cd"/>
      </symbol>
      <symbol id="sm-ce4">
         <name>errno</name>
         <value>0x200089a4</value>
         <object_component_ref idref="oc-3b1"/>
      </symbol>
      <symbol id="sm-cf7">
         <name>__stack</name>
         <value>0x2000fe00</value>
         <object_component_ref idref="oc-2c"/>
      </symbol>
      <symbol id="sm-cf8">
         <name>_c_int00_noargs</name>
         <value>0x7eb9</value>
         <object_component_ref idref="oc-58"/>
      </symbol>
      <symbol id="sm-d18">
         <name>frexpl</name>
         <value>0x77d5</value>
         <object_component_ref idref="oc-395"/>
      </symbol>
      <symbol id="sm-d19">
         <name>frexp</name>
         <value>0x77d5</value>
         <object_component_ref idref="oc-395"/>
      </symbol>
      <symbol id="sm-d36">
         <name>scalbn</name>
         <value>0x6969</value>
         <object_component_ref idref="oc-39b"/>
      </symbol>
      <symbol id="sm-d37">
         <name>scalbnl</name>
         <value>0x6969</value>
         <object_component_ref idref="oc-39b"/>
      </symbol>
      <symbol id="sm-d38">
         <name>ldexpl</name>
         <value>0x6969</value>
         <object_component_ref idref="oc-39b"/>
      </symbol>
      <symbol id="sm-d39">
         <name>ldexp</name>
         <value>0x6969</value>
         <object_component_ref idref="oc-39b"/>
      </symbol>
      <symbol id="sm-d43">
         <name>copysign</name>
         <value>0x8049</value>
         <object_component_ref idref="oc-41e"/>
      </symbol>
      <symbol id="sm-d44">
         <name>copysignl</name>
         <value>0x8049</value>
         <object_component_ref idref="oc-41e"/>
      </symbol>
      <symbol id="sm-d5d">
         <name>wcslen</name>
         <value>0x80b9</value>
         <object_component_ref idref="oc-2c7"/>
      </symbol>
      <symbol id="sm-d6d">
         <name>__TI_doflush</name>
         <value>0x7b69</value>
         <object_component_ref idref="oc-3d8"/>
      </symbol>
      <symbol id="sm-d7d">
         <name>__TI_cleanup</name>
         <value>0x7e51</value>
         <object_component_ref idref="oc-478"/>
      </symbol>
      <symbol id="sm-d8f">
         <name>fseek</name>
         <value>0x7839</value>
         <object_component_ref idref="oc-43a"/>
      </symbol>
      <symbol id="sm-d99">
         <name>__aeabi_idiv0</name>
         <value>0x625b</value>
         <object_component_ref idref="oc-405"/>
      </symbol>
      <symbol id="sm-d9a">
         <name>__aeabi_ldiv0</name>
         <value>0x625b</value>
         <object_component_ref idref="oc-405"/>
      </symbol>
      <symbol id="sm-dc2">
         <name>__TI_auto_init_nobinit_nopinit</name>
         <value>0x7d19</value>
         <object_component_ref idref="oc-143"/>
      </symbol>
      <symbol id="sm-dcc">
         <name>_system_pre_init</name>
         <value>0x810d</value>
         <object_component_ref idref="oc-9f"/>
      </symbol>
      <symbol id="sm-ddf">
         <name>HOSTclose</name>
         <value>0x7c91</value>
         <object_component_ref idref="oc-4c7"/>
      </symbol>
      <symbol id="sm-df0">
         <name>HOSTlseek</name>
         <value>0x769d</value>
         <object_component_ref idref="oc-4d9"/>
      </symbol>
      <symbol id="sm-e02">
         <name>parmbuf</name>
         <value>0x2000832c</value>
      </symbol>
      <symbol id="sm-e03">
         <name>HOSTopen</name>
         <value>0x7901</value>
         <object_component_ref idref="oc-4c1"/>
      </symbol>
      <symbol id="sm-e14">
         <name>HOSTread</name>
         <value>0x79bd</value>
         <object_component_ref idref="oc-4cd"/>
      </symbol>
      <symbol id="sm-e25">
         <name>HOSTrename</name>
         <value>0x7631</value>
         <object_component_ref idref="oc-4e5"/>
      </symbol>
      <symbol id="sm-e36">
         <name>HOSTunlink</name>
         <value>0x7cd5</value>
         <object_component_ref idref="oc-4df"/>
      </symbol>
      <symbol id="sm-e47">
         <name>HOSTwrite</name>
         <value>0x7a15</value>
         <object_component_ref idref="oc-4d3"/>
      </symbol>
      <symbol id="sm-e6b">
         <name>__TI_readmsg</name>
         <value>0x7e85</value>
         <object_component_ref idref="oc-514"/>
      </symbol>
      <symbol id="sm-e6c">
         <name>C$$IO$$</name>
         <value>0x7e0f</value>
         <object_component_ref idref="oc-50e"/>
      </symbol>
      <symbol id="sm-e6d">
         <name>__CIOBUF_</name>
         <value>0x20008000</value>
         <object_component_ref idref="oc-53f"/>
      </symbol>
      <symbol id="sm-e6e">
         <name>__TI_writemsg</name>
         <value>0x7de1</value>
         <object_component_ref idref="oc-50e"/>
      </symbol>
      <symbol id="sm-e7f">
         <name>lseek</name>
         <value>0x7fa1</value>
         <object_component_ref idref="oc-464"/>
      </symbol>
      <symbol id="sm-e94">
         <name>__TI_closefile</name>
         <value>0x74dd</value>
         <object_component_ref idref="oc-4b5"/>
      </symbol>
      <symbol id="sm-eb7">
         <name>finddevice</name>
         <value>0x7eed</value>
         <object_component_ref idref="oc-55d"/>
      </symbol>
      <symbol id="sm-eb8">
         <name>getdevice</name>
         <value>0x7d5d</value>
         <object_component_ref idref="oc-535"/>
      </symbol>
      <symbol id="sm-ec7">
         <name>strcmp</name>
         <value>0x8063</value>
         <object_component_ref idref="oc-574"/>
      </symbol>
      <symbol id="sm-ed5">
         <name>strcpy</name>
         <value>0x8091</value>
         <object_component_ref idref="oc-528"/>
      </symbol>
      <symbol id="sm-ee5">
         <name>strncpy</name>
         <value>0x7e19</value>
         <object_component_ref idref="oc-557"/>
      </symbol>
      <symbol id="sm-efa">
         <name>close</name>
         <value>0x7961</value>
         <object_component_ref idref="oc-4fd"/>
      </symbol>
      <symbol id="sm-f0a">
         <name>unlink</name>
         <value>0x7f4d</value>
         <object_component_ref idref="oc-503"/>
      </symbol>
      <symbol id="sm-f0b">
         <name>__TI_static_base__</name>
         <value>0x0</value>
      </symbol>
      <symbol id="sm-f0e">
         <name>__mpu_init</name>
         <value>0x0</value>
      </symbol>
      <symbol id="sm-f0f">
         <name>_system_post_cinit</name>
         <value>0x0</value>
      </symbol>
      <symbol id="sm-f10">
         <name>NMI_Handler</name>
         <value>0x80e5</value>
      </symbol>
      <symbol id="sm-f11">
         <name>HardFault_Handler</name>
         <value>0x80e5</value>
      </symbol>
      <symbol id="sm-f12">
         <name>MemManage_Handler</name>
         <value>0x80e5</value>
      </symbol>
      <symbol id="sm-f13">
         <name>BusFault_Handler</name>
         <value>0x80e5</value>
      </symbol>
      <symbol id="sm-f14">
         <name>UsageFault_Handler</name>
         <value>0x80e5</value>
      </symbol>
      <symbol id="sm-f15">
         <name>SVC_Handler</name>
         <value>0x80e5</value>
      </symbol>
      <symbol id="sm-f16">
         <name>DebugMon_Handler</name>
         <value>0x80e5</value>
      </symbol>
      <symbol id="sm-f17">
         <name>PendSV_Handler</name>
         <value>0x80e5</value>
      </symbol>
      <symbol id="sm-f18">
         <name>SysTick_Handler</name>
         <value>0x80e5</value>
      </symbol>
      <symbol id="sm-f19">
         <name>PSS_IRQHandler</name>
         <value>0x80e5</value>
      </symbol>
      <symbol id="sm-f1a">
         <name>CS_IRQHandler</name>
         <value>0x80e5</value>
      </symbol>
      <symbol id="sm-f1b">
         <name>PCM_IRQHandler</name>
         <value>0x80e5</value>
      </symbol>
      <symbol id="sm-f1c">
         <name>WDT_A_IRQHandler</name>
         <value>0x80e5</value>
      </symbol>
      <symbol id="sm-f1d">
         <name>FPU_IRQHandler</name>
         <value>0x80e5</value>
      </symbol>
      <symbol id="sm-f1e">
         <name>FLCTL_IRQHandler</name>
         <value>0x80e5</value>
      </symbol>
      <symbol id="sm-f1f">
         <name>COMP_E0_IRQHandler</name>
         <value>0x80e5</value>
      </symbol>
      <symbol id="sm-f20">
         <name>COMP_E1_IRQHandler</name>
         <value>0x80e5</value>
      </symbol>
      <symbol id="sm-f21">
         <name>TA0_0_IRQHandler</name>
         <value>0x80e5</value>
      </symbol>
      <symbol id="sm-f22">
         <name>TA0_N_IRQHandler</name>
         <value>0x80e5</value>
      </symbol>
      <symbol id="sm-f23">
         <name>TA1_0_IRQHandler</name>
         <value>0x80e5</value>
      </symbol>
      <symbol id="sm-f24">
         <name>TA1_N_IRQHandler</name>
         <value>0x80e5</value>
      </symbol>
      <symbol id="sm-f25">
         <name>TA2_0_IRQHandler</name>
         <value>0x80e5</value>
      </symbol>
      <symbol id="sm-f26">
         <name>TA2_N_IRQHandler</name>
         <value>0x80e5</value>
      </symbol>
      <symbol id="sm-f27">
         <name>TA3_0_IRQHandler</name>
         <value>0x80e5</value>
      </symbol>
      <symbol id="sm-f28">
         <name>TA3_N_IRQHandler</name>
         <value>0x80e5</value>
      </symbol>
      <symbol id="sm-f29">
         <name>EUSCIA0_IRQHandler</name>
         <value>0x80e5</value>
      </symbol>
      <symbol id="sm-f2a">
         <name>EUSCIA1_IRQHandler</name>
         <value>0x80e5</value>
      </symbol>
      <symbol id="sm-f2b">
         <name>EUSCIA2_IRQHandler</name>
         <value>0x80e5</value>
      </symbol>
      <symbol id="sm-f2c">
         <name>EUSCIA3_IRQHandler</name>
         <value>0x80e5</value>
      </symbol>
      <symbol id="sm-f2d">
         <name>EUSCIB0_IRQHandler</name>
         <value>0x80e5</value>
      </symbol>
      <symbol id="sm-f2e">
         <name>EUSCIB1_IRQHandler</name>
         <value>0x80e5</value>
      </symbol>
      <symbol id="sm-f2f">
         <name>EUSCIB2_IRQHandler</name>
         <value>0x80e5</value>
      </symbol>
      <symbol id="sm-f30">
         <name>EUSCIB3_IRQHandler</name>
         <value>0x80e5</value>
      </symbol>
      <symbol id="sm-f31">
         <name>ADC14_IRQHandler</name>
         <value>0x80e5</value>
      </symbol>
      <symbol id="sm-f32">
         <name>T32_INT1_IRQHandler</name>
         <value>0x80e5</value>
      </symbol>
      <symbol id="sm-f33">
         <name>T32_INT2_IRQHandler</name>
         <value>0x80e5</value>
      </symbol>
      <symbol id="sm-f34">
         <name>T32_INTC_IRQHandler</name>
         <value>0x80e5</value>
      </symbol>
      <symbol id="sm-f35">
         <name>AES256_IRQHandler</name>
         <value>0x80e5</value>
      </symbol>
      <symbol id="sm-f36">
         <name>RTC_C_IRQHandler</name>
         <value>0x80e5</value>
      </symbol>
      <symbol id="sm-f37">
         <name>DMA_ERR_IRQHandler</name>
         <value>0x80e5</value>
      </symbol>
      <symbol id="sm-f38">
         <name>DMA_INT3_IRQHandler</name>
         <value>0x80e5</value>
      </symbol>
      <symbol id="sm-f39">
         <name>DMA_INT2_IRQHandler</name>
         <value>0x80e5</value>
      </symbol>
      <symbol id="sm-f3a">
         <name>DMA_INT1_IRQHandler</name>
         <value>0x80e5</value>
      </symbol>
      <symbol id="sm-f3b">
         <name>DMA_INT0_IRQHandler</name>
         <value>0x80e5</value>
      </symbol>
      <symbol id="sm-f3c">
         <name>PORT1_IRQHandler</name>
         <value>0x80e5</value>
      </symbol>
      <symbol id="sm-f3d">
         <name>PORT2_IRQHandler</name>
         <value>0x80e5</value>
      </symbol>
      <symbol id="sm-f3e">
         <name>PORT3_IRQHandler</name>
         <value>0x80e5</value>
      </symbol>
      <symbol id="sm-f3f">
         <name>PORT4_IRQHandler</name>
         <value>0x80e5</value>
      </symbol>
      <symbol id="sm-f40">
         <name>PORT5_IRQHandler</name>
         <value>0x80e5</value>
      </symbol>
      <symbol id="sm-f41">
         <name>PORT6_IRQHandler</name>
         <value>0x80e5</value>
      </symbol>
      <symbol id="sm-f42">
         <name>remove</name>
         <value>0x7f4d</value>
      </symbol>
   </symbol_table>
   <title>Link successful</title>
</link_info>
