<?xml version="1.0" encoding="ISO-8859-1" ?>
<link_info>
   <banner>TI ARM Linker PC v20.2.6.LTS</banner>
   <copyright>Copyright (c) 1996-2018 Texas Instruments Incorporated</copyright>
   <link_time>0x6383db46</link_time>
   <link_errors>0x0</link_errors>
   <output_file>13-ice-vTaskDelay.out</output_file>
   <entry_point>
      <name>_c_int00_noargs</name>
      <address>0x7ca9</address>
   </entry_point>
   <input_file_list>
      <input_file id="fl-2">
         <path>.\</path>
         <kind>object</kind>
         <file>main.obj</file>
         <name>main.obj</name>
      </input_file>
      <input_file id="fl-3">
         <path>.\</path>
         <kind>object</kind>
         <file>startup_msp432p401r_ccs.obj</file>
         <name>startup_msp432p401r_ccs.obj</name>
      </input_file>
      <input_file id="fl-4">
         <path>.\</path>
         <kind>object</kind>
         <file>system_msp432p401r.obj</file>
         <name>system_msp432p401r.obj</name>
      </input_file>
      <input_file id="fl-5">
         <path>.\</path>
         <kind>object</kind>
         <file>task_mkII_s1.obj</file>
         <name>task_mkII_s1.obj</name>
      </input_file>
      <input_file id="fl-6">
         <path>.\</path>
         <kind>object</kind>
         <file>task_mkII_s2.obj</file>
         <name>task_mkII_s2.obj</name>
      </input_file>
      <input_file id="fl-7">
         <path>.\FreeRTOS\</path>
         <kind>object</kind>
         <file>croutine.obj</file>
         <name>croutine.obj</name>
      </input_file>
      <input_file id="fl-8">
         <path>.\FreeRTOS\</path>
         <kind>object</kind>
         <file>event_groups.obj</file>
         <name>event_groups.obj</name>
      </input_file>
      <input_file id="fl-9">
         <path>.\FreeRTOS\</path>
         <kind>object</kind>
         <file>heap_4.obj</file>
         <name>heap_4.obj</name>
      </input_file>
      <input_file id="fl-a">
         <path>.\FreeRTOS\</path>
         <kind>object</kind>
         <file>list.obj</file>
         <name>list.obj</name>
      </input_file>
      <input_file id="fl-b">
         <path>.\FreeRTOS\</path>
         <kind>object</kind>
         <file>queue.obj</file>
         <name>queue.obj</name>
      </input_file>
      <input_file id="fl-c">
         <path>.\FreeRTOS\</path>
         <kind>object</kind>
         <file>stream_buffer.obj</file>
         <name>stream_buffer.obj</name>
      </input_file>
      <input_file id="fl-d">
         <path>.\FreeRTOS\</path>
         <kind>object</kind>
         <file>tasks.obj</file>
         <name>tasks.obj</name>
      </input_file>
      <input_file id="fl-e">
         <path>.\FreeRTOS\</path>
         <kind>object</kind>
         <file>timers.obj</file>
         <name>timers.obj</name>
      </input_file>
      <input_file id="fl-f">
         <path>.\FreeRTOS\portable\</path>
         <kind>object</kind>
         <file>port.obj</file>
         <name>port.obj</name>
      </input_file>
      <input_file id="fl-10">
         <path>.\FreeRTOS\portable\</path>
         <kind>object</kind>
         <file>portasm.obj</file>
         <name>portasm.obj</name>
      </input_file>
      <input_file id="fl-15">
         <kind>object</kind>
         <file>&lt;internal&gt;</file>
         <name>&lt;internal&gt;</name>
      </input_file>
      <input_file id="fl-16">
         <path>..\</path>
         <kind>archive</kind>
         <file>ece353_staff.lib</file>
         <name>ece353_staff.obj</name>
      </input_file>
      <input_file id="fl-cc">
         <path>C:\ti\ccs1200\ccs\tools\compiler\ti-cgt-arm_20.2.6.LTS\lib\</path>
         <kind>archive</kind>
         <file>rtsv7M4_T_le_v4SPD16_eabi.lib</file>
         <name>printf.c.obj</name>
      </input_file>
      <input_file id="fl-cd">
         <path>C:\ti\ccs1200\ccs\tools\compiler\ti-cgt-arm_20.2.6.LTS\lib\</path>
         <kind>archive</kind>
         <file>rtsv7M4_T_le_v4SPD16_eabi.lib</file>
         <name>_printfi.c.obj</name>
      </input_file>
      <input_file id="fl-ce">
         <path>C:\ti\ccs1200\ccs\tools\compiler\ti-cgt-arm_20.2.6.LTS\lib\</path>
         <kind>archive</kind>
         <file>rtsv7M4_T_le_v4SPD16_eabi.lib</file>
         <name>fputs.c.obj</name>
      </input_file>
      <input_file id="fl-cf">
         <path>C:\ti\ccs1200\ccs\tools\compiler\ti-cgt-arm_20.2.6.LTS\lib\</path>
         <kind>archive</kind>
         <file>rtsv7M4_T_le_v4SPD16_eabi.lib</file>
         <name>_io_perm.c.obj</name>
      </input_file>
      <input_file id="fl-d0">
         <path>C:\ti\ccs1200\ccs\tools\compiler\ti-cgt-arm_20.2.6.LTS\lib\</path>
         <kind>archive</kind>
         <file>rtsv7M4_T_le_v4SPD16_eabi.lib</file>
         <name>setvbuf.c.obj</name>
      </input_file>
      <input_file id="fl-d1">
         <path>C:\ti\ccs1200\ccs\tools\compiler\ti-cgt-arm_20.2.6.LTS\lib\</path>
         <kind>archive</kind>
         <file>rtsv7M4_T_le_v4SPD16_eabi.lib</file>
         <name>fd_add_t2.asm.obj</name>
      </input_file>
      <input_file id="fl-d2">
         <path>C:\ti\ccs1200\ccs\tools\compiler\ti-cgt-arm_20.2.6.LTS\lib\</path>
         <kind>archive</kind>
         <file>rtsv7M4_T_le_v4SPD16_eabi.lib</file>
         <name>fd_cmp_t2.asm.obj</name>
      </input_file>
      <input_file id="fl-d3">
         <path>C:\ti\ccs1200\ccs\tools\compiler\ti-cgt-arm_20.2.6.LTS\lib\</path>
         <kind>archive</kind>
         <file>rtsv7M4_T_le_v4SPD16_eabi.lib</file>
         <name>fd_div_t2.asm.obj</name>
      </input_file>
      <input_file id="fl-d4">
         <path>C:\ti\ccs1200\ccs\tools\compiler\ti-cgt-arm_20.2.6.LTS\lib\</path>
         <kind>archive</kind>
         <file>rtsv7M4_T_le_v4SPD16_eabi.lib</file>
         <name>fd_mul_t2.asm.obj</name>
      </input_file>
      <input_file id="fl-d5">
         <path>C:\ti\ccs1200\ccs\tools\compiler\ti-cgt-arm_20.2.6.LTS\lib\</path>
         <kind>archive</kind>
         <file>rtsv7M4_T_le_v4SPD16_eabi.lib</file>
         <name>fd_toi_t2.asm.obj</name>
      </input_file>
      <input_file id="fl-d6">
         <path>C:\ti\ccs1200\ccs\tools\compiler\ti-cgt-arm_20.2.6.LTS\lib\</path>
         <kind>archive</kind>
         <file>rtsv7M4_T_le_v4SPD16_eabi.lib</file>
         <name>i_tofd_t2.asm.obj</name>
      </input_file>
      <input_file id="fl-d7">
         <path>C:\ti\ccs1200\ccs\tools\compiler\ti-cgt-arm_20.2.6.LTS\lib\</path>
         <kind>archive</kind>
         <file>rtsv7M4_T_le_v4SPD16_eabi.lib</file>
         <name>memcpy_t2.asm.obj</name>
      </input_file>
      <input_file id="fl-d8">
         <path>C:\ti\ccs1200\ccs\tools\compiler\ti-cgt-arm_20.2.6.LTS\lib\</path>
         <kind>archive</kind>
         <file>rtsv7M4_T_le_v4SPD16_eabi.lib</file>
         <name>memset_t2.asm.obj</name>
      </input_file>
      <input_file id="fl-d9">
         <path>C:\ti\ccs1200\ccs\tools\compiler\ti-cgt-arm_20.2.6.LTS\lib\</path>
         <kind>archive</kind>
         <file>rtsv7M4_T_le_v4SPD16_eabi.lib</file>
         <name>ull_div_t2.asm.obj</name>
      </input_file>
      <input_file id="fl-da">
         <path>C:\ti\ccs1200\ccs\tools\compiler\ti-cgt-arm_20.2.6.LTS\lib\</path>
         <kind>archive</kind>
         <file>rtsv7M4_T_le_v4SPD16_eabi.lib</file>
         <name>copy_zero_init.c.obj</name>
      </input_file>
      <input_file id="fl-db">
         <path>C:\ti\ccs1200\ccs\tools\compiler\ti-cgt-arm_20.2.6.LTS\lib\</path>
         <kind>archive</kind>
         <file>rtsv7M4_T_le_v4SPD16_eabi.lib</file>
         <name>copy_decompress_none.c.obj</name>
      </input_file>
      <input_file id="fl-dc">
         <path>C:\ti\ccs1200\ccs\tools\compiler\ti-cgt-arm_20.2.6.LTS\lib\</path>
         <kind>archive</kind>
         <file>rtsv7M4_T_le_v4SPD16_eabi.lib</file>
         <name>copy_decompress_lzss.c.obj</name>
      </input_file>
      <input_file id="fl-dd">
         <path>C:\ti\ccs1200\ccs\tools\compiler\ti-cgt-arm_20.2.6.LTS\lib\</path>
         <kind>archive</kind>
         <file>rtsv7M4_T_le_v4SPD16_eabi.lib</file>
         <name>exit.c.obj</name>
      </input_file>
      <input_file id="fl-de">
         <path>C:\ti\ccs1200\ccs\tools\compiler\ti-cgt-arm_20.2.6.LTS\lib\</path>
         <kind>archive</kind>
         <file>rtsv7M4_T_le_v4SPD16_eabi.lib</file>
         <name>_lock.c.obj</name>
      </input_file>
      <input_file id="fl-df">
         <path>C:\ti\ccs1200\ccs\tools\compiler\ti-cgt-arm_20.2.6.LTS\lib\</path>
         <kind>archive</kind>
         <file>rtsv7M4_T_le_v4SPD16_eabi.lib</file>
         <name>_ltoa.c.obj</name>
      </input_file>
      <input_file id="fl-e0">
         <path>C:\ti\ccs1200\ccs\tools\compiler\ti-cgt-arm_20.2.6.LTS\lib\</path>
         <kind>archive</kind>
         <file>rtsv7M4_T_le_v4SPD16_eabi.lib</file>
         <name>atoi.c.obj</name>
      </input_file>
      <input_file id="fl-e1">
         <path>C:\ti\ccs1200\ccs\tools\compiler\ti-cgt-arm_20.2.6.LTS\lib\</path>
         <kind>archive</kind>
         <file>rtsv7M4_T_le_v4SPD16_eabi.lib</file>
         <name>ctype.c.obj</name>
      </input_file>
      <input_file id="fl-e2">
         <path>C:\ti\ccs1200\ccs\tools\compiler\ti-cgt-arm_20.2.6.LTS\lib\</path>
         <kind>archive</kind>
         <file>rtsv7M4_T_le_v4SPD16_eabi.lib</file>
         <name>defs.c.obj</name>
      </input_file>
      <input_file id="fl-e3">
         <path>C:\ti\ccs1200\ccs\tools\compiler\ti-cgt-arm_20.2.6.LTS\lib\</path>
         <kind>archive</kind>
         <file>rtsv7M4_T_le_v4SPD16_eabi.lib</file>
         <name>memccpy.c.obj</name>
      </input_file>
      <input_file id="fl-e4">
         <path>C:\ti\ccs1200\ccs\tools\compiler\ti-cgt-arm_20.2.6.LTS\lib\</path>
         <kind>archive</kind>
         <file>rtsv7M4_T_le_v4SPD16_eabi.lib</file>
         <name>memchr.c.obj</name>
      </input_file>
      <input_file id="fl-e5">
         <path>C:\ti\ccs1200\ccs\tools\compiler\ti-cgt-arm_20.2.6.LTS\lib\</path>
         <kind>archive</kind>
         <file>rtsv7M4_T_le_v4SPD16_eabi.lib</file>
         <name>memory.c.obj</name>
      </input_file>
      <input_file id="fl-e6">
         <path>C:\ti\ccs1200\ccs\tools\compiler\ti-cgt-arm_20.2.6.LTS\lib\</path>
         <kind>archive</kind>
         <file>rtsv7M4_T_le_v4SPD16_eabi.lib</file>
         <name>strchr.c.obj</name>
      </input_file>
      <input_file id="fl-e7">
         <path>C:\ti\ccs1200\ccs\tools\compiler\ti-cgt-arm_20.2.6.LTS\lib\</path>
         <kind>archive</kind>
         <file>rtsv7M4_T_le_v4SPD16_eabi.lib</file>
         <name>strlen.c.obj</name>
      </input_file>
      <input_file id="fl-e8">
         <path>C:\ti\ccs1200\ccs\tools\compiler\ti-cgt-arm_20.2.6.LTS\lib\</path>
         <kind>archive</kind>
         <file>rtsv7M4_T_le_v4SPD16_eabi.lib</file>
         <name>write.c.obj</name>
      </input_file>
      <input_file id="fl-e9">
         <path>C:\ti\ccs1200\ccs\tools\compiler\ti-cgt-arm_20.2.6.LTS\lib\</path>
         <kind>archive</kind>
         <file>rtsv7M4_T_le_v4SPD16_eabi.lib</file>
         <name>host_device.c.obj</name>
      </input_file>
      <input_file id="fl-ea">
         <path>C:\ti\ccs1200\ccs\tools\compiler\ti-cgt-arm_20.2.6.LTS\lib\</path>
         <kind>archive</kind>
         <file>rtsv7M4_T_le_v4SPD16_eabi.lib</file>
         <name>errno.c.obj</name>
      </input_file>
      <input_file id="fl-eb">
         <path>C:\ti\ccs1200\ccs\tools\compiler\ti-cgt-arm_20.2.6.LTS\lib\</path>
         <kind>archive</kind>
         <file>rtsv7M4_T_le_v4SPD16_eabi.lib</file>
         <name>boot_cortex_m.c.obj</name>
      </input_file>
      <input_file id="fl-ec">
         <path>C:\ti\ccs1200\ccs\tools\compiler\ti-cgt-arm_20.2.6.LTS\lib\</path>
         <kind>archive</kind>
         <file>rtsv7M4_T_le_v4SPD16_eabi.lib</file>
         <name>s_frexp.c.obj</name>
      </input_file>
      <input_file id="fl-ed">
         <path>C:\ti\ccs1200\ccs\tools\compiler\ti-cgt-arm_20.2.6.LTS\lib\</path>
         <kind>archive</kind>
         <file>rtsv7M4_T_le_v4SPD16_eabi.lib</file>
         <name>s_scalbn.c.obj</name>
      </input_file>
      <input_file id="fl-ee">
         <path>C:\ti\ccs1200\ccs\tools\compiler\ti-cgt-arm_20.2.6.LTS\lib\</path>
         <kind>archive</kind>
         <file>rtsv7M4_T_le_v4SPD16_eabi.lib</file>
         <name>s_copysign.c.obj</name>
      </input_file>
      <input_file id="fl-ef">
         <path>C:\ti\ccs1200\ccs\tools\compiler\ti-cgt-arm_20.2.6.LTS\lib\</path>
         <kind>archive</kind>
         <file>rtsv7M4_T_le_v4SPD16_eabi.lib</file>
         <name>wcslen.c.obj</name>
      </input_file>
      <input_file id="fl-f0">
         <path>C:\ti\ccs1200\ccs\tools\compiler\ti-cgt-arm_20.2.6.LTS\lib\</path>
         <kind>archive</kind>
         <file>rtsv7M4_T_le_v4SPD16_eabi.lib</file>
         <name>fflush.c.obj</name>
      </input_file>
      <input_file id="fl-f1">
         <path>C:\ti\ccs1200\ccs\tools\compiler\ti-cgt-arm_20.2.6.LTS\lib\</path>
         <kind>archive</kind>
         <file>rtsv7M4_T_le_v4SPD16_eabi.lib</file>
         <name>fopen.c.obj</name>
      </input_file>
      <input_file id="fl-f2">
         <path>C:\ti\ccs1200\ccs\tools\compiler\ti-cgt-arm_20.2.6.LTS\lib\</path>
         <kind>archive</kind>
         <file>rtsv7M4_T_le_v4SPD16_eabi.lib</file>
         <name>fseek.c.obj</name>
      </input_file>
      <input_file id="fl-f3">
         <path>C:\ti\ccs1200\ccs\tools\compiler\ti-cgt-arm_20.2.6.LTS\lib\</path>
         <kind>archive</kind>
         <file>rtsv7M4_T_le_v4SPD16_eabi.lib</file>
         <name>div0.asm.obj</name>
      </input_file>
      <input_file id="fl-f4">
         <path>C:\ti\ccs1200\ccs\tools\compiler\ti-cgt-arm_20.2.6.LTS\lib\</path>
         <kind>archive</kind>
         <file>rtsv7M4_T_le_v4SPD16_eabi.lib</file>
         <name>autoinit.c.obj</name>
      </input_file>
      <input_file id="fl-f5">
         <path>C:\ti\ccs1200\ccs\tools\compiler\ti-cgt-arm_20.2.6.LTS\lib\</path>
         <kind>archive</kind>
         <file>rtsv7M4_T_le_v4SPD16_eabi.lib</file>
         <name>pre_init.c.obj</name>
      </input_file>
      <input_file id="fl-f6">
         <path>C:\ti\ccs1200\ccs\tools\compiler\ti-cgt-arm_20.2.6.LTS\lib\</path>
         <kind>archive</kind>
         <file>rtsv7M4_T_le_v4SPD16_eabi.lib</file>
         <name>cpy_tbl.c.obj</name>
      </input_file>
      <input_file id="fl-f7">
         <path>C:\ti\ccs1200\ccs\tools\compiler\ti-cgt-arm_20.2.6.LTS\lib\</path>
         <kind>archive</kind>
         <file>rtsv7M4_T_le_v4SPD16_eabi.lib</file>
         <name>args_main.c.obj</name>
      </input_file>
      <input_file id="fl-f8">
         <path>C:\ti\ccs1200\ccs\tools\compiler\ti-cgt-arm_20.2.6.LTS\lib\</path>
         <kind>archive</kind>
         <file>rtsv7M4_T_le_v4SPD16_eabi.lib</file>
         <name>hostclose.c.obj</name>
      </input_file>
      <input_file id="fl-f9">
         <path>C:\ti\ccs1200\ccs\tools\compiler\ti-cgt-arm_20.2.6.LTS\lib\</path>
         <kind>archive</kind>
         <file>rtsv7M4_T_le_v4SPD16_eabi.lib</file>
         <name>hostlseek.c.obj</name>
      </input_file>
      <input_file id="fl-fa">
         <path>C:\ti\ccs1200\ccs\tools\compiler\ti-cgt-arm_20.2.6.LTS\lib\</path>
         <kind>archive</kind>
         <file>rtsv7M4_T_le_v4SPD16_eabi.lib</file>
         <name>hostopen.c.obj</name>
      </input_file>
      <input_file id="fl-fb">
         <path>C:\ti\ccs1200\ccs\tools\compiler\ti-cgt-arm_20.2.6.LTS\lib\</path>
         <kind>archive</kind>
         <file>rtsv7M4_T_le_v4SPD16_eabi.lib</file>
         <name>hostread.c.obj</name>
      </input_file>
      <input_file id="fl-fc">
         <path>C:\ti\ccs1200\ccs\tools\compiler\ti-cgt-arm_20.2.6.LTS\lib\</path>
         <kind>archive</kind>
         <file>rtsv7M4_T_le_v4SPD16_eabi.lib</file>
         <name>hostrename.c.obj</name>
      </input_file>
      <input_file id="fl-fd">
         <path>C:\ti\ccs1200\ccs\tools\compiler\ti-cgt-arm_20.2.6.LTS\lib\</path>
         <kind>archive</kind>
         <file>rtsv7M4_T_le_v4SPD16_eabi.lib</file>
         <name>hostunlink.c.obj</name>
      </input_file>
      <input_file id="fl-fe">
         <path>C:\ti\ccs1200\ccs\tools\compiler\ti-cgt-arm_20.2.6.LTS\lib\</path>
         <kind>archive</kind>
         <file>rtsv7M4_T_le_v4SPD16_eabi.lib</file>
         <name>hostwrite.c.obj</name>
      </input_file>
      <input_file id="fl-ff">
         <path>C:\ti\ccs1200\ccs\tools\compiler\ti-cgt-arm_20.2.6.LTS\lib\</path>
         <kind>archive</kind>
         <file>rtsv7M4_T_le_v4SPD16_eabi.lib</file>
         <name>trgmsg.c.obj</name>
      </input_file>
      <input_file id="fl-100">
         <path>C:\ti\ccs1200\ccs\tools\compiler\ti-cgt-arm_20.2.6.LTS\lib\</path>
         <kind>archive</kind>
         <file>rtsv7M4_T_le_v4SPD16_eabi.lib</file>
         <name>open.c.obj</name>
      </input_file>
      <input_file id="fl-101">
         <path>C:\ti\ccs1200\ccs\tools\compiler\ti-cgt-arm_20.2.6.LTS\lib\</path>
         <kind>archive</kind>
         <file>rtsv7M4_T_le_v4SPD16_eabi.lib</file>
         <name>lseek.c.obj</name>
      </input_file>
      <input_file id="fl-102">
         <path>C:\ti\ccs1200\ccs\tools\compiler\ti-cgt-arm_20.2.6.LTS\lib\</path>
         <kind>archive</kind>
         <file>rtsv7M4_T_le_v4SPD16_eabi.lib</file>
         <name>fclose.c.obj</name>
      </input_file>
      <input_file id="fl-103">
         <path>C:\ti\ccs1200\ccs\tools\compiler\ti-cgt-arm_20.2.6.LTS\lib\</path>
         <kind>archive</kind>
         <file>rtsv7M4_T_le_v4SPD16_eabi.lib</file>
         <name>getdevice.c.obj</name>
      </input_file>
      <input_file id="fl-104">
         <path>C:\ti\ccs1200\ccs\tools\compiler\ti-cgt-arm_20.2.6.LTS\lib\</path>
         <kind>archive</kind>
         <file>rtsv7M4_T_le_v4SPD16_eabi.lib</file>
         <name>strcmp.c.obj</name>
      </input_file>
      <input_file id="fl-105">
         <path>C:\ti\ccs1200\ccs\tools\compiler\ti-cgt-arm_20.2.6.LTS\lib\</path>
         <kind>archive</kind>
         <file>rtsv7M4_T_le_v4SPD16_eabi.lib</file>
         <name>strcpy.c.obj</name>
      </input_file>
      <input_file id="fl-106">
         <path>C:\ti\ccs1200\ccs\tools\compiler\ti-cgt-arm_20.2.6.LTS\lib\</path>
         <kind>archive</kind>
         <file>rtsv7M4_T_le_v4SPD16_eabi.lib</file>
         <name>strncpy.c.obj</name>
      </input_file>
      <input_file id="fl-107">
         <path>C:\ti\ccs1200\ccs\tools\compiler\ti-cgt-arm_20.2.6.LTS\lib\</path>
         <kind>archive</kind>
         <file>rtsv7M4_T_le_v4SPD16_eabi.lib</file>
         <name>remove.c.obj</name>
      </input_file>
      <input_file id="fl-108">
         <path>C:\ti\ccs1200\ccs\tools\compiler\ti-cgt-arm_20.2.6.LTS\lib\</path>
         <kind>archive</kind>
         <file>rtsv7M4_T_le_v4SPD16_eabi.lib</file>
         <name>close.c.obj</name>
      </input_file>
      <input_file id="fl-109">
         <path>C:\ti\ccs1200\ccs\tools\compiler\ti-cgt-arm_20.2.6.LTS\lib\</path>
         <kind>archive</kind>
         <file>rtsv7M4_T_le_v4SPD16_eabi.lib</file>
         <name>unlink.c.obj</name>
      </input_file>
   </input_file_list>
   <object_component_list>
      <object_component id="oc-26">
         <name>.intvecs:retain</name>
         <load_address>0x0</load_address>
         <run_address>0x0</run_address>
         <size>0xe4</size>
         <input_file_ref idref="fl-3"/>
      </object_component>
      <object_component id="oc-c4">
         <name>.text</name>
         <load_address>0xe4</load_address>
         <run_address>0xe4</run_address>
         <size>0x2810</size>
         <input_file_ref idref="fl-d"/>
      </object_component>
      <object_component id="oc-22d">
         <name>.text</name>
         <load_address>0x28f4</load_address>
         <run_address>0x28f4</run_address>
         <size>0x1124</size>
         <input_file_ref idref="fl-b"/>
      </object_component>
      <object_component id="oc-254">
         <name>.text:__TI_printfi</name>
         <load_address>0x3a18</load_address>
         <run_address>0x3a18</run_address>
         <size>0xa4e</size>
         <input_file_ref idref="fl-cd"/>
      </object_component>
      <object_component id="oc-278">
         <name>.text:_nop</name>
         <load_address>0x4466</load_address>
         <run_address>0x4466</run_address>
         <size>0x2</size>
         <input_file_ref idref="fl-de"/>
      </object_component>
      <object_component id="oc-18a">
         <name>.text</name>
         <load_address>0x4468</load_address>
         <run_address>0x4468</run_address>
         <size>0x720</size>
         <input_file_ref idref="fl-e"/>
      </object_component>
      <object_component id="oc-102">
         <name>.text</name>
         <load_address>0x4b88</load_address>
         <run_address>0x4b88</run_address>
         <size>0x510</size>
         <input_file_ref idref="fl-16"/>
      </object_component>
      <object_component id="oc-172">
         <name>.text</name>
         <load_address>0x5098</load_address>
         <run_address>0x5098</run_address>
         <size>0x454</size>
         <input_file_ref idref="fl-9"/>
      </object_component>
      <object_component id="oc-75">
         <name>.text</name>
         <load_address>0x54ec</load_address>
         <run_address>0x54ec</run_address>
         <size>0x438</size>
         <input_file_ref idref="fl-f"/>
      </object_component>
      <object_component id="oc-b7">
         <name>.text</name>
         <load_address>0x5924</load_address>
         <run_address>0x5924</run_address>
         <size>0x354</size>
         <input_file_ref idref="fl-4"/>
      </object_component>
      <object_component id="oc-2f2">
         <name>.text:_pconv_a</name>
         <load_address>0x5c78</load_address>
         <run_address>0x5c78</run_address>
         <size>0x270</size>
         <input_file_ref idref="fl-cd"/>
      </object_component>
      <object_component id="oc-2e0">
         <name>.text:_pconv_g</name>
         <load_address>0x5ee8</load_address>
         <run_address>0x5ee8</run_address>
         <size>0x1d0</size>
         <input_file_ref idref="fl-cd"/>
      </object_component>
      <object_component id="oc-378">
         <name>.text</name>
         <load_address>0x60b8</load_address>
         <run_address>0x60b8</run_address>
         <size>0x1b6</size>
         <input_file_ref idref="fl-d1"/>
      </object_component>
      <object_component id="oc-3ed">
         <name>.text</name>
         <load_address>0x626e</load_address>
         <run_address>0x626e</run_address>
         <size>0x2</size>
         <input_file_ref idref="fl-f3"/>
      </object_component>
      <object_component id="oc-2ec">
         <name>.text:_pconv_e</name>
         <load_address>0x6270</load_address>
         <run_address>0x6270</run_address>
         <size>0x13c</size>
         <input_file_ref idref="fl-cd"/>
      </object_component>
      <object_component id="oc-35e">
         <name>.text</name>
         <load_address>0x63ac</load_address>
         <run_address>0x63ac</run_address>
         <size>0x136</size>
         <input_file_ref idref="fl-d3"/>
      </object_component>
      <object_component id="oc-178">
         <name>.text</name>
         <load_address>0x64e2</load_address>
         <run_address>0x64e2</run_address>
         <size>0x12a</size>
         <input_file_ref idref="fl-a"/>
      </object_component>
      <object_component id="oc-38a">
         <name>.text:fcvt</name>
         <load_address>0x660c</load_address>
         <run_address>0x660c</run_address>
         <size>0x124</size>
         <input_file_ref idref="fl-cd"/>
      </object_component>
      <object_component id="oc-31a">
         <name>.text:fputs</name>
         <load_address>0x6730</load_address>
         <run_address>0x6730</run_address>
         <size>0x114</size>
         <input_file_ref idref="fl-ce"/>
      </object_component>
      <object_component id="oc-39e">
         <name>.text:scalbn</name>
         <load_address>0x6844</load_address>
         <run_address>0x6844</run_address>
         <size>0x110</size>
         <input_file_ref idref="fl-ed"/>
      </object_component>
      <object_component id="oc-496">
         <name>.text:aligned_alloc</name>
         <load_address>0x6954</load_address>
         <run_address>0x6954</run_address>
         <size>0x100</size>
         <input_file_ref idref="fl-e5"/>
      </object_component>
      <object_component id="oc-359">
         <name>.text</name>
         <load_address>0x6a54</load_address>
         <run_address>0x6a54</run_address>
         <size>0xfc</size>
         <input_file_ref idref="fl-d4"/>
      </object_component>
      <object_component id="oc-454">
         <name>.text:free</name>
         <load_address>0x6b50</load_address>
         <run_address>0x6b50</run_address>
         <size>0xe4</size>
         <input_file_ref idref="fl-e5"/>
      </object_component>
      <object_component id="oc-428">
         <name>.text:setvbuf</name>
         <load_address>0x6c34</load_address>
         <run_address>0x6c34</run_address>
         <size>0xdc</size>
         <input_file_ref idref="fl-d0"/>
      </object_component>
      <object_component id="oc-70">
         <name>.text</name>
         <load_address>0x6d10</load_address>
         <run_address>0x6d10</run_address>
         <size>0xda</size>
         <input_file_ref idref="fl-10"/>
      </object_component>
      <object_component id="oc-2d5">
         <name>.text:_ltostr</name>
         <load_address>0x6dec</load_address>
         <run_address>0x6dec</run_address>
         <size>0xb1</size>
         <input_file_ref idref="fl-cd"/>
      </object_component>
      <object_component id="oc-3a">
         <name>.text</name>
         <load_address>0x6e9e</load_address>
         <run_address>0x6e9e</run_address>
         <size>0x9c</size>
         <input_file_ref idref="fl-d7"/>
      </object_component>
      <object_component id="oc-352">
         <name>.text</name>
         <load_address>0x6f3a</load_address>
         <run_address>0x6f3a</run_address>
         <size>0x96</size>
         <input_file_ref idref="fl-d9"/>
      </object_component>
      <object_component id="oc-a5">
         <name>.text</name>
         <load_address>0x6fd0</load_address>
         <run_address>0x6fd0</run_address>
         <size>0x88</size>
         <input_file_ref idref="fl-2"/>
      </object_component>
      <object_component id="oc-2db">
         <name>.text:__aeabi_cdcmple</name>
         <load_address>0x7058</load_address>
         <run_address>0x7058</run_address>
         <size>0x86</size>
         <input_file_ref idref="fl-d2"/>
      </object_component>
      <object_component id="oc-363">
         <name>.text:__aeabi_cdrcmple</name>
         <load_address>0x70de</load_address>
         <run_address>0x70de</run_address>
         <size>0x86</size>
         <input_file_ref idref="fl-d2"/>
      </object_component>
      <object_component id="oc-114">
         <name>.text</name>
         <load_address>0x7164</load_address>
         <run_address>0x7164</run_address>
         <size>0x82</size>
         <input_file_ref idref="fl-6"/>
      </object_component>
      <object_component id="oc-99">
         <name>.text</name>
         <load_address>0x71e6</load_address>
         <run_address>0x71e6</run_address>
         <size>0x7a</size>
         <input_file_ref idref="fl-d8"/>
      </object_component>
      <object_component id="oc-49d">
         <name>.text:__TI_closefile</name>
         <load_address>0x7260</load_address>
         <run_address>0x7260</run_address>
         <size>0x74</size>
         <input_file_ref idref="fl-102"/>
      </object_component>
      <object_component id="oc-4de">
         <name>.text:split</name>
         <load_address>0x72d4</load_address>
         <run_address>0x72d4</run_address>
         <size>0x70</size>
         <input_file_ref idref="fl-e5"/>
      </object_component>
      <object_component id="oc-383">
         <name>.text:_mcpy</name>
         <load_address>0x7344</load_address>
         <run_address>0x7344</run_address>
         <size>0x6e</size>
         <input_file_ref idref="fl-cd"/>
      </object_component>
      <object_component id="oc-4cd">
         <name>.text:HOSTrename</name>
         <load_address>0x73b4</load_address>
         <run_address>0x73b4</run_address>
         <size>0x6c</size>
         <input_file_ref idref="fl-fc"/>
      </object_component>
      <object_component id="oc-10b">
         <name>.text</name>
         <load_address>0x7420</load_address>
         <run_address>0x7420</run_address>
         <size>0x6c</size>
         <input_file_ref idref="fl-5"/>
      </object_component>
      <object_component id="oc-4c1">
         <name>.text:HOSTlseek</name>
         <load_address>0x748c</load_address>
         <run_address>0x748c</run_address>
         <size>0x68</size>
         <input_file_ref idref="fl-f9"/>
      </object_component>
      <object_component id="oc-17">
         <name>.text:decompress:lzss:__TI_decompress_lzss</name>
         <load_address>0x74f4</load_address>
         <run_address>0x74f4</run_address>
         <size>0x68</size>
         <input_file_ref idref="fl-dc"/>
      </object_component>
      <object_component id="oc-1b5">
         <name>.text:printf</name>
         <load_address>0x755c</load_address>
         <run_address>0x755c</run_address>
         <size>0x68</size>
         <input_file_ref idref="fl-cc"/>
      </object_component>
      <object_component id="oc-398">
         <name>.text:frexp</name>
         <load_address>0x75c4</load_address>
         <run_address>0x75c4</run_address>
         <size>0x64</size>
         <input_file_ref idref="fl-ec"/>
      </object_component>
      <object_component id="oc-422">
         <name>.text:fseek</name>
         <load_address>0x7628</load_address>
         <run_address>0x7628</run_address>
         <size>0x64</size>
         <input_file_ref idref="fl-f2"/>
      </object_component>
      <object_component id="oc-3cc">
         <name>.text:__TI_wrt_ok</name>
         <load_address>0x768c</load_address>
         <run_address>0x768c</run_address>
         <size>0x62</size>
         <input_file_ref idref="fl-cf"/>
      </object_component>
      <object_component id="oc-4a9">
         <name>.text:HOSTopen</name>
         <load_address>0x76f0</load_address>
         <run_address>0x76f0</run_address>
         <size>0x60</size>
         <input_file_ref idref="fl-fa"/>
      </object_component>
      <object_component id="oc-4e5">
         <name>.text:close</name>
         <load_address>0x7750</load_address>
         <run_address>0x7750</run_address>
         <size>0x5c</size>
         <input_file_ref idref="fl-108"/>
      </object_component>
      <object_component id="oc-4b5">
         <name>.text:HOSTread</name>
         <load_address>0x77ac</load_address>
         <run_address>0x77ac</run_address>
         <size>0x58</size>
         <input_file_ref idref="fl-fb"/>
      </object_component>
      <object_component id="oc-4bb">
         <name>.text:HOSTwrite</name>
         <load_address>0x7804</load_address>
         <run_address>0x7804</run_address>
         <size>0x58</size>
         <input_file_ref idref="fl-fe"/>
      </object_component>
      <object_component id="oc-2e6">
         <name>.text:_pconv_f</name>
         <load_address>0x785c</load_address>
         <run_address>0x785c</run_address>
         <size>0x56</size>
         <input_file_ref idref="fl-cd"/>
      </object_component>
      <object_component id="oc-36d">
         <name>.text:__TI_ltoa</name>
         <load_address>0x78b2</load_address>
         <run_address>0x78b2</run_address>
         <size>0x54</size>
         <input_file_ref idref="fl-df"/>
      </object_component>
      <object_component id="oc-37d">
         <name>.text:_ecpy</name>
         <load_address>0x7906</load_address>
         <run_address>0x7906</run_address>
         <size>0x52</size>
         <input_file_ref idref="fl-cd"/>
      </object_component>
      <object_component id="oc-3d8">
         <name>.text:__TI_doflush</name>
         <load_address>0x7958</load_address>
         <run_address>0x7958</run_address>
         <size>0x4c</size>
         <input_file_ref idref="fl-f0"/>
      </object_component>
      <object_component id="oc-2cf">
         <name>.text:atoi</name>
         <load_address>0x79a4</load_address>
         <run_address>0x79a4</run_address>
         <size>0x4c</size>
         <input_file_ref idref="fl-e0"/>
      </object_component>
      <object_component id="oc-12c">
         <name>.text:exit</name>
         <load_address>0x79f0</load_address>
         <run_address>0x79f0</run_address>
         <size>0x48</size>
         <input_file_ref idref="fl-dd"/>
      </object_component>
      <object_component id="oc-368">
         <name>.text</name>
         <load_address>0x7a38</load_address>
         <run_address>0x7a38</run_address>
         <size>0x48</size>
         <input_file_ref idref="fl-d5"/>
      </object_component>
      <object_component id="oc-4af">
         <name>.text:HOSTclose</name>
         <load_address>0x7a80</load_address>
         <run_address>0x7a80</run_address>
         <size>0x44</size>
         <input_file_ref idref="fl-f8"/>
      </object_component>
      <object_component id="oc-4c7">
         <name>.text:HOSTunlink</name>
         <load_address>0x7ac4</load_address>
         <run_address>0x7ac4</run_address>
         <size>0x44</size>
         <input_file_ref idref="fl-fd"/>
      </object_component>
      <object_component id="oc-132">
         <name>.text:__TI_auto_init_nobinit_nopinit:__TI_auto_init_nobinit_nopinit</name>
         <load_address>0x7b08</load_address>
         <run_address>0x7b08</run_address>
         <size>0x44</size>
         <input_file_ref idref="fl-f4"/>
      </object_component>
      <object_component id="oc-51d">
         <name>.text:getdevice</name>
         <load_address>0x7b4c</load_address>
         <run_address>0x7b4c</run_address>
         <size>0x44</size>
         <input_file_ref idref="fl-103"/>
      </object_component>
      <object_component id="oc-390">
         <name>.text:_fcpy</name>
         <load_address>0x7b90</load_address>
         <run_address>0x7b90</run_address>
         <size>0x3e</size>
         <input_file_ref idref="fl-cd"/>
      </object_component>
      <object_component id="oc-4f6">
         <name>.text:__TI_writemsg</name>
         <load_address>0x7bd0</load_address>
         <run_address>0x7bd0</run_address>
         <size>0x38</size>
         <input_file_ref idref="fl-ff"/>
      </object_component>
      <object_component id="oc-53f">
         <name>.text:strncpy</name>
         <load_address>0x7c08</load_address>
         <run_address>0x7c08</run_address>
         <size>0x36</size>
         <input_file_ref idref="fl-106"/>
      </object_component>
      <object_component id="oc-460">
         <name>.text:__TI_cleanup</name>
         <load_address>0x7c40</load_address>
         <run_address>0x7c40</run_address>
         <size>0x34</size>
         <input_file_ref idref="fl-f1"/>
      </object_component>
      <object_component id="oc-4fc">
         <name>.text:__TI_readmsg</name>
         <load_address>0x7c74</load_address>
         <run_address>0x7c74</run_address>
         <size>0x34</size>
         <input_file_ref idref="fl-ff"/>
      </object_component>
      <object_component id="oc-58">
         <name>.text:_c_int00_noargs:_c_int00_noargs</name>
         <load_address>0x7ca8</load_address>
         <run_address>0x7ca8</run_address>
         <size>0x34</size>
         <input_file_ref idref="fl-eb"/>
      </object_component>
      <object_component id="oc-545">
         <name>.text:finddevice</name>
         <load_address>0x7cdc</load_address>
         <run_address>0x7cdc</run_address>
         <size>0x30</size>
         <input_file_ref idref="fl-103"/>
      </object_component>
      <object_component id="oc-373">
         <name>.text</name>
         <load_address>0x7d0c</load_address>
         <run_address>0x7d0c</run_address>
         <size>0x2e</size>
         <input_file_ref idref="fl-d6"/>
      </object_component>
      <object_component id="oc-4eb">
         <name>.text:unlink</name>
         <load_address>0x7d3c</load_address>
         <run_address>0x7d3c</run_address>
         <size>0x2c</size>
         <input_file_ref idref="fl-109"/>
      </object_component>
      <object_component id="oc-48f">
         <name>.text:free_list_insert</name>
         <load_address>0x7d68</load_address>
         <run_address>0x7d68</run_address>
         <size>0x28</size>
         <input_file_ref idref="fl-e5"/>
      </object_component>
      <object_component id="oc-44c">
         <name>.text:lseek</name>
         <load_address>0x7d90</load_address>
         <run_address>0x7d90</run_address>
         <size>0x28</size>
         <input_file_ref idref="fl-101"/>
      </object_component>
      <object_component id="oc-3de">
         <name>.text:write</name>
         <load_address>0x7db8</load_address>
         <run_address>0x7db8</run_address>
         <size>0x28</size>
         <input_file_ref idref="fl-e8"/>
      </object_component>
      <object_component id="oc-3d2">
         <name>.text:memchr</name>
         <load_address>0x7de0</load_address>
         <run_address>0x7de0</run_address>
         <size>0x20</size>
         <input_file_ref idref="fl-e4"/>
      </object_component>
      <object_component id="oc-489">
         <name>.text:free_list_remove</name>
         <load_address>0x7e00</load_address>
         <run_address>0x7e00</run_address>
         <size>0x1c</size>
         <input_file_ref idref="fl-e5"/>
      </object_component>
      <object_component id="oc-2f8">
         <name>.text:memccpy</name>
         <load_address>0x7e1c</load_address>
         <run_address>0x7e1c</run_address>
         <size>0x1c</size>
         <input_file_ref idref="fl-e3"/>
      </object_component>
      <object_component id="oc-406">
         <name>.text:copysign</name>
         <load_address>0x7e38</load_address>
         <run_address>0x7e38</run_address>
         <size>0x1a</size>
         <input_file_ref idref="fl-ee"/>
      </object_component>
      <object_component id="oc-55c">
         <name>.text:strcmp</name>
         <load_address>0x7e52</load_address>
         <run_address>0x7e52</run_address>
         <size>0x18</size>
         <input_file_ref idref="fl-104"/>
      </object_component>
      <object_component id="oc-3a4">
         <name>.text:strchr</name>
         <load_address>0x7e6a</load_address>
         <run_address>0x7e6a</run_address>
         <size>0x16</size>
         <input_file_ref idref="fl-e6"/>
      </object_component>
      <object_component id="oc-510">
         <name>.text:strcpy</name>
         <load_address>0x7e80</load_address>
         <run_address>0x7e80</run_address>
         <size>0x14</size>
         <input_file_ref idref="fl-105"/>
      </object_component>
      <object_component id="oc-2c9">
         <name>.text:strlen</name>
         <load_address>0x7e94</load_address>
         <run_address>0x7e94</run_address>
         <size>0x14</size>
         <input_file_ref idref="fl-e7"/>
      </object_component>
      <object_component id="oc-2fe">
         <name>.text:wcslen</name>
         <load_address>0x7ea8</load_address>
         <run_address>0x7ea8</run_address>
         <size>0x12</size>
         <input_file_ref idref="fl-ef"/>
      </object_component>
      <object_component id="oc-1d">
         <name>.text:decompress:none:__TI_decompress_none</name>
         <load_address>0x7eba</load_address>
         <run_address>0x7eba</run_address>
         <size>0xe</size>
         <input_file_ref idref="fl-db"/>
      </object_component>
      <object_component id="oc-6a">
         <name>.text</name>
         <load_address>0x7ec8</load_address>
         <run_address>0x7ec8</run_address>
         <size>0xe</size>
         <input_file_ref idref="fl-3"/>
      </object_component>
      <object_component id="oc-4c">
         <name>.text:decompress:ZI:__TI_zero_init</name>
         <load_address>0x7ed6</load_address>
         <run_address>0x7ed6</run_address>
         <size>0xc</size>
         <input_file_ref idref="fl-da"/>
      </object_component>
      <object_component id="oc-304">
         <name>.text:__aeabi_errno_addr</name>
         <load_address>0x7ee4</load_address>
         <run_address>0x7ee4</run_address>
         <size>0x8</size>
         <input_file_ref idref="fl-ea"/>
      </object_component>
      <object_component id="oc-45a">
         <name>.text:malloc</name>
         <load_address>0x7eec</load_address>
         <run_address>0x7eec</run_address>
         <size>0x8</size>
         <input_file_ref idref="fl-e5"/>
      </object_component>
      <object_component id="oc-263">
         <name>.text:_outc</name>
         <load_address>0x7ef4</load_address>
         <run_address>0x7ef4</run_address>
         <size>0x4</size>
         <input_file_ref idref="fl-cc"/>
      </object_component>
      <object_component id="oc-25d">
         <name>.text:_outs</name>
         <load_address>0x7ef8</load_address>
         <run_address>0x7ef8</run_address>
         <size>0x4</size>
         <input_file_ref idref="fl-cc"/>
      </object_component>
      <object_component id="oc-9f">
         <name>.text:_system_pre_init</name>
         <load_address>0x7efc</load_address>
         <run_address>0x7efc</run_address>
         <size>0x4</size>
         <input_file_ref idref="fl-f5"/>
      </object_component>
      <object_component id="oc-126">
         <name>.text:abort:abort</name>
         <load_address>0x7f00</load_address>
         <run_address>0x7f00</run_address>
         <size>0x4</size>
         <input_file_ref idref="fl-dd"/>
      </object_component>
      <object_component id="oc-34d">
         <name>.const:.string:_ctypes_</name>
         <load_address>0x7f04</load_address>
         <run_address>0x7f04</run_address>
         <size>0x101</size>
         <input_file_ref idref="fl-e1"/>
      </object_component>
      <object_component id="oc-c1">
         <name>.const</name>
         <load_address>0x8008</load_address>
         <run_address>0x8008</run_address>
         <size>0x8</size>
         <input_file_ref idref="fl-f"/>
      </object_component>
      <object_component id="oc-193">
         <name>.const</name>
         <load_address>0x8010</load_address>
         <run_address>0x8010</run_address>
         <size>0x4</size>
         <input_file_ref idref="fl-d"/>
      </object_component>
      <object_component id="oc-59c">
         <name>.cinit..data.load</name>
         <load_address>0x8018</load_address>
         <run_address>0x8018</run_address>
         <size>0x7a</size>
      </object_component>
      <object_component id="oc-59a">
         <name>__TI_handler_table</name>
         <load_address>0x8094</load_address>
         <run_address>0x8094</run_address>
         <size>0xc</size>
      </object_component>
      <object_component id="oc-59d">
         <name>.cinit..bss.load</name>
         <load_address>0x80a0</load_address>
         <run_address>0x80a0</run_address>
         <size>0x8</size>
      </object_component>
      <object_component id="oc-59b">
         <name>__TI_cinit_table</name>
         <load_address>0x80a8</load_address>
         <run_address>0x80a8</run_address>
         <size>0x10</size>
      </object_component>
      <object_component id="oc-56e">
         <name>.binit</name>
         <load_address>0x0</load_address>
         <run_address>0x0</run_address>
         <size>0x0</size>
      </object_component>
      <object_component id="oc-164">
         <name>.data</name>
         <load_address>0x20008990</load_address>
         <run_address>0x20008990</run_address>
         <size>0x4</size>
         <input_file_ref idref="fl-4"/>
      </object_component>
      <object_component id="oc-108">
         <name>.data</name>
         <load_address>0x20008994</load_address>
         <run_address>0x20008994</run_address>
         <size>0x4</size>
         <input_file_ref idref="fl-5"/>
      </object_component>
      <object_component id="oc-111">
         <name>.data</name>
         <load_address>0x20008998</load_address>
         <run_address>0x20008998</run_address>
         <size>0x4</size>
         <input_file_ref idref="fl-6"/>
      </object_component>
      <object_component id="oc-218">
         <name>.data</name>
         <load_address>0x20008924</load_address>
         <run_address>0x20008924</run_address>
         <size>0x18</size>
         <input_file_ref idref="fl-9"/>
      </object_component>
      <object_component id="oc-be">
         <name>.data</name>
         <load_address>0x200088f0</load_address>
         <run_address>0x200088f0</run_address>
         <size>0x34</size>
         <input_file_ref idref="fl-d"/>
      </object_component>
      <object_component id="oc-233">
         <name>.data</name>
         <load_address>0x20008970</load_address>
         <run_address>0x20008970</run_address>
         <size>0xc</size>
         <input_file_ref idref="fl-e"/>
      </object_component>
      <object_component id="oc-cb">
         <name>.data</name>
         <load_address>0x2000893c</load_address>
         <run_address>0x2000893c</run_address>
         <size>0x18</size>
         <input_file_ref idref="fl-f"/>
      </object_component>
      <object_component id="oc-1dc">
         <name>.data:$O1$$</name>
         <load_address>0x20008964</load_address>
         <run_address>0x20008964</run_address>
         <size>0xc</size>
         <input_file_ref idref="fl-dd"/>
      </object_component>
      <object_component id="oc-1df">
         <name>.data:$O1$$</name>
         <load_address>0x2000897c</load_address>
         <run_address>0x2000897c</run_address>
         <size>0x8</size>
         <input_file_ref idref="fl-de"/>
      </object_component>
      <object_component id="oc-25a">
         <name>.data:_ftable</name>
         <load_address>0x20008738</load_address>
         <run_address>0x20008738</run_address>
         <size>0xf0</size>
         <input_file_ref idref="fl-e2"/>
      </object_component>
      <object_component id="oc-4a3">
         <name>.data</name>
         <load_address>0x20008954</load_address>
         <run_address>0x20008954</run_address>
         <size>0x10</size>
         <input_file_ref idref="fl-e2"/>
      </object_component>
      <object_component id="oc-4d9">
         <name>.data:$O1$$</name>
         <load_address>0x20008984</load_address>
         <run_address>0x20008984</run_address>
         <size>0x8</size>
         <input_file_ref idref="fl-e5"/>
      </object_component>
      <object_component id="oc-473">
         <name>.data:_device</name>
         <load_address>0x20008828</load_address>
         <run_address>0x20008828</run_address>
         <size>0x78</size>
         <input_file_ref idref="fl-e9"/>
      </object_component>
      <object_component id="oc-434">
         <name>.data:_stream</name>
         <load_address>0x200088a0</load_address>
         <run_address>0x200088a0</run_address>
         <size>0x50</size>
         <input_file_ref idref="fl-e9"/>
      </object_component>
      <object_component id="oc-3b4">
         <name>.data</name>
         <load_address>0x2000898c</load_address>
         <run_address>0x2000898c</run_address>
         <size>0x4</size>
         <input_file_ref idref="fl-ea"/>
      </object_component>
      <object_component id="oc-21e">
         <name>.bss:ucHeap</name>
         <uninitialized>true</uninitialized>
         <run_address>0x20000000</run_address>
         <size>0x8000</size>
         <input_file_ref idref="fl-9"/>
      </object_component>
      <object_component id="oc-21b">
         <name>.bss:xStart</name>
         <uninitialized>true</uninitialized>
         <run_address>0x20008324</run_address>
         <size>0x8</size>
         <input_file_ref idref="fl-9"/>
      </object_component>
      <object_component id="oc-17e">
         <name>.bss:pxReadyTasksLists</name>
         <uninitialized>true</uninitialized>
         <run_address>0x20008120</run_address>
         <size>0xc8</size>
         <input_file_ref idref="fl-d"/>
      </object_component>
      <object_component id="oc-196">
         <name>.bss:xDelayedTaskList1</name>
         <uninitialized>true</uninitialized>
         <run_address>0x200082b0</run_address>
         <size>0x14</size>
         <input_file_ref idref="fl-d"/>
      </object_component>
      <object_component id="oc-199">
         <name>.bss:xDelayedTaskList2</name>
         <uninitialized>true</uninitialized>
         <run_address>0x200082c4</run_address>
         <size>0x14</size>
         <input_file_ref idref="fl-d"/>
      </object_component>
      <object_component id="oc-184">
         <name>.bss</name>
         <uninitialized>true</uninitialized>
         <run_address>0x20008314</run_address>
         <size>0x8</size>
         <input_file_ref idref="fl-d"/>
      </object_component>
      <object_component id="oc-190">
         <name>.bss:xPendingReadyList</name>
         <uninitialized>true</uninitialized>
         <run_address>0x200082d8</run_address>
         <size>0x14</size>
         <input_file_ref idref="fl-d"/>
      </object_component>
      <object_component id="oc-181">
         <name>.bss:xTasksWaitingTermination</name>
         <uninitialized>true</uninitialized>
         <run_address>0x20008300</run_address>
         <size>0x14</size>
         <input_file_ref idref="fl-d"/>
      </object_component>
      <object_component id="oc-187">
         <name>.bss:xSuspendedTaskList</name>
         <uninitialized>true</uninitialized>
         <run_address>0x200082ec</run_address>
         <size>0x14</size>
         <input_file_ref idref="fl-d"/>
      </object_component>
      <object_component id="oc-239">
         <name>.bss:xActiveTimerList1</name>
         <uninitialized>true</uninitialized>
         <run_address>0x20008288</run_address>
         <size>0x14</size>
         <input_file_ref idref="fl-e"/>
      </object_component>
      <object_component id="oc-23c">
         <name>.bss:xActiveTimerList2</name>
         <uninitialized>true</uninitialized>
         <run_address>0x2000829c</run_address>
         <size>0x14</size>
         <input_file_ref idref="fl-e"/>
      </object_component>
      <object_component id="oc-236">
         <name>.bss</name>
         <uninitialized>true</uninitialized>
         <run_address>0x2000831c</run_address>
         <size>0x8</size>
         <input_file_ref idref="fl-e"/>
      </object_component>
      <object_component id="oc-527">
         <name>.bss:_CIOBUF_</name>
         <uninitialized>true</uninitialized>
         <run_address>0x20008000</run_address>
         <size>0x120</size>
         <input_file_ref idref="fl-ff"/>
      </object_component>
      <object_component id="oc-4f1">
         <name>.common:__TI_tmpnams</name>
         <uninitialized>true</uninitialized>
         <run_address>0x200081e8</run_address>
         <size>0xa0</size>
      </object_component>
      <object_component id="oc-502">
         <name>.common:parmbuf</name>
         <uninitialized>true</uninitialized>
         <run_address>0x2000832c</run_address>
         <size>0x8</size>
      </object_component>
      <object_component id="oc-29">
         <name>.sysmem</name>
         <uninitialized>true</uninitialized>
         <run_address>0x20008338</run_address>
         <size>0x10</size>
         <input_file_ref idref="fl-e5"/>
      </object_component>
      <object_component id="oc-5a0">
         <name>.sysmem</name>
         <uninitialized>true</uninitialized>
         <run_address>0x20008338</run_address>
         <size>0x0</size>
      </object_component>
      <object_component id="oc-2c">
         <name>.stack</name>
         <uninitialized>true</uninitialized>
         <run_address>0x2000fe00</run_address>
         <size>0x4</size>
         <input_file_ref idref="fl-eb"/>
      </object_component>
      <object_component id="oc-59f">
         <name>.stack</name>
         <uninitialized>true</uninitialized>
         <run_address>0x2000fe00</run_address>
         <size>0x0</size>
      </object_component>
      <object_component id="oc-125">
         <name>.debug_info</name>
         <load_address>0x0</load_address>
         <run_address>0x0</run_address>
         <size>0x7f2</size>
         <input_file_ref idref="fl-2"/>
      </object_component>
      <object_component id="oc-a7">
         <name>.debug_info</name>
         <load_address>0x7f2</load_address>
         <run_address>0x7f2</run_address>
         <size>0x277</size>
         <input_file_ref idref="fl-2"/>
      </object_component>
      <object_component id="oc-120">
         <name>.debug_info</name>
         <load_address>0xa69</load_address>
         <run_address>0xa69</run_address>
         <size>0x315</size>
         <input_file_ref idref="fl-2"/>
      </object_component>
      <object_component id="oc-1bd">
         <name>.debug_info</name>
         <load_address>0xd7e</load_address>
         <run_address>0xd7e</run_address>
         <size>0x37e2</size>
         <input_file_ref idref="fl-2"/>
      </object_component>
      <object_component id="oc-e1">
         <name>.debug_info</name>
         <load_address>0x4560</load_address>
         <run_address>0x4560</run_address>
         <size>0x26b</size>
         <input_file_ref idref="fl-2"/>
      </object_component>
      <object_component id="oc-1cc">
         <name>.debug_info</name>
         <load_address>0x47cb</load_address>
         <run_address>0x47cb</run_address>
         <size>0x1055</size>
         <input_file_ref idref="fl-2"/>
      </object_component>
      <object_component id="oc-1d6">
         <name>.debug_info</name>
         <load_address>0x5820</load_address>
         <run_address>0x5820</run_address>
         <size>0x48b</size>
         <input_file_ref idref="fl-2"/>
      </object_component>
      <object_component id="oc-11b">
         <name>.debug_info</name>
         <load_address>0x5cab</load_address>
         <run_address>0x5cab</run_address>
         <size>0x8b</size>
         <input_file_ref idref="fl-2"/>
      </object_component>
      <object_component id="oc-d0">
         <name>.debug_info</name>
         <load_address>0x5d36</load_address>
         <run_address>0x5d36</run_address>
         <size>0x2c</size>
         <input_file_ref idref="fl-2"/>
      </object_component>
      <object_component id="oc-1b0">
         <name>.debug_info</name>
         <load_address>0x5d62</load_address>
         <run_address>0x5d62</run_address>
         <size>0x2a4</size>
         <input_file_ref idref="fl-2"/>
      </object_component>
      <object_component id="oc-da">
         <name>.debug_info</name>
         <load_address>0x6006</load_address>
         <run_address>0x6006</run_address>
         <size>0xbb</size>
         <input_file_ref idref="fl-2"/>
      </object_component>
      <object_component id="oc-d5">
         <name>.debug_info</name>
         <load_address>0x60c1</load_address>
         <run_address>0x60c1</run_address>
         <size>0x53</size>
         <input_file_ref idref="fl-2"/>
      </object_component>
      <object_component id="oc-1d1">
         <name>.debug_info</name>
         <load_address>0x6114</load_address>
         <run_address>0x6114</run_address>
         <size>0xcc</size>
         <input_file_ref idref="fl-2"/>
      </object_component>
      <object_component id="oc-26b">
         <name>.debug_info</name>
         <load_address>0x61e0</load_address>
         <run_address>0x61e0</run_address>
         <size>0x2c</size>
         <input_file_ref idref="fl-2"/>
      </object_component>
      <object_component id="oc-1a6">
         <name>.debug_info</name>
         <load_address>0x620c</load_address>
         <run_address>0x620c</run_address>
         <size>0x14c</size>
         <input_file_ref idref="fl-2"/>
      </object_component>
      <object_component id="oc-7d">
         <name>.debug_info</name>
         <load_address>0x6358</load_address>
         <run_address>0x6358</run_address>
         <size>0x34b</size>
         <input_file_ref idref="fl-3"/>
      </object_component>
      <object_component id="oc-27">
         <name>.debug_info</name>
         <load_address>0x66a3</load_address>
         <run_address>0x66a3</run_address>
         <size>0xf7</size>
         <input_file_ref idref="fl-3"/>
      </object_component>
      <object_component id="oc-6b">
         <name>.debug_info</name>
         <load_address>0x679a</load_address>
         <run_address>0x679a</run_address>
         <size>0x1be</size>
         <input_file_ref idref="fl-3"/>
      </object_component>
      <object_component id="oc-35">
         <name>.debug_info</name>
         <load_address>0x6958</load_address>
         <run_address>0x6958</run_address>
         <size>0x84</size>
         <input_file_ref idref="fl-3"/>
      </object_component>
      <object_component id="oc-165">
         <name>.debug_info</name>
         <load_address>0x69dc</load_address>
         <run_address>0x69dc</run_address>
         <size>0xf0</size>
         <input_file_ref idref="fl-4"/>
      </object_component>
      <object_component id="oc-b8">
         <name>.debug_info</name>
         <load_address>0x6acc</load_address>
         <run_address>0x6acc</run_address>
         <size>0x262</size>
         <input_file_ref idref="fl-4"/>
      </object_component>
      <object_component id="oc-1c5">
         <name>.debug_info</name>
         <load_address>0x6d2e</load_address>
         <run_address>0x6d2e</run_address>
         <size>0x70d</size>
         <input_file_ref idref="fl-5"/>
      </object_component>
      <object_component id="oc-109">
         <name>.debug_info</name>
         <load_address>0x743b</load_address>
         <run_address>0x743b</run_address>
         <size>0xf2</size>
         <input_file_ref idref="fl-5"/>
      </object_component>
      <object_component id="oc-10c">
         <name>.debug_info</name>
         <load_address>0x752d</load_address>
         <run_address>0x752d</run_address>
         <size>0x1dc</size>
         <input_file_ref idref="fl-5"/>
      </object_component>
      <object_component id="oc-1c9">
         <name>.debug_info</name>
         <load_address>0x7709</load_address>
         <run_address>0x7709</run_address>
         <size>0x727</size>
         <input_file_ref idref="fl-6"/>
      </object_component>
      <object_component id="oc-112">
         <name>.debug_info</name>
         <load_address>0x7e30</load_address>
         <run_address>0x7e30</run_address>
         <size>0xf2</size>
         <input_file_ref idref="fl-6"/>
      </object_component>
      <object_component id="oc-115">
         <name>.debug_info</name>
         <load_address>0x7f22</load_address>
         <run_address>0x7f22</run_address>
         <size>0x1e1</size>
         <input_file_ref idref="fl-6"/>
      </object_component>
      <object_component id="oc-253">
         <name>.debug_info</name>
         <load_address>0x8103</load_address>
         <run_address>0x8103</run_address>
         <size>0x24f</size>
         <input_file_ref idref="fl-7"/>
      </object_component>
      <object_component id="oc-1ab">
         <name>.debug_info</name>
         <load_address>0x8352</load_address>
         <run_address>0x8352</run_address>
         <size>0x48b</size>
         <input_file_ref idref="fl-7"/>
      </object_component>
      <object_component id="oc-2c4">
         <name>.debug_info</name>
         <load_address>0x87dd</load_address>
         <run_address>0x87dd</run_address>
         <size>0xcc</size>
         <input_file_ref idref="fl-7"/>
      </object_component>
      <object_component id="oc-1a1">
         <name>.debug_info</name>
         <load_address>0x88a9</load_address>
         <run_address>0x88a9</run_address>
         <size>0x53</size>
         <input_file_ref idref="fl-7"/>
      </object_component>
      <object_component id="oc-297">
         <name>.debug_info</name>
         <load_address>0x88fc</load_address>
         <run_address>0x88fc</run_address>
         <size>0x6aa</size>
         <input_file_ref idref="fl-8"/>
      </object_component>
      <object_component id="oc-204">
         <name>.debug_info</name>
         <load_address>0x8fa6</load_address>
         <run_address>0x8fa6</run_address>
         <size>0x110</size>
         <input_file_ref idref="fl-8"/>
      </object_component>
      <object_component id="oc-213">
         <name>.debug_info</name>
         <load_address>0x90b6</load_address>
         <run_address>0x90b6</run_address>
         <size>0x48b</size>
         <input_file_ref idref="fl-8"/>
      </object_component>
      <object_component id="oc-33a">
         <name>.debug_info</name>
         <load_address>0x9541</load_address>
         <run_address>0x9541</run_address>
         <size>0x76</size>
         <input_file_ref idref="fl-8"/>
      </object_component>
      <object_component id="oc-33f">
         <name>.debug_info</name>
         <load_address>0x95b7</load_address>
         <run_address>0x95b7</run_address>
         <size>0x39</size>
         <input_file_ref idref="fl-8"/>
      </object_component>
      <object_component id="oc-2a6">
         <name>.debug_info</name>
         <load_address>0x95f0</load_address>
         <run_address>0x95f0</run_address>
         <size>0x109</size>
         <input_file_ref idref="fl-8"/>
      </object_component>
      <object_component id="oc-1ff">
         <name>.debug_info</name>
         <load_address>0x96f9</load_address>
         <run_address>0x96f9</run_address>
         <size>0x4f</size>
         <input_file_ref idref="fl-8"/>
      </object_component>
      <object_component id="oc-222">
         <name>.debug_info</name>
         <load_address>0x9748</load_address>
         <run_address>0x9748</run_address>
         <size>0x4ea</size>
         <input_file_ref idref="fl-9"/>
      </object_component>
      <object_component id="oc-21f">
         <name>.debug_info</name>
         <load_address>0x9c32</load_address>
         <run_address>0x9c32</run_address>
         <size>0x103</size>
         <input_file_ref idref="fl-9"/>
      </object_component>
      <object_component id="oc-21c">
         <name>.debug_info</name>
         <load_address>0x9d35</load_address>
         <run_address>0x9d35</run_address>
         <size>0x103</size>
         <input_file_ref idref="fl-9"/>
      </object_component>
      <object_component id="oc-219">
         <name>.debug_info</name>
         <load_address>0x9e38</load_address>
         <run_address>0x9e38</run_address>
         <size>0x243</size>
         <input_file_ref idref="fl-9"/>
      </object_component>
      <object_component id="oc-173">
         <name>.debug_info</name>
         <load_address>0xa07b</load_address>
         <run_address>0xa07b</run_address>
         <size>0xae8</size>
         <input_file_ref idref="fl-9"/>
      </object_component>
      <object_component id="oc-29d">
         <name>.debug_info</name>
         <load_address>0xab63</load_address>
         <run_address>0xab63</run_address>
         <size>0x62</size>
         <input_file_ref idref="fl-9"/>
      </object_component>
      <object_component id="oc-224">
         <name>.debug_info</name>
         <load_address>0xabc5</load_address>
         <run_address>0xabc5</run_address>
         <size>0x3a8</size>
         <input_file_ref idref="fl-a"/>
      </object_component>
      <object_component id="oc-17b">
         <name>.debug_info</name>
         <load_address>0xaf6d</load_address>
         <run_address>0xaf6d</run_address>
         <size>0x5b4</size>
         <input_file_ref idref="fl-a"/>
      </object_component>
      <object_component id="oc-298">
         <name>.debug_info</name>
         <load_address>0xb521</load_address>
         <run_address>0xb521</run_address>
         <size>0x914</size>
         <input_file_ref idref="fl-b"/>
      </object_component>
      <object_component id="oc-22e">
         <name>.debug_info</name>
         <load_address>0xbe35</load_address>
         <run_address>0xbe35</run_address>
         <size>0x3b44</size>
         <input_file_ref idref="fl-b"/>
      </object_component>
      <object_component id="oc-346">
         <name>.debug_info</name>
         <load_address>0xf979</load_address>
         <run_address>0xf979</run_address>
         <size>0x1ef</size>
         <input_file_ref idref="fl-b"/>
      </object_component>
      <object_component id="oc-2ae">
         <name>.debug_info</name>
         <load_address>0xfb68</load_address>
         <run_address>0xfb68</run_address>
         <size>0x46</size>
         <input_file_ref idref="fl-b"/>
      </object_component>
      <object_component id="oc-209">
         <name>.debug_info</name>
         <load_address>0xfbae</load_address>
         <run_address>0xfbae</run_address>
         <size>0x35</size>
         <input_file_ref idref="fl-b"/>
      </object_component>
      <object_component id="oc-f9">
         <name>.debug_info</name>
         <load_address>0xfbe3</load_address>
         <run_address>0xfbe3</run_address>
         <size>0x2c</size>
         <input_file_ref idref="fl-c"/>
      </object_component>
      <object_component id="oc-16a">
         <name>.debug_info</name>
         <load_address>0xfc0f</load_address>
         <run_address>0xfc0f</run_address>
         <size>0x8c3</size>
         <input_file_ref idref="fl-d"/>
      </object_component>
      <object_component id="oc-bf">
         <name>.debug_info</name>
         <load_address>0x104d2</load_address>
         <run_address>0x104d2</run_address>
         <size>0x35f</size>
         <input_file_ref idref="fl-d"/>
      </object_component>
      <object_component id="oc-17f">
         <name>.debug_info</name>
         <load_address>0x10831</load_address>
         <run_address>0x10831</run_address>
         <size>0x108</size>
         <input_file_ref idref="fl-d"/>
      </object_component>
      <object_component id="oc-197">
         <name>.debug_info</name>
         <load_address>0x10939</load_address>
         <run_address>0x10939</run_address>
         <size>0x108</size>
         <input_file_ref idref="fl-d"/>
      </object_component>
      <object_component id="oc-19a">
         <name>.debug_info</name>
         <load_address>0x10a41</load_address>
         <run_address>0x10a41</run_address>
         <size>0x108</size>
         <input_file_ref idref="fl-d"/>
      </object_component>
      <object_component id="oc-185">
         <name>.debug_info</name>
         <load_address>0x10b49</load_address>
         <run_address>0x10b49</run_address>
         <size>0x14b</size>
         <input_file_ref idref="fl-d"/>
      </object_component>
      <object_component id="oc-191">
         <name>.debug_info</name>
         <load_address>0x10c94</load_address>
         <run_address>0x10c94</run_address>
         <size>0x108</size>
         <input_file_ref idref="fl-d"/>
      </object_component>
      <object_component id="oc-182">
         <name>.debug_info</name>
         <load_address>0x10d9c</load_address>
         <run_address>0x10d9c</run_address>
         <size>0x116</size>
         <input_file_ref idref="fl-d"/>
      </object_component>
      <object_component id="oc-188">
         <name>.debug_info</name>
         <load_address>0x10eb2</load_address>
         <run_address>0x10eb2</run_address>
         <size>0x10a</size>
         <input_file_ref idref="fl-d"/>
      </object_component>
      <object_component id="oc-194">
         <name>.debug_info</name>
         <load_address>0x10fbc</load_address>
         <run_address>0x10fbc</run_address>
         <size>0x109</size>
         <input_file_ref idref="fl-d"/>
      </object_component>
      <object_component id="oc-c5">
         <name>.debug_info</name>
         <load_address>0x110c5</load_address>
         <run_address>0x110c5</run_address>
         <size>0x691f</size>
         <input_file_ref idref="fl-d"/>
      </object_component>
      <object_component id="oc-16b">
         <name>.debug_info</name>
         <load_address>0x179e4</load_address>
         <run_address>0x179e4</run_address>
         <size>0x30c</size>
         <input_file_ref idref="fl-d"/>
      </object_component>
      <object_component id="oc-20e">
         <name>.debug_info</name>
         <load_address>0x17cf0</load_address>
         <run_address>0x17cf0</run_address>
         <size>0x16f</size>
         <input_file_ref idref="fl-d"/>
      </object_component>
      <object_component id="oc-245">
         <name>.debug_info</name>
         <load_address>0x17e5f</load_address>
         <run_address>0x17e5f</run_address>
         <size>0x849</size>
         <input_file_ref idref="fl-e"/>
      </object_component>
      <object_component id="oc-23a">
         <name>.debug_info</name>
         <load_address>0x186a8</load_address>
         <run_address>0x186a8</run_address>
         <size>0x108</size>
         <input_file_ref idref="fl-e"/>
      </object_component>
      <object_component id="oc-23d">
         <name>.debug_info</name>
         <load_address>0x187b0</load_address>
         <run_address>0x187b0</run_address>
         <size>0x108</size>
         <input_file_ref idref="fl-e"/>
      </object_component>
      <object_component id="oc-237">
         <name>.debug_info</name>
         <load_address>0x188b8</load_address>
         <run_address>0x188b8</run_address>
         <size>0x140</size>
         <input_file_ref idref="fl-e"/>
      </object_component>
      <object_component id="oc-234">
         <name>.debug_info</name>
         <load_address>0x189f8</load_address>
         <run_address>0x189f8</run_address>
         <size>0x12c</size>
         <input_file_ref idref="fl-e"/>
      </object_component>
      <object_component id="oc-18d">
         <name>.debug_info</name>
         <load_address>0x18b24</load_address>
         <run_address>0x18b24</run_address>
         <size>0x2391</size>
         <input_file_ref idref="fl-e"/>
      </object_component>
      <object_component id="oc-246">
         <name>.debug_info</name>
         <load_address>0x1aeb5</load_address>
         <run_address>0x1aeb5</run_address>
         <size>0x1ce</size>
         <input_file_ref idref="fl-e"/>
      </object_component>
      <object_component id="oc-2b5">
         <name>.debug_info</name>
         <load_address>0x1b083</load_address>
         <run_address>0x1b083</run_address>
         <size>0x4f</size>
         <input_file_ref idref="fl-e"/>
      </object_component>
      <object_component id="oc-240">
         <name>.debug_info</name>
         <load_address>0x1b0d2</load_address>
         <run_address>0x1b0d2</run_address>
         <size>0x46</size>
         <input_file_ref idref="fl-e"/>
      </object_component>
      <object_component id="oc-cf">
         <name>.debug_info</name>
         <load_address>0x1b118</load_address>
         <run_address>0x1b118</run_address>
         <size>0x532</size>
         <input_file_ref idref="fl-f"/>
      </object_component>
      <object_component id="oc-c2">
         <name>.debug_info</name>
         <load_address>0x1b64a</load_address>
         <run_address>0x1b64a</run_address>
         <size>0x17d</size>
         <input_file_ref idref="fl-f"/>
      </object_component>
      <object_component id="oc-cc">
         <name>.debug_info</name>
         <load_address>0x1b7c7</load_address>
         <run_address>0x1b7c7</run_address>
         <size>0x258</size>
         <input_file_ref idref="fl-f"/>
      </object_component>
      <object_component id="oc-77">
         <name>.debug_info</name>
         <load_address>0x1ba1f</load_address>
         <run_address>0x1ba1f</run_address>
         <size>0xcc5</size>
         <input_file_ref idref="fl-f"/>
      </object_component>
      <object_component id="oc-71">
         <name>.debug_info</name>
         <load_address>0x1c6e4</load_address>
         <run_address>0x1c6e4</run_address>
         <size>0x26a</size>
         <input_file_ref idref="fl-10"/>
      </object_component>
      <object_component id="oc-1bc">
         <name>.debug_info</name>
         <load_address>0x1c94e</load_address>
         <run_address>0x1c94e</run_address>
         <size>0x5bc</size>
         <input_file_ref idref="fl-16"/>
      </object_component>
      <object_component id="oc-103">
         <name>.debug_info</name>
         <load_address>0x1cf0a</load_address>
         <run_address>0x1cf0a</run_address>
         <size>0xce8</size>
         <input_file_ref idref="fl-16"/>
      </object_component>
      <object_component id="oc-26a">
         <name>.debug_info</name>
         <load_address>0x1dbf2</load_address>
         <run_address>0x1dbf2</run_address>
         <size>0x3e5</size>
         <input_file_ref idref="fl-cc"/>
      </object_component>
      <object_component id="oc-265">
         <name>.debug_info</name>
         <load_address>0x1dfd7</load_address>
         <run_address>0x1dfd7</run_address>
         <size>0x157</size>
         <input_file_ref idref="fl-cc"/>
      </object_component>
      <object_component id="oc-260">
         <name>.debug_info</name>
         <load_address>0x1e12e</load_address>
         <run_address>0x1e12e</run_address>
         <size>0x166</size>
         <input_file_ref idref="fl-cc"/>
      </object_component>
      <object_component id="oc-1b7">
         <name>.debug_info</name>
         <load_address>0x1e294</load_address>
         <run_address>0x1e294</run_address>
         <size>0x1ac</size>
         <input_file_ref idref="fl-cc"/>
      </object_component>
      <object_component id="oc-324">
         <name>.debug_info</name>
         <load_address>0x1e440</load_address>
         <run_address>0x1e440</run_address>
         <size>0xb2</size>
         <input_file_ref idref="fl-cc"/>
      </object_component>
      <object_component id="oc-30b">
         <name>.debug_info</name>
         <load_address>0x1e4f2</load_address>
         <run_address>0x1e4f2</run_address>
         <size>0x590</size>
         <input_file_ref idref="fl-cd"/>
      </object_component>
      <object_component id="oc-2d6">
         <name>.debug_info</name>
         <load_address>0x1ea82</load_address>
         <run_address>0x1ea82</run_address>
         <size>0x21e</size>
         <input_file_ref idref="fl-cd"/>
      </object_component>
      <object_component id="oc-37e">
         <name>.debug_info</name>
         <load_address>0x1eca0</load_address>
         <run_address>0x1eca0</run_address>
         <size>0x1b3</size>
         <input_file_ref idref="fl-cd"/>
      </object_component>
      <object_component id="oc-384">
         <name>.debug_info</name>
         <load_address>0x1ee53</load_address>
         <run_address>0x1ee53</run_address>
         <size>0x21b</size>
         <input_file_ref idref="fl-cd"/>
      </object_component>
      <object_component id="oc-2e1">
         <name>.debug_info</name>
         <load_address>0x1f06e</load_address>
         <run_address>0x1f06e</run_address>
         <size>0x3c0</size>
         <input_file_ref idref="fl-cd"/>
      </object_component>
      <object_component id="oc-38b">
         <name>.debug_info</name>
         <load_address>0x1f42e</load_address>
         <run_address>0x1f42e</run_address>
         <size>0x30a</size>
         <input_file_ref idref="fl-cd"/>
      </object_component>
      <object_component id="oc-391">
         <name>.debug_info</name>
         <load_address>0x1f738</load_address>
         <run_address>0x1f738</run_address>
         <size>0x215</size>
         <input_file_ref idref="fl-cd"/>
      </object_component>
      <object_component id="oc-2e7">
         <name>.debug_info</name>
         <load_address>0x1f94d</load_address>
         <run_address>0x1f94d</run_address>
         <size>0x215</size>
         <input_file_ref idref="fl-cd"/>
      </object_component>
      <object_component id="oc-2ed">
         <name>.debug_info</name>
         <load_address>0x1fb62</load_address>
         <run_address>0x1fb62</run_address>
         <size>0x304</size>
         <input_file_ref idref="fl-cd"/>
      </object_component>
      <object_component id="oc-2f3">
         <name>.debug_info</name>
         <load_address>0x1fe66</load_address>
         <run_address>0x1fe66</run_address>
         <size>0x4b5</size>
         <input_file_ref idref="fl-cd"/>
      </object_component>
      <object_component id="oc-255">
         <name>.debug_info</name>
         <load_address>0x2031b</load_address>
         <run_address>0x2031b</run_address>
         <size>0x5f4</size>
         <input_file_ref idref="fl-cd"/>
      </object_component>
      <object_component id="oc-30c">
         <name>.debug_info</name>
         <load_address>0x2090f</load_address>
         <run_address>0x2090f</run_address>
         <size>0x86</size>
         <input_file_ref idref="fl-cd"/>
      </object_component>
      <object_component id="oc-3c0">
         <name>.debug_info</name>
         <load_address>0x20995</load_address>
         <run_address>0x20995</run_address>
         <size>0x39</size>
         <input_file_ref idref="fl-cd"/>
      </object_component>
      <object_component id="oc-41d">
         <name>.debug_info</name>
         <load_address>0x209ce</load_address>
         <run_address>0x209ce</run_address>
         <size>0xb6</size>
         <input_file_ref idref="fl-cd"/>
      </object_component>
      <object_component id="oc-3c5">
         <name>.debug_info</name>
         <load_address>0x20a84</load_address>
         <run_address>0x20a84</run_address>
         <size>0x46</size>
         <input_file_ref idref="fl-cd"/>
      </object_component>
      <object_component id="oc-311">
         <name>.debug_info</name>
         <load_address>0x20aca</load_address>
         <run_address>0x20aca</run_address>
         <size>0x46</size>
         <input_file_ref idref="fl-cd"/>
      </object_component>
      <object_component id="oc-3bb">
         <name>.debug_info</name>
         <load_address>0x20b10</load_address>
         <run_address>0x20b10</run_address>
         <size>0x2c</size>
         <input_file_ref idref="fl-cd"/>
      </object_component>
      <object_component id="oc-3e5">
         <name>.debug_info</name>
         <load_address>0x20b3c</load_address>
         <run_address>0x20b3c</run_address>
         <size>0x3fc</size>
         <input_file_ref idref="fl-ce"/>
      </object_component>
      <object_component id="oc-31c">
         <name>.debug_info</name>
         <load_address>0x20f38</load_address>
         <run_address>0x20f38</run_address>
         <size>0x2e2</size>
         <input_file_ref idref="fl-ce"/>
      </object_component>
      <object_component id="oc-42f">
         <name>.debug_info</name>
         <load_address>0x2121a</load_address>
         <run_address>0x2121a</run_address>
         <size>0x300</size>
         <input_file_ref idref="fl-cf"/>
      </object_component>
      <object_component id="oc-3ce">
         <name>.debug_info</name>
         <load_address>0x2151a</load_address>
         <run_address>0x2151a</run_address>
         <size>0x19c</size>
         <input_file_ref idref="fl-cf"/>
      </object_component>
      <object_component id="oc-468">
         <name>.debug_info</name>
         <load_address>0x216b6</load_address>
         <run_address>0x216b6</run_address>
         <size>0xbf</size>
         <input_file_ref idref="fl-cf"/>
      </object_component>
      <object_component id="oc-467">
         <name>.debug_info</name>
         <load_address>0x21775</load_address>
         <run_address>0x21775</run_address>
         <size>0x374</size>
         <input_file_ref idref="fl-d0"/>
      </object_component>
[...]
      </symbol>
      <symbol id="sm-a6a">
         <name>__aeabi_dmul</name>
         <value>0x6a55</value>
         <object_component_ref idref="oc-359"/>
      </symbol>
      <symbol id="sm-a74">
         <name>__aeabi_d2iz</name>
         <value>0x7a39</value>
         <object_component_ref idref="oc-368"/>
      </symbol>
      <symbol id="sm-a7e">
         <name>__aeabi_i2d</name>
         <value>0x7d0d</value>
         <object_component_ref idref="oc-373"/>
      </symbol>
      <symbol id="sm-a99">
         <name>memcpy</name>
         <value>0x6e9f</value>
         <object_component_ref idref="oc-3a"/>
      </symbol>
      <symbol id="sm-a9a">
         <name>__aeabi_memcpy</name>
         <value>0x6e9f</value>
         <object_component_ref idref="oc-3a"/>
      </symbol>
      <symbol id="sm-a9b">
         <name>__aeabi_memcpy8</name>
         <value>0x6e9f</value>
         <object_component_ref idref="oc-3a"/>
      </symbol>
      <symbol id="sm-a9c">
         <name>__aeabi_memcpy4</name>
         <value>0x6e9f</value>
         <object_component_ref idref="oc-3a"/>
      </symbol>
      <symbol id="sm-aab">
         <name>__aeabi_memset</name>
         <value>0x71e9</value>
         <object_component_ref idref="oc-99"/>
      </symbol>
      <symbol id="sm-aac">
         <name>memset</name>
         <value>0x71ef</value>
         <object_component_ref idref="oc-99"/>
      </symbol>
      <symbol id="sm-aad">
         <name>__aeabi_memset8</name>
         <value>0x71e9</value>
         <object_component_ref idref="oc-99"/>
      </symbol>
      <symbol id="sm-aae">
         <name>__aeabi_memset4</name>
         <value>0x71e9</value>
         <object_component_ref idref="oc-99"/>
      </symbol>
      <symbol id="sm-aaf">
         <name>__aeabi_memclr8</name>
         <value>0x71e7</value>
         <object_component_ref idref="oc-99"/>
      </symbol>
      <symbol id="sm-ab0">
         <name>__aeabi_memclr4</name>
         <value>0x71e7</value>
         <object_component_ref idref="oc-99"/>
      </symbol>
      <symbol id="sm-ab1">
         <name>__aeabi_memclr</name>
         <value>0x71e7</value>
         <object_component_ref idref="oc-99"/>
      </symbol>
      <symbol id="sm-abe">
         <name>__aeabi_uldivmod</name>
         <value>0x6f3b</value>
         <object_component_ref idref="oc-352"/>
      </symbol>
      <symbol id="sm-ad0">
         <name>__TI_zero_init</name>
         <value>0x7ed7</value>
         <object_component_ref idref="oc-4c"/>
      </symbol>
      <symbol id="sm-ae7">
         <name>__TI_decompress_none</name>
         <value>0x7ebb</value>
         <object_component_ref idref="oc-1d"/>
      </symbol>
      <symbol id="sm-b0a">
         <name>__TI_decompress_lzss</name>
         <value>0x74f5</value>
         <object_component_ref idref="oc-17"/>
      </symbol>
      <symbol id="sm-b30">
         <name>C$$EXIT</name>
         <value>0x7f01</value>
         <object_component_ref idref="oc-126"/>
      </symbol>
      <symbol id="sm-b31">
         <name>abort</name>
         <value>0x7f01</value>
         <object_component_ref idref="oc-126"/>
      </symbol>
      <symbol id="sm-b32">
         <name>__TI_dtors_ptr</name>
         <value>0x20008968</value>
         <object_component_ref idref="oc-1dc"/>
      </symbol>
      <symbol id="sm-b33">
         <name>__TI_cleanup_ptr</name>
         <value>0x20008964</value>
         <object_component_ref idref="oc-1dc"/>
      </symbol>
      <symbol id="sm-b34">
         <name>__TI_enable_exit_profile_output</name>
         <value>0x2000896c</value>
         <object_component_ref idref="oc-1dc"/>
      </symbol>
      <symbol id="sm-b35">
         <name>exit</name>
         <value>0x79f1</value>
         <object_component_ref idref="oc-12c"/>
      </symbol>
      <symbol id="sm-b4a">
         <name>_nop</name>
         <value>0x4467</value>
         <object_component_ref idref="oc-278"/>
      </symbol>
      <symbol id="sm-b4b">
         <name>_lock</name>
         <value>0x2000897c</value>
         <object_component_ref idref="oc-1df"/>
      </symbol>
      <symbol id="sm-b4c">
         <name>_unlock</name>
         <value>0x20008980</value>
         <object_component_ref idref="oc-1df"/>
      </symbol>
      <symbol id="sm-b5b">
         <name>__TI_ltoa</name>
         <value>0x78b3</value>
         <object_component_ref idref="oc-36d"/>
      </symbol>
      <symbol id="sm-b71">
         <name>atoi</name>
         <value>0x79a5</value>
         <object_component_ref idref="oc-2cf"/>
      </symbol>
      <symbol id="sm-b7c">
         <name>_ctypes_</name>
         <value>0x7f04</value>
         <object_component_ref idref="oc-34d"/>
      </symbol>
      <symbol id="sm-b91">
         <name>__TI_tmpnams</name>
         <value>0x200081e8</value>
      </symbol>
      <symbol id="sm-b92">
         <name>__aeabi_stdout</name>
         <value>0x2000895c</value>
         <object_component_ref idref="oc-4a3"/>
      </symbol>
      <symbol id="sm-b93">
         <name>__aeabi_stderr</name>
         <value>0x20008960</value>
         <object_component_ref idref="oc-4a3"/>
      </symbol>
      <symbol id="sm-b94">
         <name>__aeabi_stdin</name>
         <value>0x20008958</value>
         <object_component_ref idref="oc-4a3"/>
      </symbol>
      <symbol id="sm-b95">
         <name>_ftable</name>
         <value>0x20008738</value>
         <object_component_ref idref="oc-25a"/>
      </symbol>
      <symbol id="sm-b96">
         <name>__TI_ft_end</name>
         <value>0x20008954</value>
         <object_component_ref idref="oc-4a3"/>
      </symbol>
      <symbol id="sm-ba6">
         <name>memccpy</name>
         <value>0x7e1d</value>
         <object_component_ref idref="oc-2f8"/>
      </symbol>
      <symbol id="sm-bb6">
         <name>memchr</name>
         <value>0x7de1</value>
         <object_component_ref idref="oc-3d2"/>
      </symbol>
      <symbol id="sm-c3f">
         <name>_sys_memory</name>
         <value>0x20008338</value>
         <object_component_ref idref="oc-29"/>
      </symbol>
      <symbol id="sm-c40">
         <name>free</name>
         <value>0x6b51</value>
         <object_component_ref idref="oc-454"/>
      </symbol>
      <symbol id="sm-c41">
         <name>memalign</name>
         <value>0x6955</value>
         <object_component_ref idref="oc-496"/>
      </symbol>
      <symbol id="sm-c42">
         <name>malloc</name>
         <value>0x7eed</value>
         <object_component_ref idref="oc-45a"/>
      </symbol>
      <symbol id="sm-c43">
         <name>aligned_alloc</name>
         <value>0x6955</value>
         <object_component_ref idref="oc-496"/>
      </symbol>
      <symbol id="sm-c53">
         <name>strchr</name>
         <value>0x7e6b</value>
         <object_component_ref idref="oc-3a4"/>
      </symbol>
      <symbol id="sm-c61">
         <name>strlen</name>
         <value>0x7e95</value>
         <object_component_ref idref="oc-2c9"/>
      </symbol>
      <symbol id="sm-c7b">
         <name>write</name>
         <value>0x7db9</value>
         <object_component_ref idref="oc-3de"/>
      </symbol>
      <symbol id="sm-c8c">
         <name>_stream</name>
         <value>0x200088a0</value>
         <object_component_ref idref="oc-434"/>
      </symbol>
      <symbol id="sm-c8d">
         <name>_device</name>
         <value>0x20008828</value>
         <object_component_ref idref="oc-473"/>
      </symbol>
      <symbol id="sm-ca3">
         <name>__aeabi_errno_addr</name>
         <value>0x7ee5</value>
         <object_component_ref idref="oc-304"/>
      </symbol>
      <symbol id="sm-ca4">
         <name>errno</name>
         <value>0x2000898c</value>
         <object_component_ref idref="oc-3b4"/>
      </symbol>
      <symbol id="sm-cb7">
         <name>__stack</name>
         <value>0x2000fe00</value>
         <object_component_ref idref="oc-2c"/>
      </symbol>
      <symbol id="sm-cb8">
         <name>_c_int00_noargs</name>
         <value>0x7ca9</value>
         <object_component_ref idref="oc-58"/>
      </symbol>
      <symbol id="sm-cd8">
         <name>frexpl</name>
         <value>0x75c5</value>
         <object_component_ref idref="oc-398"/>
      </symbol>
      <symbol id="sm-cd9">
         <name>frexp</name>
         <value>0x75c5</value>
         <object_component_ref idref="oc-398"/>
      </symbol>
      <symbol id="sm-cf6">
         <name>scalbn</name>
         <value>0x6845</value>
         <object_component_ref idref="oc-39e"/>
      </symbol>
      <symbol id="sm-cf7">
         <name>scalbnl</name>
         <value>0x6845</value>
         <object_component_ref idref="oc-39e"/>
      </symbol>
      <symbol id="sm-cf8">
         <name>ldexpl</name>
         <value>0x6845</value>
         <object_component_ref idref="oc-39e"/>
      </symbol>
      <symbol id="sm-cf9">
         <name>ldexp</name>
         <value>0x6845</value>
         <object_component_ref idref="oc-39e"/>
      </symbol>
      <symbol id="sm-d03">
         <name>copysign</name>
         <value>0x7e39</value>
         <object_component_ref idref="oc-406"/>
      </symbol>
      <symbol id="sm-d04">
         <name>copysignl</name>
         <value>0x7e39</value>
         <object_component_ref idref="oc-406"/>
      </symbol>
      <symbol id="sm-d1d">
         <name>wcslen</name>
         <value>0x7ea9</value>
         <object_component_ref idref="oc-2fe"/>
      </symbol>
      <symbol id="sm-d2d">
         <name>__TI_doflush</name>
         <value>0x7959</value>
         <object_component_ref idref="oc-3d8"/>
      </symbol>
      <symbol id="sm-d3d">
         <name>__TI_cleanup</name>
         <value>0x7c41</value>
         <object_component_ref idref="oc-460"/>
      </symbol>
      <symbol id="sm-d4f">
         <name>fseek</name>
         <value>0x7629</value>
         <object_component_ref idref="oc-422"/>
      </symbol>
      <symbol id="sm-d59">
         <name>__aeabi_idiv0</name>
         <value>0x626f</value>
         <object_component_ref idref="oc-3ed"/>
      </symbol>
      <symbol id="sm-d5a">
         <name>__aeabi_ldiv0</name>
         <value>0x626f</value>
         <object_component_ref idref="oc-3ed"/>
      </symbol>
      <symbol id="sm-d82">
         <name>__TI_auto_init_nobinit_nopinit</name>
         <value>0x7b09</value>
         <object_component_ref idref="oc-132"/>
      </symbol>
      <symbol id="sm-d8c">
         <name>_system_pre_init</name>
         <value>0x7efd</value>
         <object_component_ref idref="oc-9f"/>
      </symbol>
      <symbol id="sm-d9f">
         <name>HOSTclose</name>
         <value>0x7a81</value>
         <object_component_ref idref="oc-4af"/>
      </symbol>
      <symbol id="sm-db0">
         <name>HOSTlseek</name>
         <value>0x748d</value>
         <object_component_ref idref="oc-4c1"/>
      </symbol>
      <symbol id="sm-dc2">
         <name>parmbuf</name>
         <value>0x2000832c</value>
      </symbol>
      <symbol id="sm-dc3">
         <name>HOSTopen</name>
         <value>0x76f1</value>
         <object_component_ref idref="oc-4a9"/>
      </symbol>
      <symbol id="sm-dd4">
         <name>HOSTread</name>
         <value>0x77ad</value>
         <object_component_ref idref="oc-4b5"/>
      </symbol>
      <symbol id="sm-de5">
         <name>HOSTrename</name>
         <value>0x73b5</value>
         <object_component_ref idref="oc-4cd"/>
      </symbol>
      <symbol id="sm-df6">
         <name>HOSTunlink</name>
         <value>0x7ac5</value>
         <object_component_ref idref="oc-4c7"/>
      </symbol>
      <symbol id="sm-e07">
         <name>HOSTwrite</name>
         <value>0x7805</value>
         <object_component_ref idref="oc-4bb"/>
      </symbol>
      <symbol id="sm-e2b">
         <name>__TI_readmsg</name>
         <value>0x7c75</value>
         <object_component_ref idref="oc-4fc"/>
      </symbol>
      <symbol id="sm-e2c">
         <name>C$$IO$$</name>
         <value>0x7bff</value>
         <object_component_ref idref="oc-4f6"/>
      </symbol>
      <symbol id="sm-e2d">
         <name>__CIOBUF_</name>
         <value>0x20008000</value>
         <object_component_ref idref="oc-527"/>
      </symbol>
      <symbol id="sm-e2e">
         <name>__TI_writemsg</name>
         <value>0x7bd1</value>
         <object_component_ref idref="oc-4f6"/>
      </symbol>
      <symbol id="sm-e3f">
         <name>lseek</name>
         <value>0x7d91</value>
         <object_component_ref idref="oc-44c"/>
      </symbol>
      <symbol id="sm-e54">
         <name>__TI_closefile</name>
         <value>0x7261</value>
         <object_component_ref idref="oc-49d"/>
      </symbol>
      <symbol id="sm-e77">
         <name>finddevice</name>
         <value>0x7cdd</value>
         <object_component_ref idref="oc-545"/>
      </symbol>
      <symbol id="sm-e78">
         <name>getdevice</name>
         <value>0x7b4d</value>
         <object_component_ref idref="oc-51d"/>
      </symbol>
      <symbol id="sm-e87">
         <name>strcmp</name>
         <value>0x7e53</value>
         <object_component_ref idref="oc-55c"/>
      </symbol>
      <symbol id="sm-e95">
         <name>strcpy</name>
         <value>0x7e81</value>
         <object_component_ref idref="oc-510"/>
      </symbol>
      <symbol id="sm-ea5">
         <name>strncpy</name>
         <value>0x7c09</value>
         <object_component_ref idref="oc-53f"/>
      </symbol>
      <symbol id="sm-eba">
         <name>close</name>
         <value>0x7751</value>
         <object_component_ref idref="oc-4e5"/>
      </symbol>
      <symbol id="sm-eca">
         <name>unlink</name>
         <value>0x7d3d</value>
         <object_component_ref idref="oc-4eb"/>
      </symbol>
      <symbol id="sm-ecb">
         <name>__TI_static_base__</name>
         <value>0x0</value>
      </symbol>
      <symbol id="sm-ece">
         <name>__mpu_init</name>
         <value>0x0</value>
      </symbol>
      <symbol id="sm-ecf">
         <name>_system_post_cinit</name>
         <value>0x0</value>
      </symbol>
      <symbol id="sm-ed0">
         <name>NMI_Handler</name>
         <value>0x7ed5</value>
      </symbol>
      <symbol id="sm-ed1">
         <name>HardFault_Handler</name>
         <value>0x7ed5</value>
      </symbol>
      <symbol id="sm-ed2">
         <name>MemManage_Handler</name>
         <value>0x7ed5</value>
      </symbol>
      <symbol id="sm-ed3">
         <name>BusFault_Handler</name>
         <value>0x7ed5</value>
      </symbol>
      <symbol id="sm-ed4">
         <name>UsageFault_Handler</name>
         <value>0x7ed5</value>
      </symbol>
      <symbol id="sm-ed5">
         <name>SVC_Handler</name>
         <value>0x7ed5</value>
      </symbol>
      <symbol id="sm-ed6">
         <name>DebugMon_Handler</name>
         <value>0x7ed5</value>
      </symbol>
      <symbol id="sm-ed7">
         <name>PendSV_Handler</name>
         <value>0x7ed5</value>
      </symbol>
      <symbol id="sm-ed8">
         <name>SysTick_Handler</name>
         <value>0x7ed5</value>
      </symbol>
      <symbol id="sm-ed9">
         <name>PSS_IRQHandler</name>
         <value>0x7ed5</value>
      </symbol>
      <symbol id="sm-eda">
         <name>CS_IRQHandler</name>
         <value>0x7ed5</value>
      </symbol>
      <symbol id="sm-edb">
         <name>PCM_IRQHandler</name>
         <value>0x7ed5</value>
      </symbol>
      <symbol id="sm-edc">
         <name>WDT_A_IRQHandler</name>
         <value>0x7ed5</value>
      </symbol>
      <symbol id="sm-edd">
         <name>FPU_IRQHandler</name>
         <value>0x7ed5</value>
      </symbol>
      <symbol id="sm-ede">
         <name>FLCTL_IRQHandler</name>
         <value>0x7ed5</value>
      </symbol>
      <symbol id="sm-edf">
         <name>COMP_E0_IRQHandler</name>
         <value>0x7ed5</value>
      </symbol>
      <symbol id="sm-ee0">
         <name>COMP_E1_IRQHandler</name>
         <value>0x7ed5</value>
      </symbol>
      <symbol id="sm-ee1">
         <name>TA0_0_IRQHandler</name>
         <value>0x7ed5</value>
      </symbol>
      <symbol id="sm-ee2">
         <name>TA0_N_IRQHandler</name>
         <value>0x7ed5</value>
      </symbol>
      <symbol id="sm-ee3">
         <name>TA1_0_IRQHandler</name>
         <value>0x7ed5</value>
      </symbol>
      <symbol id="sm-ee4">
         <name>TA1_N_IRQHandler</name>
         <value>0x7ed5</value>
      </symbol>
      <symbol id="sm-ee5">
         <name>TA2_0_IRQHandler</name>
         <value>0x7ed5</value>
      </symbol>
      <symbol id="sm-ee6">
         <name>TA2_N_IRQHandler</name>
         <value>0x7ed5</value>
      </symbol>
      <symbol id="sm-ee7">
         <name>TA3_0_IRQHandler</name>
         <value>0x7ed5</value>
      </symbol>
      <symbol id="sm-ee8">
         <name>TA3_N_IRQHandler</name>
         <value>0x7ed5</value>
      </symbol>
      <symbol id="sm-ee9">
         <name>EUSCIA0_IRQHandler</name>
         <value>0x7ed5</value>
      </symbol>
      <symbol id="sm-eea">
         <name>EUSCIA1_IRQHandler</name>
         <value>0x7ed5</value>
      </symbol>
      <symbol id="sm-eeb">
         <name>EUSCIA2_IRQHandler</name>
         <value>0x7ed5</value>
      </symbol>
      <symbol id="sm-eec">
         <name>EUSCIA3_IRQHandler</name>
         <value>0x7ed5</value>
      </symbol>
      <symbol id="sm-eed">
         <name>EUSCIB0_IRQHandler</name>
         <value>0x7ed5</value>
      </symbol>
      <symbol id="sm-eee">
         <name>EUSCIB1_IRQHandler</name>
         <value>0x7ed5</value>
      </symbol>
      <symbol id="sm-eef">
         <name>EUSCIB2_IRQHandler</name>
         <value>0x7ed5</value>
      </symbol>
      <symbol id="sm-ef0">
         <name>EUSCIB3_IRQHandler</name>
         <value>0x7ed5</value>
      </symbol>
      <symbol id="sm-ef1">
         <name>ADC14_IRQHandler</name>
         <value>0x7ed5</value>
      </symbol>
      <symbol id="sm-ef2">
         <name>T32_INT1_IRQHandler</name>
         <value>0x7ed5</value>
      </symbol>
      <symbol id="sm-ef3">
         <name>T32_INT2_IRQHandler</name>
         <value>0x7ed5</value>
      </symbol>
      <symbol id="sm-ef4">
         <name>T32_INTC_IRQHandler</name>
         <value>0x7ed5</value>
      </symbol>
      <symbol id="sm-ef5">
         <name>AES256_IRQHandler</name>
         <value>0x7ed5</value>
      </symbol>
      <symbol id="sm-ef6">
         <name>RTC_C_IRQHandler</name>
         <value>0x7ed5</value>
      </symbol>
      <symbol id="sm-ef7">
         <name>DMA_ERR_IRQHandler</name>
         <value>0x7ed5</value>
      </symbol>
      <symbol id="sm-ef8">
         <name>DMA_INT3_IRQHandler</name>
         <value>0x7ed5</value>
      </symbol>
      <symbol id="sm-ef9">
         <name>DMA_INT2_IRQHandler</name>
         <value>0x7ed5</value>
      </symbol>
      <symbol id="sm-efa">
         <name>DMA_INT1_IRQHandler</name>
         <value>0x7ed5</value>
      </symbol>
      <symbol id="sm-efb">
         <name>DMA_INT0_IRQHandler</name>
         <value>0x7ed5</value>
      </symbol>
      <symbol id="sm-efc">
         <name>PORT1_IRQHandler</name>
         <value>0x7ed5</value>
      </symbol>
      <symbol id="sm-efd">
         <name>PORT2_IRQHandler</name>
         <value>0x7ed5</value>
      </symbol>
      <symbol id="sm-efe">
         <name>PORT3_IRQHandler</name>
         <value>0x7ed5</value>
      </symbol>
      <symbol id="sm-eff">
         <name>PORT4_IRQHandler</name>
         <value>0x7ed5</value>
      </symbol>
      <symbol id="sm-f00">
         <name>PORT5_IRQHandler</name>
         <value>0x7ed5</value>
      </symbol>
      <symbol id="sm-f01">
         <name>PORT6_IRQHandler</name>
         <value>0x7ed5</value>
      </symbol>
      <symbol id="sm-f02">
         <name>remove</name>
         <value>0x7d3d</value>
      </symbol>
   </symbol_table>
   <title>Link successful</title>
</link_info>
