******************************************************************************
                  TI ARM Linker PC v20.2.6                     
******************************************************************************
>> Linked Sun Nov 27 15:48:54 2022

OUTPUT FILE NAME:   <13-ice-vTaskDelay.out>
ENTRY POINT SYMBOL: "_c_int00_noargs"  address: 00007ca9


MEMORY CONFIGURATION

         name            origin    length      used     unused   attr    fill
----------------------  --------  ---------  --------  --------  ----  --------
  MAIN                  00000000   00040000  000080b4  00037f4c  R  X
  INFO                  00200000   00004000  00000000  00004000  R  X
  SRAM_CODE             01000000   00010000  00008b98  00007468  RW X
  SRAM_DATA             20000000   00010000  00008b98  00007468  RW  


SEGMENT ALLOCATION MAP

run origin  load origin   length   init length attrs members
----------  ----------- ---------- ----------- ----- -------
00000000    00000000    000080b8   000080b8    r-x
  00000000    00000000    000000e4   000000e4    r-- .intvecs
  000000e4    000000e4    00007e20   00007e20    r-x .text
  00007f04    00007f04    00000110   00000110    r-- .const
  00008018    00008018    000000a0   000000a0    r-- .cinit
20000000    20000000    0000899c   00000000    rw-
  20000000    20000000    00008334   00000000    rw- .bss
  20008338    20008338    00000400   00000000    rw- .sysmem
  20008738    20008738    00000264   00000000    rw- .data
2000fe00    2000fe00    00000200   00000000    rw-
  2000fe00    2000fe00    00000200   00000000    rw- .stack


SECTION ALLOCATION MAP

 output                                  attributes/
section   page    origin      length       input sections
--------  ----  ----------  ----------   ----------------
.intvecs   0    00000000    000000e4     
                  00000000    000000e4     startup_msp432p401r_ccs.obj (.intvecs:retain)

.text      0    000000e4    00007e20     
                  000000e4    00002810     tasks.obj (.text)
                  000028f4    00001124     queue.obj (.text)
                  00003a18    00000a4e     rtsv7M4_T_le_v4SPD16_eabi.lib : _printfi.c.obj (.text:__TI_printfi)
                  00004466    00000002                                   : _lock.c.obj (.text:_nop)
                  00004468    00000720     timers.obj (.text)
                  00004b88    00000510     ece353_staff.lib : ece353_staff.obj (.text)
                  00005098    00000454     heap_4.obj (.text)
                  000054ec    00000438     port.obj (.text)
                  00005924    00000354     system_msp432p401r.obj (.text)
                  00005c78    00000270     rtsv7M4_T_le_v4SPD16_eabi.lib : _printfi.c.obj (.text:_pconv_a)
                  00005ee8    000001d0                                   : _printfi.c.obj (.text:_pconv_g)
                  000060b8    000001b6                                   : fd_add_t2.asm.obj (.text)
                  0000626e    00000002                                   : div0.asm.obj (.text)
                  00006270    0000013c                                   : _printfi.c.obj (.text:_pconv_e)
                  000063ac    00000136                                   : fd_div_t2.asm.obj (.text)
                  000064e2    0000012a     list.obj (.text)
                  0000660c    00000124     rtsv7M4_T_le_v4SPD16_eabi.lib : _printfi.c.obj (.text:fcvt)
                  00006730    00000114                                   : fputs.c.obj (.text:fputs)
                  00006844    00000110                                   : s_scalbn.c.obj (.text:scalbn)
                  00006954    00000100                                   : memory.c.obj (.text:aligned_alloc)
                  00006a54    000000fc                                   : fd_mul_t2.asm.obj (.text)
                  00006b50    000000e4                                   : memory.c.obj (.text:free)
                  00006c34    000000dc                                   : setvbuf.c.obj (.text:setvbuf)
                  00006d10    000000da     portasm.obj (.text)
                  00006dea    00000002     --HOLE-- [fill = 0]
                  00006dec    000000b1     rtsv7M4_T_le_v4SPD16_eabi.lib : _printfi.c.obj (.text:_ltostr)
                  00006e9d    00000001     --HOLE-- [fill = 0]
                  00006e9e    0000009c                                   : memcpy_t2.asm.obj (.text)
                  00006f3a    00000096                                   : ull_div_t2.asm.obj (.text)
                  00006fd0    00000088     main.obj (.text)
                  00007058    00000086     rtsv7M4_T_le_v4SPD16_eabi.lib : fd_cmp_t2.asm.obj (.text:__aeabi_cdcmple)
                  000070de    00000086                                   : fd_cmp_t2.asm.obj (.text:__aeabi_cdrcmple)
                  00007164    00000082     task_mkII_s2.obj (.text)
                  000071e6    0000007a     rtsv7M4_T_le_v4SPD16_eabi.lib : memset_t2.asm.obj (.text)
                  00007260    00000074                                   : fclose.c.obj (.text:__TI_closefile)
                  000072d4    00000070                                   : memory.c.obj (.text:split)
                  00007344    0000006e                                   : _printfi.c.obj (.text:_mcpy)
                  000073b2    00000002     --HOLE-- [fill = 0]
                  000073b4    0000006c                                   : hostrename.c.obj (.text:HOSTrename)
                  00007420    0000006c     task_mkII_s1.obj (.text)
                  0000748c    00000068     rtsv7M4_T_le_v4SPD16_eabi.lib : hostlseek.c.obj (.text:HOSTlseek)
                  000074f4    00000068                                   : copy_decompress_lzss.c.obj (.text:decompress:lzss:__TI_decompress_lzss)
                  0000755c    00000068                                   : printf.c.obj (.text:printf)
                  000075c4    00000064                                   : s_frexp.c.obj (.text:frexp)
                  00007628    00000064                                   : fseek.c.obj (.text:fseek)
                  0000768c    00000062                                   : _io_perm.c.obj (.text:__TI_wrt_ok)
                  000076ee    00000002     --HOLE-- [fill = 0]
                  000076f0    00000060                                   : hostopen.c.obj (.text:HOSTopen)
                  00007750    0000005c                                   : close.c.obj (.text:close)
                  000077ac    00000058                                   : hostread.c.obj (.text:HOSTread)
                  00007804    00000058                                   : hostwrite.c.obj (.text:HOSTwrite)
                  0000785c    00000056                                   : _printfi.c.obj (.text:_pconv_f)
                  000078b2    00000054                                   : _ltoa.c.obj (.text:__TI_ltoa)
                  00007906    00000052                                   : _printfi.c.obj (.text:_ecpy)
                  00007958    0000004c                                   : fflush.c.obj (.text:__TI_doflush)
                  000079a4    0000004c                                   : atoi.c.obj (.text:atoi)
                  000079f0    00000048                                   : exit.c.obj (.text:exit)
                  00007a38    00000048                                   : fd_toi_t2.asm.obj (.text)
                  00007a80    00000044                                   : hostclose.c.obj (.text:HOSTclose)
                  00007ac4    00000044                                   : hostunlink.c.obj (.text:HOSTunlink)
                  00007b08    00000044                                   : autoinit.c.obj (.text:__TI_auto_init_nobinit_nopinit:__TI_auto_init_nobinit_nopinit)
                  00007b4c    00000044                                   : getdevice.c.obj (.text:getdevice)
                  00007b90    0000003e                                   : _printfi.c.obj (.text:_fcpy)
                  00007bce    00000002     --HOLE-- [fill = 0]
                  00007bd0    00000038                                   : trgmsg.c.obj (.text:__TI_writemsg)
                  00007c08    00000036                                   : strncpy.c.obj (.text:strncpy)
                  00007c3e    00000002     --HOLE-- [fill = 0]
                  00007c40    00000034                                   : fopen.c.obj (.text:__TI_cleanup)
                  00007c74    00000034                                   : trgmsg.c.obj (.text:__TI_readmsg)
                  00007ca8    00000034                                   : boot_cortex_m.c.obj (.text:_c_int00_noargs:_c_int00_noargs)
                  00007cdc    00000030                                   : getdevice.c.obj (.text:finddevice)
                  00007d0c    0000002e                                   : i_tofd_t2.asm.obj (.text)
                  00007d3a    00000002     --HOLE-- [fill = 0]
                  00007d3c    0000002c                                   : unlink.c.obj (.text:unlink)
                  00007d68    00000028                                   : memory.c.obj (.text:free_list_insert)
                  00007d90    00000028                                   : lseek.c.obj (.text:lseek)
                  00007db8    00000028                                   : write.c.obj (.text:write)
                  00007de0    00000020                                   : memchr.c.obj (.text:memchr)
                  00007e00    0000001c                                   : memory.c.obj (.text:free_list_remove)
                  00007e1c    0000001c                                   : memccpy.c.obj (.text:memccpy)
                  00007e38    0000001a                                   : s_copysign.c.obj (.text:copysign)
                  00007e52    00000018                                   : strcmp.c.obj (.text:strcmp)
                  00007e6a    00000016                                   : strchr.c.obj (.text:strchr)
                  00007e80    00000014                                   : strcpy.c.obj (.text:strcpy)
                  00007e94    00000014                                   : strlen.c.obj (.text:strlen)
                  00007ea8    00000012                                   : wcslen.c.obj (.text:wcslen)
                  00007eba    0000000e                                   : copy_decompress_none.c.obj (.text:decompress:none:__TI_decompress_none)
                  00007ec8    0000000e     startup_msp432p401r_ccs.obj (.text)
                  00007ed6    0000000c     rtsv7M4_T_le_v4SPD16_eabi.lib : copy_zero_init.c.obj (.text:decompress:ZI:__TI_zero_init)
                  00007ee2    00000002     --HOLE-- [fill = 0]
                  00007ee4    00000008                                   : errno.c.obj (.text:__aeabi_errno_addr)
                  00007eec    00000008                                   : memory.c.obj (.text:malloc)
                  00007ef4    00000004                                   : printf.c.obj (.text:_outc)
                  00007ef8    00000004                                   : printf.c.obj (.text:_outs)
                  00007efc    00000004                                   : pre_init.c.obj (.text:_system_pre_init)
                  00007f00    00000004                                   : exit.c.obj (.text:abort:abort)

.const     0    00007f04    00000110     
                  00007f04    00000101     rtsv7M4_T_le_v4SPD16_eabi.lib : ctype.c.obj (.const:.string:_ctypes_)
                  00008005    00000003     --HOLE-- [fill = 0]
                  00008008    00000008     port.obj (.const)
                  00008010    00000004     tasks.obj (.const)

.cinit     0    00008018    000000a0     
                  00008018    0000007a     (.cinit..data.load) [load image, compression = lzss]
                  00008092    00000002     --HOLE-- [fill = 0]
                  00008094    0000000c     (__TI_handler_table)
                  000080a0    00000008     (.cinit..bss.load) [load image, compression = zero_init]
                  000080a8    00000010     (__TI_cinit_table)

.init_array 
*          0    00000000    00000000     UNINITIALIZED

.binit     0    00000000    00000000     

.bss       0    20000000    00008334     UNINITIALIZED
                  20000000    00008000     heap_4.obj (.bss:ucHeap)
                  20008000    00000120     rtsv7M4_T_le_v4SPD16_eabi.lib : trgmsg.c.obj (.bss:_CIOBUF_)
                  20008120    000000c8     tasks.obj (.bss:pxReadyTasksLists)
                  200081e8    000000a0     (.common:__TI_tmpnams)
                  20008288    00000014     timers.obj (.bss:xActiveTimerList1)
                  2000829c    00000014     timers.obj (.bss:xActiveTimerList2)
                  200082b0    00000014     tasks.obj (.bss:xDelayedTaskList1)
                  200082c4    00000014     tasks.obj (.bss:xDelayedTaskList2)
                  200082d8    00000014     tasks.obj (.bss:xPendingReadyList)
                  200082ec    00000014     tasks.obj (.bss:xSuspendedTaskList)
                  20008300    00000014     tasks.obj (.bss:xTasksWaitingTermination)
                  20008314    00000008     tasks.obj (.bss)
                  2000831c    00000008     timers.obj (.bss)
                  20008324    00000008     heap_4.obj (.bss:xStart)
                  2000832c    00000008     (.common:parmbuf)

.sysmem    0    20008338    00000400     UNINITIALIZED
                  20008338    00000010     rtsv7M4_T_le_v4SPD16_eabi.lib : memory.c.obj (.sysmem)
                  20008348    000003f0     --HOLE--

.data      0    20008738    00000264     UNINITIALIZED
                  20008738    000000f0     rtsv7M4_T_le_v4SPD16_eabi.lib : defs.c.obj (.data:_ftable)
                  20008828    00000078                                   : host_device.c.obj (.data:_device)
                  200088a0    00000050                                   : host_device.c.obj (.data:_stream)
                  200088f0    00000034     tasks.obj (.data)
                  20008924    00000018     heap_4.obj (.data)
                  2000893c    00000018     port.obj (.data)
                  20008954    00000010     rtsv7M4_T_le_v4SPD16_eabi.lib : defs.c.obj (.data)
                  20008964    0000000c                                   : exit.c.obj (.data:$O1$$)
                  20008970    0000000c     timers.obj (.data)
                  2000897c    00000008     rtsv7M4_T_le_v4SPD16_eabi.lib : _lock.c.obj (.data:$O1$$)
                  20008984    00000008                                   : memory.c.obj (.data:$O1$$)
                  2000898c    00000004                                   : errno.c.obj (.data)
                  20008990    00000004     system_msp432p401r.obj (.data)
                  20008994    00000004     task_mkII_s1.obj (.data)
                  20008998    00000004     task_mkII_s2.obj (.data)

.stack     0    2000fe00    00000200     UNINITIALIZED
                  2000fe00    00000004     rtsv7M4_T_le_v4SPD16_eabi.lib : boot_cortex_m.c.obj (.stack)
                  2000fe04    000001fc     --HOLE--

__llvm_prf_cnts 
*          0    20000000    00000000     UNINITIALIZED

MODULE SUMMARY

       Module                        code    ro data   rw data
       ------                        ----    -------   -------
    .\
       system_msp432p401r.obj        852     0         8      
       startup_msp432p401r_ccs.obj   14      228       0      
       task_mkII_s2.obj              130     0         8      
       main.obj                      136     0         0      
       task_mkII_s1.obj              108     0         8      
    +--+-----------------------------+-------+---------+---------+
       Total:                        1240    228       24     
                                                              
    .\FreeRTOS\
       heap_4.obj                    1108    0         65600  
       tasks.obj                     10256   4         720    
       queue.obj                     4388    0         0      
       timers.obj                    1824    0         120    
       list.obj                      298     0         0      
    +--+-----------------------------+-------+---------+---------+
       Total:                        17874   4         66440  
                                                              
    .\FreeRTOS\portable\
       port.obj                      1080    8         48     
       portasm.obj                   218     0         0      
    +--+-----------------------------+-------+---------+---------+
       Total:                        1298    8         48     
                                                              
    ../ece353_staff.lib
       ece353_staff.obj              1296    0         0      
    +--+-----------------------------+-------+---------+---------+
       Total:                        1296    0         0      
                                                              
    C:\ti\ccs1200\ccs\tools\compiler\ti-cgt-arm_20.2.6.LTS\lib\rtsv7M4_T_le_v4SPD16_eabi.lib
       _printfi.c.obj                4851    0         0      
       defs.c.obj                    0       0         832    
       memory.c.obj                  672     0         16     
       trgmsg.c.obj                  108     0         576    
       fd_add_t2.asm.obj             438     0         0      
       host_device.c.obj             0       0         400    
       fd_div_t2.asm.obj             310     0         0      
       fputs.c.obj                   276     0         0      
       s_scalbn.c.obj                272     0         0      
       fd_cmp_t2.asm.obj             268     0         0      
       ctype.c.obj                   0       257       0      
       fd_mul_t2.asm.obj             252     0         0      
       setvbuf.c.obj                 220     0         0      
       memcpy_t2.asm.obj             156     0         0      
       ull_div_t2.asm.obj            150     0         0      
       memset_t2.asm.obj             122     0         0      
       fclose.c.obj                  116     0         0      
       getdevice.c.obj               116     0         0      
       hostopen.c.obj                96      0         16     
       printf.c.obj                  112     0         0      
       hostrename.c.obj              108     0         0      
       copy_decompress_lzss.c.obj    104     0         0      
       hostlseek.c.obj               104     0         0      
       exit.c.obj                    76      0         24     
       fseek.c.obj                   100     0         0      
       s_frexp.c.obj                 100     0         0      
       _io_perm.c.obj                98      0         0      
       close.c.obj                   92      0         0      
       hostread.c.obj                88      0         0      
       hostwrite.c.obj               88      0         0      
       _ltoa.c.obj                   84      0         0      
       atoi.c.obj                    76      0         0      
       fflush.c.obj                  76      0         0      
       fd_toi_t2.asm.obj             72      0         0      
       autoinit.c.obj                68      0         0      
       hostclose.c.obj               68      0         0      
       hostunlink.c.obj              68      0         0      
       strncpy.c.obj                 54      0         0      
       boot_cortex_m.c.obj           52      0         0      
       fopen.c.obj                   52      0         0      
       i_tofd_t2.asm.obj             46      0         0      
       unlink.c.obj                  44      0         0      
       lseek.c.obj                   40      0         0      
       write.c.obj                   40      0         0      
       memchr.c.obj                  32      0         0      
       memccpy.c.obj                 28      0         0      
       s_copysign.c.obj              26      0         0      
       strcmp.c.obj                  24      0         0      
       strchr.c.obj                  22      0         0      
       strcpy.c.obj                  20      0         0      
       strlen.c.obj                  20      0         0      
       _lock.c.obj                   2       0         16     
       wcslen.c.obj                  18      0         0      
       errno.c.obj                   8       0         8      
       copy_decompress_none.c.obj    14      0         0      
       copy_zero_init.c.obj          12      0         0      
       pre_init.c.obj                4       0         0      
       div0.asm.obj                  2       0         0      
    +--+-----------------------------+-------+---------+---------+
       Total:                        10565   257       1888   
                                                              
       Heap:                         0       0         2048   
       Stack:                        0       0         1024   
       Linker Generated:             0       158       0      
    +--+-----------------------------+-------+---------+---------+
       Grand Total:                  32273   655       71472  


LINKER GENERATED COPY TABLES

__TI_cinit_table @ 000080a8 records: 2, size/record: 8, table size: 16
	.data: load addr=00008018, load size=0000007a bytes, run addr=20008738, run size=00000264 bytes, compression=lzss
	.bss: load addr=000080a0, load size=00000008 bytes, run addr=20000000, run size=00008334 bytes, compression=zero_init


LINKER GENERATED HANDLER TABLE

__TI_handler_table @ 00008094 records: 3, size/record: 4, table size: 12
	index: 0, handler: __TI_decompress_lzss
	index: 1, handler: __TI_decompress_none
	index: 2, handler: __TI_zero_init


GLOBAL SYMBOLS: SORTED ALPHABETICALLY BY Name 

address   name                               
-------   ----                               
00007ed5  ADC14_IRQHandler                   
00007ed5  AES256_IRQHandler                  
00007ed5  BusFault_Handler                   
00007f01  C$$EXIT                            
00007bff  C$$IO$$                            
00007ed5  COMP_E0_IRQHandler                 
00007ed5  COMP_E1_IRQHandler                 
00007ed5  CS_IRQHandler                      
00007ed5  DMA_ERR_IRQHandler                 
00007ed5  DMA_INT0_IRQHandler                
00007ed5  DMA_INT1_IRQHandler                
00007ed5  DMA_INT2_IRQHandler                
00007ed5  DMA_INT3_IRQHandler                
00007ed5  DebugMon_Handler                   
00007ed5  Default_Handler                    
00007ed5  EUSCIA0_IRQHandler                 
00007ed5  EUSCIA1_IRQHandler                 
00007ed5  EUSCIA2_IRQHandler                 
00007ed5  EUSCIA3_IRQHandler                 
00007ed5  EUSCIB0_IRQHandler                 
00007ed5  EUSCIB1_IRQHandler                 
00007ed5  EUSCIB2_IRQHandler                 
00007ed5  EUSCIB3_IRQHandler                 
00007ed5  FLCTL_IRQHandler                   
00007ed5  FPU_IRQHandler                     
00007a81  HOSTclose                          
0000748d  HOSTlseek                          
000076f1  HOSTopen                           
000077ad  HOSTread                           
000073b5  HOSTrename                         
00007ac5  HOSTunlink                         
00007805  HOSTwrite                          
00007ed5  HardFault_Handler                  
00007ed5  MemManage_Handler                  
00007ed5  NMI_Handler                        
00007ed5  PCM_IRQHandler                     
00007ed5  PORT1_IRQHandler                   
00007ed5  PORT2_IRQHandler                   
00007ed5  PORT3_IRQHandler                   
00007ed5  PORT4_IRQHandler                   
00007ed5  PORT5_IRQHandler                   
00007ed5  PORT6_IRQHandler                   
00007ed5  PSS_IRQHandler                     
00007ed5  PendSV_Handler                     
00007ed5  RTC_C_IRQHandler                   
00007ec9  Reset_Handler                      
00007ed5  SVC_Handler                        
00007ed5  SysTick_Handler                    
20008990  SystemCoreClock                    
00005925  SystemCoreClockUpdate              
00005b9d  SystemInit                         
00007ed5  T32_INT1_IRQHandler                
00007ed5  T32_INT2_IRQHandler                
00007ed5  T32_INTC_IRQHandler                
00007ed5  TA0_0_IRQHandler                   
00007ed5  TA0_N_IRQHandler                   
00007ed5  TA1_0_IRQHandler                   
00007ed5  TA1_N_IRQHandler                   
00007ed5  TA2_0_IRQHandler                   
00007ed5  TA2_N_IRQHandler                   
00007ed5  TA3_0_IRQHandler                   
00007ed5  TA3_N_IRQHandler                   
20008994  Task_mkII_s1_Handle                
20008998  Task_mkII_s2_Handle                
00007ed5  UsageFault_Handler                 
4000480c  WDTCTL_SYM                         
00007ed5  WDT_A_IRQHandler                   
20008000  __CIOBUF_                          
20010000  __STACK_END                        
00000200  __STACK_SIZE                       
00000400  __SYSMEM_SIZE                      
000080a8  __TI_CINIT_Base                    
000080b8  __TI_CINIT_Limit                   
00008094  __TI_Handler_Table_Base            
000080a0  __TI_Handler_Table_Limit           
00007b09  __TI_auto_init_nobinit_nopinit     
00007c41  __TI_cleanup                       
20008964  __TI_cleanup_ptr                   
00007261  __TI_closefile                     
000074f5  __TI_decompress_lzss               
00007ebb  __TI_decompress_none               
00007959  __TI_doflush                       
20008968  __TI_dtors_ptr                     
2000896c  __TI_enable_exit_profile_output    
20008954  __TI_ft_end                        
000078b3  __TI_ltoa                          
ffffffff  __TI_pprof_out_hndl                
00003a19  __TI_printfi                       
ffffffff  __TI_prof_data_size                
ffffffff  __TI_prof_data_start               
00007c75  __TI_readmsg                       
00000000  __TI_static_base__                 
200081e8  __TI_tmpnams                       
00007bd1  __TI_writemsg                      
0000768d  __TI_wrt_ok                        
00007ed7  __TI_zero_init                     
00007059  __aeabi_cdcmpeq                    
00007059  __aeabi_cdcmple                    
000070df  __aeabi_cdrcmple                   
00007a39  __aeabi_d2iz                       
000060c3  __aeabi_dadd                       
000063ad  __aeabi_ddiv                       
00006a55  __aeabi_dmul                       
000060b9  __aeabi_dsub                       
00007ee5  __aeabi_errno_addr                 
00007d0d  __aeabi_i2d                        
0000626f  __aeabi_idiv0                      
0000626f  __aeabi_ldiv0                      
000071e7  __aeabi_memclr                     
000071e7  __aeabi_memclr4                    
000071e7  __aeabi_memclr8                    
00006e9f  __aeabi_memcpy                     
00006e9f  __aeabi_memcpy4                    
00006e9f  __aeabi_memcpy8                    
000071e9  __aeabi_memset                     
000071e9  __aeabi_memset4                    
000071e9  __aeabi_memset8                    
20008960  __aeabi_stderr                     
20008958  __aeabi_stdin                      
2000895c  __aeabi_stdout                     
00006f3b  __aeabi_uldivmod                   
ffffffff  __binit__                          
ffffffff  __c_args__                         
UNDEFED   __mpu_init                         
2000fe00  __stack                            
20000000  __start___llvm_prf_cnts            
20000000  __stop___llvm_prf_cnts             
00007ca9  _c_int00_noargs                    
00007f04  _ctypes_                           
20008828  _device                            
20008738  _ftable                            
2000897c  _lock                              
00004467  _nop                               
200088a0  _stream                            
20008338  _sys_memory                        
UNDEFED   _system_post_cinit                 
00007efd  _system_pre_init                   
20008980  _unlock                            
00007f01  abort                              
00006955  aligned_alloc                      
000079a5  atoi                               
ffffffff  binit                              
00007751  close                              
00007e39  copysign                           
00007e39  copysignl                          
0000186b  eTaskConfirmSleepModeStatus        
000005a1  eTaskGetState                      
00004dfb  ece353_staff_MKII_RGB_LED          
00004d73  ece353_staff_MKII_S1               
00004d83  ece353_staff_MKII_S2               
00004d93  ece353_staff_RGB_LED               
00004eb1  ece353_staff_init                  
00004d4b  ece353_staff_led1                  
2000898c  errno                              
000079f1  exit                               
00007cdd  finddevice                         
00004d2d  fputc                              
00006731  fputs                              
00006b51  free                               
000075c5  frexp                              
000075c5  frexpl                             
00007629  fseek                              
00007b4d  getdevice                          
00000000  interruptVectors                   
00006845  ldexp                              
00006845  ldexpl                             
00007d91  lseek                              
00006fd1  main                               
00007eed  malloc                             
00006955  memalign                           
00007e1d  memccpy                            
00007de1  memchr                             
00006e9f  memcpy                             
000071ef  memset                             
2000832c  parmbuf                            
00000d95  pcTaskGetName                      
000046bf  pcTimerGetName                     
0000755d  printf                             
00005099  pvPortMalloc                       
00001907  pvTaskGetThreadLocalStoragePointer 
00001fa9  pvTaskIncrementMutexHeldCount      
00004af9  pvTimerGetTimerID                  
200088f0  pxCurrentTCB                       
000054ed  pxPortInitialiseStack              
00007d3d  remove                             
00006845  scalbn                             
00006845  scalbnl                            
00006c35  setvbuf                            
00007e6b  strchr                             
00007e53  strcmp                             
00007e81  strcpy                             
00007e95  strlen                             
00007c09  strncpy                            
00007421  task_mkII_s1                       
00007165  task_mkII_s2                       
0000372f  ucQueueGetQueueType                
00008008  ulMaxSyscallInterruptPriority      
00006d21  ulPortGetIPSR                      
00001fc1  ulTaskGenericNotifyTake            
000027b9  ulTaskGenericNotifyValueClear      
00007d3d  unlink                             
000065c5  uxListRemove                       
0000370f  uxQueueGetQueueNumber              
0000365d  uxQueueMessagesWaiting             
000036c1  uxQueueMessagesWaitingFromISR      
0000368d  uxQueueSpacesAvailable             
00000d85  uxTaskGetNumberOfTasks             
00000dd9  uxTaskGetSystemState               
000017d1  uxTaskGetTaskNumber                
0000067d  uxTaskPriorityGet                  
000006a5  uxTaskPriorityGetFromISR           
00001f83  uxTaskResetEventItemValue          
00004659  uxTimerGetReloadMode               
00004b55  uxTimerGetTimerNumber              
00008010  uxTopUsedPriority                  
00007013  vApplicationMallocFailedHook       
00007015  vApplicationStackOverflowHook      
000064e3  vListInitialise                    
00006513  vListInitialiseItem                
0000655f  vListInsert                        
00006523  vListInsertEnd                     
00006ddd  vPortEnableVFP                     
00005631  vPortEndScheduler                  
00005655  vPortEnterCritical                 
00005697  vPortExitCritical                  
0000522b  vPortFree                          
0000542d  vPortGetHeapStats                  
000052d1  vPortInitialiseBlocks              
00006d99  vPortSVCHandler                    
00005849  vPortSetupTimerInterrupt           
00006db9  vPortStartFirstTask                
000056f1  vPortSuppressTicksAndSleep         
00005891  vPortValidateInterruptPriority     
000036eb  vQueueDelete                       
0000371d  vQueueSetQueueNumber               
000039bd  vQueueWaitForMessageRestricted     
00000541  vTaskDelay                         
0000037d  vTaskDelete                        
00000b23  vTaskEndScheduler                  
000025a1  vTaskGenericNotifyGiveFromISR      
000019e1  vTaskGetInfo                       
000016f3  vTaskInternalSetTimeOutState       
000017c5  vTaskMissedYield                   
000012bf  vTaskPlaceOnEventList              
0000139d  vTaskPlaceOnEventListRestricted    
000012fd  vTaskPlaceOnUnorderedEventList     
00001e39  vTaskPriorityDisinheritAfterTimeout
000006e9  vTaskPrioritySet                   
00001581  vTaskRemoveFromUnorderedEventList  
000009c5  vTaskResume                        
00001129  vTaskSetApplicationTaskTag         
000017f5  vTaskSetTaskNumber                 
000018bf  vTaskSetThreadLocalStoragePointer  
000016c1  vTaskSetTimeOutState               
00000aa9  vTaskStartScheduler                
00000eb3  vTaskStepTick                      
00000869  vTaskSuspend                       
00000b3f  vTaskSuspendAll                    
000011f9  vTaskSwitchContext                 
0000460f  vTimerSetReloadMode                
00004b27  vTimerSetTimerID                   
00004b63  vTimerSetTimerNumber               
00007ea9  wcslen                             
00007db9  write                              
000052c5  xPortGetFreeHeapSize               
000052cb  xPortGetMinimumEverFreeHeapSize    
00006d39  xPortPendSVHandler                 
00005579  xPortStartScheduler                
000056c3  xPortSysTickHandler                
00002bb9  xQueueCreateCountingSemaphore      
00002ae5  xQueueCreateMutex                  
000029f5  xQueueGenericCreate                
000028f5  xQueueGenericReset                 
00002c05  xQueueGenericSend                  
00002db9  xQueueGenericSendFromISR           
00002ee5  xQueueGiveFromISR                  
00002b11  xQueueGiveMutexRecursive           
00003929  xQueueIsQueueEmptyFromISR          
00003983  xQueueIsQueueFullFromISR           
0000333d  xQueuePeek                         
000035b1  xQueuePeekFromISR                  
00002ff3  xQueueReceive                      
000034bb  xQueueReceiveFromISR               
0000316b  xQueueSemaphoreTake                
00002b61  xQueueTakeMutexRecursive           
000011bb  xTaskCallApplicationTaskHook       
00000ef1  xTaskCatchUpTicks                  
00001719  xTaskCheckForTimeOut               
000000e5  xTaskCreate                        
00000451  xTaskDelayUntil                    
00002161  xTaskGenericNotify                 
0000234b  xTaskGenericNotifyFromISR          
00002751  xTaskGenericNotifyStateClear       
00002079  xTaskGenericNotifyWait             
00001159  xTaskGetApplicationTaskTag         
00001181  xTaskGetApplicationTaskTagFromISR  
00001bb9  xTaskGetCurrentTaskHandle          
00001bc9  xTaskGetSchedulerState             
00000d61  xTaskGetTickCount                  
00000d71  xTaskGetTickCountFromISR           
00000f3d  xTaskIncrementTick                 
00001d27  xTaskPriorityDisinherit            
00001c11  xTaskPriorityInherit               
00001411  xTaskRemoveFromEventList           
00000bad  xTaskResumeAll                     
000044a9  xTimerCreate                       
00004469  xTimerCreateTimerTask              
00004547  xTimerGenericCommand               
00004695  xTimerGetExpiryTime                
000045e9  xTimerGetPeriod                    
000045c7  xTimerGetTimerDaemonTaskHandle     
00004ab9  xTimerIsTimerActive                


GLOBAL SYMBOLS: SORTED BY Symbol Address 

address   name                               
-------   ----                               
00000000  __TI_static_base__                 
00000000  interruptVectors                   
000000e5  xTaskCreate                        
00000200  __STACK_SIZE                       
0000037d  vTaskDelete                        
00000400  __SYSMEM_SIZE                      
00000451  xTaskDelayUntil                    
00000541  vTaskDelay                         
000005a1  eTaskGetState                      
0000067d  uxTaskPriorityGet                  
000006a5  uxTaskPriorityGetFromISR           
000006e9  vTaskPrioritySet                   
00000869  vTaskSuspend                       
000009c5  vTaskResume                        
00000aa9  vTaskStartScheduler                
00000b23  vTaskEndScheduler                  
00000b3f  vTaskSuspendAll                    
00000bad  xTaskResumeAll                     
00000d61  xTaskGetTickCount                  
00000d71  xTaskGetTickCountFromISR           
00000d85  uxTaskGetNumberOfTasks             
00000d95  pcTaskGetName                      
00000dd9  uxTaskGetSystemState               
00000eb3  vTaskStepTick                      
00000ef1  xTaskCatchUpTicks                  
00000f3d  xTaskIncrementTick                 
00001129  vTaskSetApplicationTaskTag         
00001159  xTaskGetApplicationTaskTag         
00001181  xTaskGetApplicationTaskTagFromISR  
000011bb  xTaskCallApplicationTaskHook       
000011f9  vTaskSwitchContext                 
000012bf  vTaskPlaceOnEventList              
000012fd  vTaskPlaceOnUnorderedEventList     
0000139d  vTaskPlaceOnEventListRestricted    
00001411  xTaskRemoveFromEventList           
00001581  vTaskRemoveFromUnorderedEventList  
000016c1  vTaskSetTimeOutState               
000016f3  vTaskInternalSetTimeOutState       
00001719  xTaskCheckForTimeOut               
000017c5  vTaskMissedYield                   
000017d1  uxTaskGetTaskNumber                
000017f5  vTaskSetTaskNumber                 
0000186b  eTaskConfirmSleepModeStatus        
000018bf  vTaskSetThreadLocalStoragePointer  
00001907  pvTaskGetThreadLocalStoragePointer 
000019e1  vTaskGetInfo                       
00001bb9  xTaskGetCurrentTaskHandle          
00001bc9  xTaskGetSchedulerState             
00001c11  xTaskPriorityInherit               
00001d27  xTaskPriorityDisinherit            
00001e39  vTaskPriorityDisinheritAfterTimeout
00001f83  uxTaskResetEventItemValue          
00001fa9  pvTaskIncrementMutexHeldCount      
00001fc1  ulTaskGenericNotifyTake            
00002079  xTaskGenericNotifyWait             
00002161  xTaskGenericNotify                 
0000234b  xTaskGenericNotifyFromISR          
000025a1  vTaskGenericNotifyGiveFromISR      
00002751  xTaskGenericNotifyStateClear       
000027b9  ulTaskGenericNotifyValueClear      
000028f5  xQueueGenericReset                 
000029f5  xQueueGenericCreate                
00002ae5  xQueueCreateMutex                  
00002b11  xQueueGiveMutexRecursive           
00002b61  xQueueTakeMutexRecursive           
00002bb9  xQueueCreateCountingSemaphore      
00002c05  xQueueGenericSend                  
00002db9  xQueueGenericSendFromISR           
00002ee5  xQueueGiveFromISR                  
00002ff3  xQueueReceive                      
0000316b  xQueueSemaphoreTake                
0000333d  xQueuePeek                         
000034bb  xQueueReceiveFromISR               
000035b1  xQueuePeekFromISR                  
0000365d  uxQueueMessagesWaiting             
0000368d  uxQueueSpacesAvailable             
000036c1  uxQueueMessagesWaitingFromISR      
000036eb  vQueueDelete                       
0000370f  uxQueueGetQueueNumber              
0000371d  vQueueSetQueueNumber               
0000372f  ucQueueGetQueueType                
00003929  xQueueIsQueueEmptyFromISR          
00003983  xQueueIsQueueFullFromISR           
000039bd  vQueueWaitForMessageRestricted     
00003a19  __TI_printfi                       
00004467  _nop                               
00004469  xTimerCreateTimerTask              
000044a9  xTimerCreate                       
00004547  xTimerGenericCommand               
000045c7  xTimerGetTimerDaemonTaskHandle     
000045e9  xTimerGetPeriod                    
0000460f  vTimerSetReloadMode                
00004659  uxTimerGetReloadMode               
00004695  xTimerGetExpiryTime                
000046bf  pcTimerGetName                     
00004ab9  xTimerIsTimerActive                
00004af9  pvTimerGetTimerID                  
00004b27  vTimerSetTimerID                   
00004b55  uxTimerGetTimerNumber              
00004b63  vTimerSetTimerNumber               
00004d2d  fputc                              
00004d4b  ece353_staff_led1                  
00004d73  ece353_staff_MKII_S1               
00004d83  ece353_staff_MKII_S2               
00004d93  ece353_staff_RGB_LED               
00004dfb  ece353_staff_MKII_RGB_LED          
00004eb1  ece353_staff_init                  
00005099  pvPortMalloc                       
0000522b  vPortFree                          
000052c5  xPortGetFreeHeapSize               
000052cb  xPortGetMinimumEverFreeHeapSize    
000052d1  vPortInitialiseBlocks              
0000542d  vPortGetHeapStats                  
000054ed  pxPortInitialiseStack              
00005579  xPortStartScheduler                
00005631  vPortEndScheduler                  
00005655  vPortEnterCritical                 
00005697  vPortExitCritical                  
000056c3  xPortSysTickHandler                
000056f1  vPortSuppressTicksAndSleep         
00005849  vPortSetupTimerInterrupt           
00005891  vPortValidateInterruptPriority     
00005925  SystemCoreClockUpdate              
00005b9d  SystemInit                         
000060b9  __aeabi_dsub                       
000060c3  __aeabi_dadd                       
0000626f  __aeabi_idiv0                      
0000626f  __aeabi_ldiv0                      
000063ad  __aeabi_ddiv                       
000064e3  vListInitialise                    
00006513  vListInitialiseItem                
00006523  vListInsertEnd                     
0000655f  vListInsert                        
000065c5  uxListRemove                       
00006731  fputs                              
00006845  ldexp                              
00006845  ldexpl                             
00006845  scalbn                             
00006845  scalbnl                            
00006955  aligned_alloc                      
00006955  memalign                           
00006a55  __aeabi_dmul                       
00006b51  free                               
00006c35  setvbuf                            
00006d21  ulPortGetIPSR                      
00006d39  xPortPendSVHandler                 
00006d99  vPortSVCHandler                    
00006db9  vPortStartFirstTask                
00006ddd  vPortEnableVFP                     
00006e9f  __aeabi_memcpy                     
00006e9f  __aeabi_memcpy4                    
00006e9f  __aeabi_memcpy8                    
00006e9f  memcpy                             
00006f3b  __aeabi_uldivmod                   
00006fd1  main                               
00007013  vApplicationMallocFailedHook       
00007015  vApplicationStackOverflowHook      
00007059  __aeabi_cdcmpeq                    
00007059  __aeabi_cdcmple                    
000070df  __aeabi_cdrcmple                   
00007165  task_mkII_s2                       
000071e7  __aeabi_memclr                     
000071e7  __aeabi_memclr4                    
000071e7  __aeabi_memclr8                    
000071e9  __aeabi_memset                     
000071e9  __aeabi_memset4                    
000071e9  __aeabi_memset8                    
000071ef  memset                             
00007261  __TI_closefile                     
000073b5  HOSTrename                         
00007421  task_mkII_s1                       
0000748d  HOSTlseek                          
000074f5  __TI_decompress_lzss               
0000755d  printf                             
000075c5  frexp                              
000075c5  frexpl                             
00007629  fseek                              
0000768d  __TI_wrt_ok                        
000076f1  HOSTopen                           
00007751  close                              
000077ad  HOSTread                           
00007805  HOSTwrite                          
000078b3  __TI_ltoa                          
00007959  __TI_doflush                       
000079a5  atoi                               
000079f1  exit                               
00007a39  __aeabi_d2iz                       
00007a81  HOSTclose                          
00007ac5  HOSTunlink                         
00007b09  __TI_auto_init_nobinit_nopinit     
00007b4d  getdevice                          
00007bd1  __TI_writemsg                      
00007bff  C$$IO$$                            
00007c09  strncpy                            
00007c41  __TI_cleanup                       
00007c75  __TI_readmsg                       
00007ca9  _c_int00_noargs                    
00007cdd  finddevice                         
00007d0d  __aeabi_i2d                        
00007d3d  remove                             
00007d3d  unlink                             
00007d91  lseek                              
00007db9  write                              
00007de1  memchr                             
00007e1d  memccpy                            
00007e39  copysign                           
00007e39  copysignl                          
00007e53  strcmp                             
00007e6b  strchr                             
00007e81  strcpy                             
00007e95  strlen                             
00007ea9  wcslen                             
00007ebb  __TI_decompress_none               
00007ec9  Reset_Handler                      
00007ed5  ADC14_IRQHandler                   
00007ed5  AES256_IRQHandler                  
00007ed5  BusFault_Handler                   
00007ed5  COMP_E0_IRQHandler                 
00007ed5  COMP_E1_IRQHandler                 
00007ed5  CS_IRQHandler                      
00007ed5  DMA_ERR_IRQHandler                 
00007ed5  DMA_INT0_IRQHandler                
00007ed5  DMA_INT1_IRQHandler                
00007ed5  DMA_INT2_IRQHandler                
00007ed5  DMA_INT3_IRQHandler                
00007ed5  DebugMon_Handler                   
00007ed5  Default_Handler                    
00007ed5  EUSCIA0_IRQHandler                 
00007ed5  EUSCIA1_IRQHandler                 
00007ed5  EUSCIA2_IRQHandler                 
00007ed5  EUSCIA3_IRQHandler                 
00007ed5  EUSCIB0_IRQHandler                 
00007ed5  EUSCIB1_IRQHandler                 
00007ed5  EUSCIB2_IRQHandler                 
00007ed5  EUSCIB3_IRQHandler                 
00007ed5  FLCTL_IRQHandler                   
00007ed5  FPU_IRQHandler                     
00007ed5  HardFault_Handler                  
00007ed5  MemManage_Handler                  
00007ed5  NMI_Handler                        
00007ed5  PCM_IRQHandler                     
00007ed5  PORT1_IRQHandler                   
00007ed5  PORT2_IRQHandler                   
00007ed5  PORT3_IRQHandler                   
00007ed5  PORT4_IRQHandler                   
00007ed5  PORT5_IRQHandler                   
00007ed5  PORT6_IRQHandler                   
00007ed5  PSS_IRQHandler                     
00007ed5  PendSV_Handler                     
00007ed5  RTC_C_IRQHandler                   
00007ed5  SVC_Handler                        
00007ed5  SysTick_Handler                    
00007ed5  T32_INT1_IRQHandler                
00007ed5  T32_INT2_IRQHandler                
00007ed5  T32_INTC_IRQHandler                
00007ed5  TA0_0_IRQHandler                   
00007ed5  TA0_N_IRQHandler                   
00007ed5  TA1_0_IRQHandler                   
00007ed5  TA1_N_IRQHandler                   
00007ed5  TA2_0_IRQHandler                   
00007ed5  TA2_N_IRQHandler                   
00007ed5  TA3_0_IRQHandler                   
00007ed5  TA3_N_IRQHandler                   
00007ed5  UsageFault_Handler                 
00007ed5  WDT_A_IRQHandler                   
00007ed7  __TI_zero_init                     
00007ee5  __aeabi_errno_addr                 
00007eed  malloc                             
00007efd  _system_pre_init                   
00007f01  C$$EXIT                            
00007f01  abort                              
00007f04  _ctypes_                           
00008008  ulMaxSyscallInterruptPriority      
00008010  uxTopUsedPriority                  
00008094  __TI_Handler_Table_Base            
000080a0  __TI_Handler_Table_Limit           
000080a8  __TI_CINIT_Base                    
000080b8  __TI_CINIT_Limit                   
20000000  __start___llvm_prf_cnts            
20000000  __stop___llvm_prf_cnts             
20008000  __CIOBUF_                          
200081e8  __TI_tmpnams                       
2000832c  parmbuf                            
20008338  _sys_memory                        
20008738  _ftable                            
20008828  _device                            
200088a0  _stream                            
200088f0  pxCurrentTCB                       
20008954  __TI_ft_end                        
20008958  __aeabi_stdin                      
2000895c  __aeabi_stdout                     
20008960  __aeabi_stderr                     
20008964  __TI_cleanup_ptr                   
20008968  __TI_dtors_ptr                     
2000896c  __TI_enable_exit_profile_output    
2000897c  _lock                              
20008980  _unlock                            
2000898c  errno                              
20008990  SystemCoreClock                    
20008994  Task_mkII_s1_Handle                
20008998  Task_mkII_s2_Handle                
2000fe00  __stack                            
20010000  __STACK_END                        
4000480c  WDTCTL_SYM                         
ffffffff  __TI_pprof_out_hndl                
ffffffff  __TI_prof_data_size                
ffffffff  __TI_prof_data_start               
ffffffff  __binit__                          
ffffffff  __c_args__                         
ffffffff  binit                              
UNDEFED   __mpu_init                         
UNDEFED   _system_post_cinit                 

[312 symbols]
